******************************************************************************
                  MSP430 Linker PC v18.1.1                     
******************************************************************************
>> Linked Fri Sep 14 12:04:25 2018

OUTPUT FILE NAME:   <Lab0.out>
ENTRY POINT SYMBOL: "_c_int00_noargs"  address: 00009270


MEMORY CONFIGURATION

         name            origin    length      used     unused   attr    fill
----------------------  --------  ---------  --------  --------  ----  --------
  SFR                   00000000   00000010  00000000  00000010  RWIX
  PERIPHERALS_8BIT      00000010   000000f0  00000000  000000f0  RWIX
  PERIPHERALS_16BIT     00000100   00000100  00000000  00000100  RWIX
  RAM                   00000200   00000400  000000ec  00000314  RWIX
  INFOD                 00001000   00000040  00000000  00000040  RWIX
  INFOC                 00001040   00000040  00000000  00000040  RWIX
  INFOB                 00001080   00000040  00000000  00000040  RWIX
  INFOA                 000010c0   00000040  00000000  00000040  RWIX
  FLASH                 00008000   00007fde  00001346  00006c98  RWIX
  INT00                 0000ffe0   00000002  00000000  00000002  RWIX
  INT01                 0000ffe2   00000002  00000000  00000002  RWIX
  INT02                 0000ffe4   00000002  00000002  00000000  RWIX
  INT03                 0000ffe6   00000002  00000002  00000000  RWIX
  INT04                 0000ffe8   00000002  00000000  00000002  RWIX
  INT05                 0000ffea   00000002  00000002  00000000  RWIX
  INT06                 0000ffec   00000002  00000002  00000000  RWIX
  INT07                 0000ffee   00000002  00000002  00000000  RWIX
  INT08                 0000fff0   00000002  00000002  00000000  RWIX
  INT09                 0000fff2   00000002  00000002  00000000  RWIX
  INT10                 0000fff4   00000002  00000002  00000000  RWIX
  INT11                 0000fff6   00000002  00000000  00000002  RWIX
  INT12                 0000fff8   00000002  00000002  00000000  RWIX
  INT13                 0000fffa   00000002  00000002  00000000  RWIX
  INT14                 0000fffc   00000002  00000002  00000000  RWIX
  RESET                 0000fffe   00000002  00000002  00000000  RWIX


SECTION ALLOCATION MAP

 output                                  attributes/
section   page    origin      length       input sections
--------  ----  ----------  ----------   ----------------
.bss       0    00000200    00000082     UNINITIALIZED
                  00000200    00000034     (.common:rxbuff)
                  00000234    00000034     (.common:txbuff)
                  00000268    0000001a     (.common:printbuff)

.data      0    00000282    0000001a     UNINITIALIZED
                  00000282    00000014     user_Lab0 - Copy.obj (.data)
                  00000296    00000006     UARTFuncs.obj (.data)

.stack     0    000005b0    00000050     UNINITIALIZED
                  000005b0    00000002     rts430_eabi.lib : boot.c.obj (.stack)
                  000005b2    0000004e     --HOLE--

.text      0    00008000    00001328     
                  00008000    00000478     rts430_eabi.lib : frcdivd.c.obj (.text:__TI_frcdivd)
                  00008478    00000238                     : divd.c.obj (.text:__mspabi_divd)
                  000086b0    00000132                     : fs_add.asm.obj (.text)
                  000087e2    00000120     UARTFuncs.obj (.text:Init_UART)
                  00008902    00000104     user_Lab0 - Copy.obj (.text:main)
                  00008a06    000000c4     rts430_eabi.lib : fs_mpy.asm.obj (.text)
                  00008aca    0000008c                     : cvtdf.c.obj (.text:__mspabi_cvtdf)
                  00008b56    0000008a                     : fltuld.c.obj (.text:__mspabi_fltuld)
                  00008be0    00000082     user_Lab0 - Copy.obj (.text:USCI0TX_ISR)
                  00008c62    0000007c     rts430_eabi.lib : copy_decompress_lzss.c.obj (.text:decompress:lzss:__TI_decompress_lzss)
                  00008cde    00000076     user_Lab0 - Copy.obj (.text:USCI0RX_ISR)
                  00008d54    00000074     UARTFuncs.obj (.text:UART_send)
                  00008dc8    00000072     rts430_eabi.lib : cvtfd.c.obj (.text:__mspabi_cvtfd)
                  00008e3a    00000068                     : fs_toi.asm.obj (.text)
                  00008ea2    0000005c                     : lsr32.asm.obj (.text:l_lsr_const)
                  00008efe    0000004e     UARTFuncs.obj (.text:my_scanf)
                  00008f4c    0000004c     rts430_eabi.lib : lsr16.asm.obj (.text)
                  00008f98    0000004a                     : fs_cmp.asm.obj (.text)
                  00008fe2    00000046                     : fs_tou.asm.obj (.text)
                  00009028    00000044     UARTFuncs.obj (.text:float2chars)
                  0000906c    00000042     rts430_eabi.lib : autoinit.c.obj (.text:__TI_auto_init_nobinit_nopinit:__TI_auto_init_nobinit_nopinit)
                  000090ae    00000042     UARTFuncs.obj (.text:chars2float)
                  000090f0    0000003e     rts430_eabi.lib : asr32.asm.obj (.text:l_asr_const)
                  0000912e    0000003e                     : lsl32.asm.obj (.text:l_lsl_const)
                  0000916c    00000036                     : fs_itof.asm.obj (.text)
                  000091a2    0000002c                     : asr16.asm.obj (.text)
                  000091ce    0000002c                     : div16s.asm.obj (.text)
                  000091fa    0000002c                     : lsl16.asm.obj (.text)
                  00009226    00000026                     : mult32.asm.obj (.text)
                  0000924c    00000024                     : fs_utof.asm.obj (.text)
                  00009270    0000001c                     : boot.c.obj (.text:_c_int00_noargs)
                  0000928c    00000016     user_Lab0 - Copy.obj (.text:Timer_A)
                  000092a2    00000016     rts430_eabi.lib : div16u.asm.obj (.text)
                  000092b8    00000014                     : copy_zero_init.c.obj (.text:decompress:ZI:__TI_zero_init_nomemset:__TI_zero_init_nomemset)
                  000092cc    00000014                     : mult16.asm.obj (.text)
                  000092e0    00000012                     : copy_decompress_none.c.obj (.text:decompress:none:__TI_decompress_none)
                  000092f2    00000012                     : memcpy.c.obj (.text:memcpy)
                  00009304    00000010                     : epilog.asm.obj (.text)
                  00009314    00000008                     : isr_trap.asm.obj (.text:_isr:__TI_ISR_TRAP)
                  0000931c    00000006                     : exit.c.obj (.text:abort)
                  00009322    00000004                     : pre_init.c.obj (.text:_system_pre_init)
                  00009326    00000002                     : startup.c.obj (.text:_system_post_cinit)

.cinit     0    00009328    0000001e     
                  00009328    0000000b     (.cinit..data.load) [load image, compression = lzss]
                  00009333    00000001     --HOLE-- [fill = 0]
                  00009334    00000006     (__TI_handler_table)
                  0000933a    00000004     (.cinit..bss.load) [load image, compression = zero_init]
                  0000933e    00000008     (__TI_cinit_table)

.init_array 
*          0    00008000    00000000     UNINITIALIZED

PORT1      0    0000ffe4    00000002     
                  0000ffe4    00000002     rts430_eabi.lib : int02.asm.obj (.int02)

PORT2      0    0000ffe6    00000002     
                  0000ffe6    00000002     rts430_eabi.lib : int03.asm.obj (.int03)

ADC10      0    0000ffea    00000002     
                  0000ffea    00000002     rts430_eabi.lib : int05.asm.obj (.int05)

USCIAB0TX 
*          0    0000ffec    00000002     
                  0000ffec    00000002     user_Lab0 - Copy.obj (.int06)

USCIAB0RX 
*          0    0000ffee    00000002     
                  0000ffee    00000002     user_Lab0 - Copy.obj (.int07)

TIMERA1    0    0000fff0    00000002     
                  0000fff0    00000002     rts430_eabi.lib : int08.asm.obj (.int08)

TIMERA0    0    0000fff2    00000002     
                  0000fff2    00000002     user_Lab0 - Copy.obj (.int09)

WDT        0    0000fff4    00000002     
                  0000fff4    00000002     rts430_eabi.lib : int10.asm.obj (.int10)

TIMERB1    0    0000fff8    00000002     
                  0000fff8    00000002     rts430_eabi.lib : int12.asm.obj (.int12)

TIMERB0    0    0000fffa    00000002     
                  0000fffa    00000002     rts430_eabi.lib : int13.asm.obj (.int13)

NMI        0    0000fffc    00000002     
                  0000fffc    00000002     rts430_eabi.lib : int14.asm.obj (.int14)

.reset     0    0000fffe    00000002     
                  0000fffe    00000002     rts430_eabi.lib : boot.c.obj (.reset)

MODULE SUMMARY

       Module                       code   ro data   rw data
       ------                       ----   -------   -------
    .\
       UARTFuncs.obj                616    0         136    
       user_Lab0 - Copy.obj         530    6         20     
    +--+----------------------------+------+---------+---------+
       Total:                       1146   6         156    
                                                            
    C:\CCStudio_v8\ccsv8\tools\compiler\ti-cgt-msp430_18.1.1.LTS\lib\rts430_eabi.lib
       frcdivd.c.obj                1144   0         0      
       divd.c.obj                   568    0         0      
       fs_add.asm.obj               306    0         0      
       fs_mpy.asm.obj               196    0         0      
       cvtdf.c.obj                  140    0         0      
       fltuld.c.obj                 138    0         0      
       copy_decompress_lzss.c.obj   124    0         0      
       cvtfd.c.obj                  114    0         0      
       fs_toi.asm.obj               104    0         0      
       lsr32.asm.obj                92     0         0      
       lsr16.asm.obj                76     0         0      
       fs_cmp.asm.obj               74     0         0      
       fs_tou.asm.obj               70     0         0      
       autoinit.c.obj               66     0         0      
       asr32.asm.obj                62     0         0      
       lsl32.asm.obj                62     0         0      
       fs_itof.asm.obj              54     0         0      
       asr16.asm.obj                44     0         0      
       div16s.asm.obj               44     0         0      
       lsl16.asm.obj                44     0         0      
       mult32.asm.obj               38     0         0      
       fs_utof.asm.obj              36     0         0      
       boot.c.obj                   28     2         0      
       div16u.asm.obj               22     0         0      
       copy_zero_init.c.obj         20     0         0      
       mult16.asm.obj               20     0         0      
       copy_decompress_none.c.obj   18     0         0      
       memcpy.c.obj                 18     0         0      
       epilog.asm.obj               16     0         0      
       isr_trap.asm.obj             8      0         0      
       exit.c.obj                   6      0         0      
       pre_init.c.obj               4      0         0      
       int02.asm.obj                0      2         0      
       int03.asm.obj                0      2         0      
       int05.asm.obj                0      2         0      
       int08.asm.obj                0      2         0      
       int10.asm.obj                0      2         0      
       int12.asm.obj                0      2         0      
       int13.asm.obj                0      2         0      
       int14.asm.obj                0      2         0      
       startup.c.obj                2      0         0      
    +--+----------------------------+------+---------+---------+
       Total:                       3758   18        0      
                                                            
       Stack:                       0      0         80     
       Linker Generated:            0      29        0      
    +--+----------------------------+------+---------+---------+
       Grand Total:                 4904   53        236    


LINKER GENERATED COPY TABLES

__TI_cinit_table @ 0000933e records: 2, size/record: 4, table size: 8
	.data: load addr=00009328, load size=0000000b bytes, run addr=00000282, run size=0000001a bytes, compression=lzss
	.bss: load addr=0000933a, load size=00000004 bytes, run addr=00000200, run size=00000082 bytes, compression=zero_init


LINKER GENERATED HANDLER TABLE

__TI_handler_table @ 00009334 records: 3, size/record: 2, table size: 6
	index: 0, handler: __TI_zero_init
	index: 1, handler: __TI_decompress_lzss
	index: 2, handler: __TI_decompress_none


GLOBAL SYMBOLS: SORTED ALPHABETICALLY BY Name 

address   name                          
-------   ----                          
0000004a  ADC10AE0                      
0000004b  ADC10AE1                      
000001b0  ADC10CTL0                     
000001b2  ADC10CTL1                     
00000048  ADC10DTC0                     
00000049  ADC10DTC1                     
000001b4  ADC10MEM                      
000001bc  ADC10SA                       
00000057  BCSCTL1                       
00000058  BCSCTL2                       
00000053  BCSCTL3                       
0000931c  C$$EXIT                       
000010fb  CALBC1_12MHZ                  
000010f9  CALBC1_16MHZ                  
000010ff  CALBC1_1MHZ                   
000010fd  CALBC1_8MHZ                   
000010fa  CALDCO_12MHZ                  
000010f8  CALDCO_16MHZ                  
000010fe  CALDCO_1MHZ                   
000010fc  CALDCO_8MHZ                   
00000056  DCOCTL                        
00000128  FCTL1                         
0000012a  FCTL2                         
0000012c  FCTL3                         
00000000  IE1                           
00000001  IE2                           
00000002  IFG1                          
00000003  IFG2                          
000087e2  Init_UART                     
00000022  P1DIR                         
00000025  P1IE                          
00000024  P1IES                         
00000023  P1IFG                         
00000020  P1IN                          
00000021  P1OUT                         
00000027  P1REN                         
00000026  P1SEL                         
0000002a  P2DIR                         
0000002d  P2IE                          
0000002c  P2IES                         
0000002b  P2IFG                         
00000028  P2IN                          
00000029  P2OUT                         
0000002f  P2REN                         
0000002e  P2SEL                         
0000001a  P3DIR                         
00000018  P3IN                          
00000019  P3OUT                         
00000010  P3REN                         
0000001b  P3SEL                         
0000001e  P4DIR                         
0000001c  P4IN                          
0000001d  P4OUT                         
00000011  P4REN                         
0000001f  P4SEL                         
00000172  TACCR0                        
00000174  TACCR1                        
00000176  TACCR2                        
00000162  TACCTL0                       
00000164  TACCTL1                       
00000166  TACCTL2                       
00000160  TACTL                         
0000012e  TAIV                          
00000170  TAR                           
00000192  TBCCR0                        
00000194  TBCCR1                        
00000196  TBCCR2                        
00000182  TBCCTL0                       
00000184  TBCCTL1                       
00000186  TBCCTL2                       
00000180  TBCTL                         
0000011e  TBIV                          
00000190  TBR                           
0000928c  Timer_A                       
0000029b  UART_flag                     
00008d54  UART_send                     
0000005d  UCA0ABCTL                     
00000062  UCA0BR0                       
00000063  UCA0BR1                       
00000060  UCA0CTL0                      
00000061  UCA0CTL1                      
0000005f  UCA0IRRCTL                    
0000005e  UCA0IRTCTL                    
00000064  UCA0MCTL                      
00000066  UCA0RXBUF                     
00000065  UCA0STAT                      
00000067  UCA0TXBUF                     
0000006a  UCB0BR0                       
0000006b  UCB0BR1                       
00000068  UCB0CTL0                      
00000069  UCB0CTL1                      
0000006c  UCB0I2CIE                     
00000118  UCB0I2COA                     
0000011a  UCB0I2CSA                     
0000006e  UCB0RXBUF                     
0000006d  UCB0STAT                      
0000006f  UCB0TXBUF                     
00008cde  USCI0RX_ISR                   
00008be0  USCI0TX_ISR                   
00000120  WDTCTL                        
00000600  __STACK_END                   
00000050  __STACK_SIZE                  
0000933e  __TI_CINIT_Base               
00009346  __TI_CINIT_Limit              
00009334  __TI_Handler_Table_Base       
0000933a  __TI_Handler_Table_Limit      
00009314  __TI_ISR_TRAP                 
0000906c  __TI_auto_init_nobinit_nopinit
00008c62  __TI_decompress_lzss          
000092e0  __TI_decompress_none          
00008000  __TI_frcdivd                  
0000ffe4  __TI_int02                    
0000ffe6  __TI_int03                    
0000ffea  __TI_int05                    
0000ffec  __TI_int06                    
0000ffee  __TI_int07                    
0000fff0  __TI_int08                    
0000fff2  __TI_int09                    
0000fff4  __TI_int10                    
0000fff8  __TI_int12                    
0000fffa  __TI_int13                    
0000fffc  __TI_int14                    
ffffffff  __TI_pprof_out_hndl           
ffffffff  __TI_prof_data_size           
ffffffff  __TI_prof_data_start          
000092b8  __TI_zero_init_nomemset       
ffffffff  __c_args__                    
000086b6  __mspabi_addf                 
00008f98  __mspabi_cmpf                 
00008aca  __mspabi_cvtdf                
00008dc8  __mspabi_cvtfd                
00008478  __mspabi_divd                 
000091ce  __mspabi_divi                 
000092a2  __mspabi_divu                 
00008e3a  __mspabi_fixfi                
00008fe2  __mspabi_fixfu                
0000916c  __mspabi_fltif                
0000924c  __mspabi_fltuf                
00008b56  __mspabi_fltuld               
00009310  __mspabi_func_epilog_1        
0000930e  __mspabi_func_epilog_2        
0000930c  __mspabi_func_epilog_3        
0000930a  __mspabi_func_epilog_4        
00009308  __mspabi_func_epilog_5        
00009306  __mspabi_func_epilog_6        
00009304  __mspabi_func_epilog_7        
00008a06  __mspabi_mpyf                 
000092cc  __mspabi_mpyi                 
000092cc  __mspabi_mpyi_sw              
00009226  __mspabi_mpyl                 
00009226  __mspabi_mpyl_sw              
000091ce  __mspabi_remi                 
000092a2  __mspabi_remu                 
000091fa  __mspabi_slli                 
00009222  __mspabi_slli_1               
00009210  __mspabi_slli_10              
0000920e  __mspabi_slli_11              
0000920c  __mspabi_slli_12              
0000920a  __mspabi_slli_13              
00009208  __mspabi_slli_14              
00009206  __mspabi_slli_15              
00009220  __mspabi_slli_2               
0000921e  __mspabi_slli_3               
0000921c  __mspabi_slli_4               
0000921a  __mspabi_slli_5               
00009218  __mspabi_slli_6               
00009216  __mspabi_slli_7               
00009214  __mspabi_slli_8               
00009212  __mspabi_slli_9               
00009166  __mspabi_slll_1               
00009142  __mspabi_slll_10              
0000913e  __mspabi_slll_11              
0000913a  __mspabi_slll_12              
00009136  __mspabi_slll_13              
00009132  __mspabi_slll_14              
0000912e  __mspabi_slll_15              
00009162  __mspabi_slll_2               
0000915e  __mspabi_slll_3               
0000915a  __mspabi_slll_4               
00009156  __mspabi_slll_5               
00009152  __mspabi_slll_6               
0000914e  __mspabi_slll_7               
0000914a  __mspabi_slll_8               
00009146  __mspabi_slll_9               
000091a2  __mspabi_srai                 
000091ca  __mspabi_srai_1               
000091b8  __mspabi_srai_10              
000091b6  __mspabi_srai_11              
000091b4  __mspabi_srai_12              
000091b2  __mspabi_srai_13              
000091b0  __mspabi_srai_14              
000091ae  __mspabi_srai_15              
000091c8  __mspabi_srai_2               
000091c6  __mspabi_srai_3               
000091c4  __mspabi_srai_4               
000091c2  __mspabi_srai_5               
000091c0  __mspabi_srai_6               
000091be  __mspabi_srai_7               
000091bc  __mspabi_srai_8               
000091ba  __mspabi_srai_9               
00009128  __mspabi_sral_1               
00009104  __mspabi_sral_10              
00009100  __mspabi_sral_11              
000090fc  __mspabi_sral_12              
000090f8  __mspabi_sral_13              
000090f4  __mspabi_sral_14              
000090f0  __mspabi_sral_15              
00009124  __mspabi_sral_2               
00009120  __mspabi_sral_3               
0000911c  __mspabi_sral_4               
00009118  __mspabi_sral_5               
00009114  __mspabi_sral_6               
00009110  __mspabi_sral_7               
0000910c  __mspabi_sral_8               
00009108  __mspabi_sral_9               
00008f4c  __mspabi_srli                 
00008f92  __mspabi_srli_1               
00008f6e  __mspabi_srli_10              
00008f6a  __mspabi_srli_11              
00008f66  __mspabi_srli_12              
00008f62  __mspabi_srli_13              
00008f5e  __mspabi_srli_14              
00008f5a  __mspabi_srli_15              
00008f8e  __mspabi_srli_2               
00008f8a  __mspabi_srli_3               
00008f86  __mspabi_srli_4               
00008f82  __mspabi_srli_5               
00008f7e  __mspabi_srli_6               
00008f7a  __mspabi_srli_7               
00008f76  __mspabi_srli_8               
00008f72  __mspabi_srli_9               
00008ef6  __mspabi_srll_1               
00008ec0  __mspabi_srll_10              
00008eba  __mspabi_srll_11              
00008eb4  __mspabi_srll_12              
00008eae  __mspabi_srll_13              
00008ea8  __mspabi_srll_14              
00008ea2  __mspabi_srll_15              
00008ef0  __mspabi_srll_2               
00008eea  __mspabi_srll_3               
00008ee4  __mspabi_srll_4               
00008ede  __mspabi_srll_5               
00008ed8  __mspabi_srll_6               
00008ed2  __mspabi_srll_7               
00008ecc  __mspabi_srll_8               
00008ec6  __mspabi_srll_9               
000086b0  __mspabi_subf                 
00009270  _c_int00_noargs               
0000fffe  _reset_vector                 
000005b0  _stack                        
00009326  _system_post_cinit            
00009322  _system_pre_init              
0000931c  abort                         
000090ae  chars2float                   
00000298  currentindex                  
00000296  donesending                   
0000028c  fastcnt                       
00009028  float2chars                   
00008902  main                          
000092f2  memcpy                        
00000282  msgindex                      
00008efe  my_scanf                      
00000285  newmsg                        
00000286  newprint                      
00000268  printbuff                     
0000029a  printf_flag                   
00000200  rxbuff                        
00000299  senddone                      
00000284  started                       
0000028e  temp                          
00000292  temp1                         
00000288  timecnt                       
0000028a  timecnt1                      
00000234  txbuff                        
00000297  txcount                       
00000283  txindex                       


GLOBAL SYMBOLS: SORTED BY Symbol Address 

address   name                          
-------   ----                          
00000000  IE1                           
00000001  IE2                           
00000002  IFG1                          
00000003  IFG2                          
00000010  P3REN                         
00000011  P4REN                         
00000018  P3IN                          
00000019  P3OUT                         
0000001a  P3DIR                         
0000001b  P3SEL                         
0000001c  P4IN                          
0000001d  P4OUT                         
0000001e  P4DIR                         
0000001f  P4SEL                         
00000020  P1IN                          
00000021  P1OUT                         
00000022  P1DIR                         
00000023  P1IFG                         
00000024  P1IES                         
00000025  P1IE                          
00000026  P1SEL                         
00000027  P1REN                         
00000028  P2IN                          
00000029  P2OUT                         
0000002a  P2DIR                         
0000002b  P2IFG                         
0000002c  P2IES                         
0000002d  P2IE                          
0000002e  P2SEL                         
0000002f  P2REN                         
00000048  ADC10DTC0                     
00000049  ADC10DTC1                     
0000004a  ADC10AE0                      
0000004b  ADC10AE1                      
00000050  __STACK_SIZE                  
00000053  BCSCTL3                       
00000056  DCOCTL                        
00000057  BCSCTL1                       
00000058  BCSCTL2                       
0000005d  UCA0ABCTL                     
0000005e  UCA0IRTCTL                    
0000005f  UCA0IRRCTL                    
00000060  UCA0CTL0                      
00000061  UCA0CTL1                      
00000062  UCA0BR0                       
00000063  UCA0BR1                       
00000064  UCA0MCTL                      
00000065  UCA0STAT                      
00000066  UCA0RXBUF                     
00000067  UCA0TXBUF                     
00000068  UCB0CTL0                      
00000069  UCB0CTL1                      
0000006a  UCB0BR0                       
0000006b  UCB0BR1                       
0000006c  UCB0I2CIE                     
0000006d  UCB0STAT                      
0000006e  UCB0RXBUF                     
0000006f  UCB0TXBUF                     
00000118  UCB0I2COA                     
0000011a  UCB0I2CSA                     
0000011e  TBIV                          
00000120  WDTCTL                        
00000128  FCTL1                         
0000012a  FCTL2                         
0000012c  FCTL3                         
0000012e  TAIV                          
00000160  TACTL                         
00000162  TACCTL0                       
00000164  TACCTL1                       
00000166  TACCTL2                       
00000170  TAR                           
00000172  TACCR0                        
00000174  TACCR1                        
00000176  TACCR2                        
00000180  TBCTL                         
00000182  TBCCTL0                       
00000184  TBCCTL1                       
00000186  TBCCTL2                       
00000190  TBR                           
00000192  TBCCR0                        
00000194  TBCCR1                        
00000196  TBCCR2                        
000001b0  ADC10CTL0                     
000001b2  ADC10CTL1                     
000001b4  ADC10MEM                      
000001bc  ADC10SA                       
00000200  rxbuff                        
00000234  txbuff                        
00000268  printbuff                     
00000282  msgindex                      
00000283  txindex                       
00000284  started                       
00000285  newmsg                        
00000286  newprint                      
00000288  timecnt                       
0000028a  timecnt1                      
0000028c  fastcnt                       
0000028e  temp                          
00000292  temp1                         
00000296  donesending                   
00000297  txcount                       
00000298  currentindex                  
00000299  senddone                      
0000029a  printf_flag                   
0000029b  UART_flag                     
000005b0  _stack                        
00000600  __STACK_END                   
000010f8  CALDCO_16MHZ                  
000010f9  CALBC1_16MHZ                  
000010fa  CALDCO_12MHZ                  
000010fb  CALBC1_12MHZ                  
000010fc  CALDCO_8MHZ                   
000010fd  CALBC1_8MHZ                   
000010fe  CALDCO_1MHZ                   
000010ff  CALBC1_1MHZ                   
00008000  __TI_frcdivd                  
00008478  __mspabi_divd                 
000086b0  __mspabi_subf                 
000086b6  __mspabi_addf                 
000087e2  Init_UART                     
00008902  main                          
00008a06  __mspabi_mpyf                 
00008aca  __mspabi_cvtdf                
00008b56  __mspabi_fltuld               
00008be0  USCI0TX_ISR                   
00008c62  __TI_decompress_lzss          
00008cde  USCI0RX_ISR                   
00008d54  UART_send                     
00008dc8  __mspabi_cvtfd                
00008e3a  __mspabi_fixfi                
00008ea2  __mspabi_srll_15              
00008ea8  __mspabi_srll_14              
00008eae  __mspabi_srll_13              
00008eb4  __mspabi_srll_12              
00008eba  __mspabi_srll_11              
00008ec0  __mspabi_srll_10              
00008ec6  __mspabi_srll_9               
00008ecc  __mspabi_srll_8               
00008ed2  __mspabi_srll_7               
00008ed8  __mspabi_srll_6               
00008ede  __mspabi_srll_5               
00008ee4  __mspabi_srll_4               
00008eea  __mspabi_srll_3               
00008ef0  __mspabi_srll_2               
00008ef6  __mspabi_srll_1               
00008efe  my_scanf                      
00008f4c  __mspabi_srli                 
00008f5a  __mspabi_srli_15              
00008f5e  __mspabi_srli_14              
00008f62  __mspabi_srli_13              
00008f66  __mspabi_srli_12              
00008f6a  __mspabi_srli_11              
00008f6e  __mspabi_srli_10              
00008f72  __mspabi_srli_9               
00008f76  __mspabi_srli_8               
00008f7a  __mspabi_srli_7               
00008f7e  __mspabi_srli_6               
00008f82  __mspabi_srli_5               
00008f86  __mspabi_srli_4               
00008f8a  __mspabi_srli_3               
00008f8e  __mspabi_srli_2               
00008f92  __mspabi_srli_1               
00008f98  __mspabi_cmpf                 
00008fe2  __mspabi_fixfu                
00009028  float2chars                   
0000906c  __TI_auto_init_nobinit_nopinit
000090ae  chars2float                   
000090f0  __mspabi_sral_15              
000090f4  __mspabi_sral_14              
000090f8  __mspabi_sral_13              
000090fc  __mspabi_sral_12              
00009100  __mspabi_sral_11              
00009104  __mspabi_sral_10              
00009108  __mspabi_sral_9               
0000910c  __mspabi_sral_8               
00009110  __mspabi_sral_7               
00009114  __mspabi_sral_6               
00009118  __mspabi_sral_5               
0000911c  __mspabi_sral_4               
00009120  __mspabi_sral_3               
00009124  __mspabi_sral_2               
00009128  __mspabi_sral_1               
0000912e  __mspabi_slll_15              
00009132  __mspabi_slll_14              
00009136  __mspabi_slll_13              
0000913a  __mspabi_slll_12              
0000913e  __mspabi_slll_11              
00009142  __mspabi_slll_10              
00009146  __mspabi_slll_9               
0000914a  __mspabi_slll_8               
0000914e  __mspabi_slll_7               
00009152  __mspabi_slll_6               
00009156  __mspabi_slll_5               
0000915a  __mspabi_slll_4               
0000915e  __mspabi_slll_3               
00009162  __mspabi_slll_2               
00009166  __mspabi_slll_1               
0000916c  __mspabi_fltif                
000091a2  __mspabi_srai                 
000091ae  __mspabi_srai_15              
000091b0  __mspabi_srai_14              
000091b2  __mspabi_srai_13              
000091b4  __mspabi_srai_12              
000091b6  __mspabi_srai_11              
000091b8  __mspabi_srai_10              
000091ba  __mspabi_srai_9               
000091bc  __mspabi_srai_8               
000091be  __mspabi_srai_7               
000091c0  __mspabi_srai_6               
000091c2  __mspabi_srai_5               
000091c4  __mspabi_srai_4               
000091c6  __mspabi_srai_3               
000091c8  __mspabi_srai_2               
000091ca  __mspabi_srai_1               
000091ce  __mspabi_divi                 
000091ce  __mspabi_remi                 
000091fa  __mspabi_slli                 
00009206  __mspabi_slli_15              
00009208  __mspabi_slli_14              
0000920a  __mspabi_slli_13              
0000920c  __mspabi_slli_12              
0000920e  __mspabi_slli_11              
00009210  __mspabi_slli_10              
00009212  __mspabi_slli_9               
00009214  __mspabi_slli_8               
00009216  __mspabi_slli_7               
00009218  __mspabi_slli_6               
0000921a  __mspabi_slli_5               
0000921c  __mspabi_slli_4               
0000921e  __mspabi_slli_3               
00009220  __mspabi_slli_2               
00009222  __mspabi_slli_1               
00009226  __mspabi_mpyl                 
00009226  __mspabi_mpyl_sw              
0000924c  __mspabi_fltuf                
00009270  _c_int00_noargs               
0000928c  Timer_A                       
000092a2  __mspabi_divu                 
000092a2  __mspabi_remu                 
000092b8  __TI_zero_init_nomemset       
000092cc  __mspabi_mpyi                 
000092cc  __mspabi_mpyi_sw              
000092e0  __TI_decompress_none          
000092f2  memcpy                        
00009304  __mspabi_func_epilog_7        
00009306  __mspabi_func_epilog_6        
00009308  __mspabi_func_epilog_5        
0000930a  __mspabi_func_epilog_4        
0000930c  __mspabi_func_epilog_3        
0000930e  __mspabi_func_epilog_2        
00009310  __mspabi_func_epilog_1        
00009314  __TI_ISR_TRAP                 
0000931c  C$$EXIT                       
0000931c  abort                         
00009322  _system_pre_init              
00009326  _system_post_cinit            
00009334  __TI_Handler_Table_Base       
0000933a  __TI_Handler_Table_Limit      
0000933e  __TI_CINIT_Base               
00009346  __TI_CINIT_Limit              
0000ffe4  __TI_int02                    
0000ffe6  __TI_int03                    
0000ffea  __TI_int05                    
0000ffec  __TI_int06                    
0000ffee  __TI_int07                    
0000fff0  __TI_int08                    
0000fff2  __TI_int09                    
0000fff4  __TI_int10                    
0000fff8  __TI_int12                    
0000fffa  __TI_int13                    
0000fffc  __TI_int14                    
0000fffe  _reset_vector                 
ffffffff  __TI_pprof_out_hndl           
ffffffff  __TI_prof_data_size           
ffffffff  __TI_prof_data_start          
ffffffff  __c_args__                    

[276 symbols]
