<?xml version="1.0" encoding="ISO-8859-1" ?>
<link_info>
   <banner>MSP430 Linker PC v18.1.1.LTS</banner>
   <copyright>Copyright (c) 2003-2017 Texas Instruments Incorporated</copyright>
   <link_time>0x5bb79a04</link_time>
   <link_errors>0x0</link_errors>
   <output_file>Lab3.out</output_file>
   <entry_point>
      <name>_c_int00_noargs</name>
      <address>0xbf90</address>
   </entry_point>
   <input_file_list>
      <input_file id="fl-2">
         <path>.\</path>
         <kind>object</kind>
         <file>UARTFuncs.obj</file>
         <name>UARTFuncs.obj</name>
      </input_file>
      <input_file id="fl-3">
         <path>.\</path>
         <kind>object</kind>
         <file>user_Lab3_EX3.obj</file>
         <name>user_Lab3_EX3.obj</name>
      </input_file>
      <input_file id="fl-8">
         <kind>object</kind>
         <file>&lt;internal&gt;</file>
         <name>&lt;internal&gt;</name>
      </input_file>
      <input_file id="fl-1e">
         <path>C:\CCStudio_v8\ccsv8\tools\compiler\ti-cgt-msp430_18.1.1.LTS\lib\</path>
         <kind>archive</kind>
         <file>rts430_eabi.lib</file>
         <name>asr16.asm.obj</name>
      </input_file>
      <input_file id="fl-1f">
         <path>C:\CCStudio_v8\ccsv8\tools\compiler\ti-cgt-msp430_18.1.1.LTS\lib\</path>
         <kind>archive</kind>
         <file>rts430_eabi.lib</file>
         <name>div16s.asm.obj</name>
      </input_file>
      <input_file id="fl-20">
         <path>C:\CCStudio_v8\ccsv8\tools\compiler\ti-cgt-msp430_18.1.1.LTS\lib\</path>
         <kind>archive</kind>
         <file>rts430_eabi.lib</file>
         <name>div16u.asm.obj</name>
      </input_file>
      <input_file id="fl-21">
         <path>C:\CCStudio_v8\ccsv8\tools\compiler\ti-cgt-msp430_18.1.1.LTS\lib\</path>
         <kind>archive</kind>
         <file>rts430_eabi.lib</file>
         <name>epilog.asm.obj</name>
      </input_file>
      <input_file id="fl-22">
         <path>C:\CCStudio_v8\ccsv8\tools\compiler\ti-cgt-msp430_18.1.1.LTS\lib\</path>
         <kind>archive</kind>
         <file>rts430_eabi.lib</file>
         <name>fs_add.asm.obj</name>
      </input_file>
      <input_file id="fl-23">
         <path>C:\CCStudio_v8\ccsv8\tools\compiler\ti-cgt-msp430_18.1.1.LTS\lib\</path>
         <kind>archive</kind>
         <file>rts430_eabi.lib</file>
         <name>fs_cmp.asm.obj</name>
      </input_file>
      <input_file id="fl-24">
         <path>C:\CCStudio_v8\ccsv8\tools\compiler\ti-cgt-msp430_18.1.1.LTS\lib\</path>
         <kind>archive</kind>
         <file>rts430_eabi.lib</file>
         <name>fs_itof.asm.obj</name>
      </input_file>
      <input_file id="fl-25">
         <path>C:\CCStudio_v8\ccsv8\tools\compiler\ti-cgt-msp430_18.1.1.LTS\lib\</path>
         <kind>archive</kind>
         <file>rts430_eabi.lib</file>
         <name>fs_mpy.asm.obj</name>
      </input_file>
      <input_file id="fl-26">
         <path>C:\CCStudio_v8\ccsv8\tools\compiler\ti-cgt-msp430_18.1.1.LTS\lib\</path>
         <kind>archive</kind>
         <file>rts430_eabi.lib</file>
         <name>fs_toi.asm.obj</name>
      </input_file>
      <input_file id="fl-27">
         <path>C:\CCStudio_v8\ccsv8\tools\compiler\ti-cgt-msp430_18.1.1.LTS\lib\</path>
         <kind>archive</kind>
         <file>rts430_eabi.lib</file>
         <name>int02.asm.obj</name>
      </input_file>
      <input_file id="fl-28">
         <path>C:\CCStudio_v8\ccsv8\tools\compiler\ti-cgt-msp430_18.1.1.LTS\lib\</path>
         <kind>archive</kind>
         <file>rts430_eabi.lib</file>
         <name>int03.asm.obj</name>
      </input_file>
      <input_file id="fl-29">
         <path>C:\CCStudio_v8\ccsv8\tools\compiler\ti-cgt-msp430_18.1.1.LTS\lib\</path>
         <kind>archive</kind>
         <file>rts430_eabi.lib</file>
         <name>int08.asm.obj</name>
      </input_file>
      <input_file id="fl-2a">
         <path>C:\CCStudio_v8\ccsv8\tools\compiler\ti-cgt-msp430_18.1.1.LTS\lib\</path>
         <kind>archive</kind>
         <file>rts430_eabi.lib</file>
         <name>int10.asm.obj</name>
      </input_file>
      <input_file id="fl-2b">
         <path>C:\CCStudio_v8\ccsv8\tools\compiler\ti-cgt-msp430_18.1.1.LTS\lib\</path>
         <kind>archive</kind>
         <file>rts430_eabi.lib</file>
         <name>int12.asm.obj</name>
      </input_file>
      <input_file id="fl-2c">
         <path>C:\CCStudio_v8\ccsv8\tools\compiler\ti-cgt-msp430_18.1.1.LTS\lib\</path>
         <kind>archive</kind>
         <file>rts430_eabi.lib</file>
         <name>int13.asm.obj</name>
      </input_file>
      <input_file id="fl-2d">
         <path>C:\CCStudio_v8\ccsv8\tools\compiler\ti-cgt-msp430_18.1.1.LTS\lib\</path>
         <kind>archive</kind>
         <file>rts430_eabi.lib</file>
         <name>int14.asm.obj</name>
      </input_file>
      <input_file id="fl-2e">
         <path>C:\CCStudio_v8\ccsv8\tools\compiler\ti-cgt-msp430_18.1.1.LTS\lib\</path>
         <kind>archive</kind>
         <file>rts430_eabi.lib</file>
         <name>isr_trap.asm.obj</name>
      </input_file>
      <input_file id="fl-2f">
         <path>C:\CCStudio_v8\ccsv8\tools\compiler\ti-cgt-msp430_18.1.1.LTS\lib\</path>
         <kind>archive</kind>
         <file>rts430_eabi.lib</file>
         <name>lsl16.asm.obj</name>
      </input_file>
      <input_file id="fl-30">
         <path>C:\CCStudio_v8\ccsv8\tools\compiler\ti-cgt-msp430_18.1.1.LTS\lib\</path>
         <kind>archive</kind>
         <file>rts430_eabi.lib</file>
         <name>lsl32.asm.obj</name>
      </input_file>
      <input_file id="fl-31">
         <path>C:\CCStudio_v8\ccsv8\tools\compiler\ti-cgt-msp430_18.1.1.LTS\lib\</path>
         <kind>archive</kind>
         <file>rts430_eabi.lib</file>
         <name>lsr16.asm.obj</name>
      </input_file>
      <input_file id="fl-32">
         <path>C:\CCStudio_v8\ccsv8\tools\compiler\ti-cgt-msp430_18.1.1.LTS\lib\</path>
         <kind>archive</kind>
         <file>rts430_eabi.lib</file>
         <name>lsr32.asm.obj</name>
      </input_file>
      <input_file id="fl-33">
         <path>C:\CCStudio_v8\ccsv8\tools\compiler\ti-cgt-msp430_18.1.1.LTS\lib\</path>
         <kind>archive</kind>
         <file>rts430_eabi.lib</file>
         <name>boot.c.obj</name>
      </input_file>
      <input_file id="fl-34">
         <path>C:\CCStudio_v8\ccsv8\tools\compiler\ti-cgt-msp430_18.1.1.LTS\lib\</path>
         <kind>archive</kind>
         <file>rts430_eabi.lib</file>
         <name>autoinit.c.obj</name>
      </input_file>
      <input_file id="fl-35">
         <path>C:\CCStudio_v8\ccsv8\tools\compiler\ti-cgt-msp430_18.1.1.LTS\lib\</path>
         <kind>archive</kind>
         <file>rts430_eabi.lib</file>
         <name>copy_zero_init.c.obj</name>
      </input_file>
      <input_file id="fl-36">
         <path>C:\CCStudio_v8\ccsv8\tools\compiler\ti-cgt-msp430_18.1.1.LTS\lib\</path>
         <kind>archive</kind>
         <file>rts430_eabi.lib</file>
         <name>cpy_tbl.c.obj</name>
      </input_file>
      <input_file id="fl-37">
         <path>C:\CCStudio_v8\ccsv8\tools\compiler\ti-cgt-msp430_18.1.1.LTS\lib\</path>
         <kind>archive</kind>
         <file>rts430_eabi.lib</file>
         <name>mpu_init.c.obj</name>
      </input_file>
      <input_file id="fl-38">
         <path>C:\CCStudio_v8\ccsv8\tools\compiler\ti-cgt-msp430_18.1.1.LTS\lib\</path>
         <kind>archive</kind>
         <file>rts430_eabi.lib</file>
         <name>pre_init.c.obj</name>
      </input_file>
      <input_file id="fl-39">
         <path>C:\CCStudio_v8\ccsv8\tools\compiler\ti-cgt-msp430_18.1.1.LTS\lib\</path>
         <kind>archive</kind>
         <file>rts430_eabi.lib</file>
         <name>startup.c.obj</name>
      </input_file>
      <input_file id="fl-3a">
         <path>C:\CCStudio_v8\ccsv8\tools\compiler\ti-cgt-msp430_18.1.1.LTS\lib\</path>
         <kind>archive</kind>
         <file>rts430_eabi.lib</file>
         <name>copy_decompress_none.c.obj</name>
      </input_file>
      <input_file id="fl-3b">
         <path>C:\CCStudio_v8\ccsv8\tools\compiler\ti-cgt-msp430_18.1.1.LTS\lib\</path>
         <kind>archive</kind>
         <file>rts430_eabi.lib</file>
         <name>copy_decompress_lzss.c.obj</name>
      </input_file>
      <input_file id="fl-3c">
         <path>C:\CCStudio_v8\ccsv8\tools\compiler\ti-cgt-msp430_18.1.1.LTS\lib\</path>
         <kind>archive</kind>
         <file>rts430_eabi.lib</file>
         <name>divd.c.obj</name>
      </input_file>
      <input_file id="fl-3d">
         <path>C:\CCStudio_v8\ccsv8\tools\compiler\ti-cgt-msp430_18.1.1.LTS\lib\</path>
         <kind>archive</kind>
         <file>rts430_eabi.lib</file>
         <name>fltuld.c.obj</name>
      </input_file>
      <input_file id="fl-3e">
         <path>C:\CCStudio_v8\ccsv8\tools\compiler\ti-cgt-msp430_18.1.1.LTS\lib\</path>
         <kind>archive</kind>
         <file>rts430_eabi.lib</file>
         <name>frcdivd.c.obj</name>
      </input_file>
      <input_file id="fl-3f">
         <path>C:\CCStudio_v8\ccsv8\tools\compiler\ti-cgt-msp430_18.1.1.LTS\lib\</path>
         <kind>archive</kind>
         <file>rts430_eabi.lib</file>
         <name>cvtdf.c.obj</name>
      </input_file>
      <input_file id="fl-40">
         <path>C:\CCStudio_v8\ccsv8\tools\compiler\ti-cgt-msp430_18.1.1.LTS\lib\</path>
         <kind>archive</kind>
         <file>rts430_eabi.lib</file>
         <name>abs.c.obj</name>
      </input_file>
      <input_file id="fl-41">
         <path>C:\CCStudio_v8\ccsv8\tools\compiler\ti-cgt-msp430_18.1.1.LTS\lib\</path>
         <kind>archive</kind>
         <file>rts430_eabi.lib</file>
         <name>exit.c.obj</name>
      </input_file>
      <input_file id="fl-42">
         <path>C:\CCStudio_v8\ccsv8\tools\compiler\ti-cgt-msp430_18.1.1.LTS\lib\</path>
         <kind>archive</kind>
         <file>rts430_eabi.lib</file>
         <name>_lock.c.obj</name>
      </input_file>
      <input_file id="fl-43">
         <path>C:\CCStudio_v8\ccsv8\tools\compiler\ti-cgt-msp430_18.1.1.LTS\lib\</path>
         <kind>archive</kind>
         <file>rts430_eabi.lib</file>
         <name>args_main.c.obj</name>
      </input_file>
      <input_file id="fl-44">
         <path>C:\CCStudio_v8\ccsv8\tools\compiler\ti-cgt-msp430_18.1.1.LTS\lib\</path>
         <kind>archive</kind>
         <file>rts430_eabi.lib</file>
         <name>memcpy.c.obj</name>
      </input_file>
      <input_file id="fl-45">
         <path>C:\CCStudio_v8\ccsv8\tools\compiler\ti-cgt-msp430_18.1.1.LTS\lib\</path>
         <kind>archive</kind>
         <file>rts430_eabi.lib</file>
         <name>vsprintf.c.obj</name>
      </input_file>
      <input_file id="fl-46">
         <path>C:\CCStudio_v8\ccsv8\tools\compiler\ti-cgt-msp430_18.1.1.LTS\lib\</path>
         <kind>archive</kind>
         <file>rts430_eabi.lib</file>
         <name>asr32.asm.obj</name>
      </input_file>
      <input_file id="fl-47">
         <path>C:\CCStudio_v8\ccsv8\tools\compiler\ti-cgt-msp430_18.1.1.LTS\lib\</path>
         <kind>archive</kind>
         <file>rts430_eabi.lib</file>
         <name>mult16.asm.obj</name>
      </input_file>
      <input_file id="fl-48">
         <path>C:\CCStudio_v8\ccsv8\tools\compiler\ti-cgt-msp430_18.1.1.LTS\lib\</path>
         <kind>archive</kind>
         <file>rts430_eabi.lib</file>
         <name>mult32.asm.obj</name>
      </input_file>
      <input_file id="fl-49">
         <path>C:\CCStudio_v8\ccsv8\tools\compiler\ti-cgt-msp430_18.1.1.LTS\lib\</path>
         <kind>archive</kind>
         <file>rts430_eabi.lib</file>
         <name>exit_gvars.c.obj</name>
      </input_file>
      <input_file id="fl-4a">
         <path>C:\CCStudio_v8\ccsv8\tools\compiler\ti-cgt-msp430_18.1.1.LTS\lib\</path>
         <kind>archive</kind>
         <file>rts430_eabi.lib</file>
         <name>lsr64.c.obj</name>
      </input_file>
      <input_file id="fl-4b">
         <path>C:\CCStudio_v8\ccsv8\tools\compiler\ti-cgt-msp430_18.1.1.LTS\lib\</path>
         <kind>archive</kind>
         <file>rts430_eabi.lib</file>
         <name>_printfi.c.obj</name>
      </input_file>
      <input_file id="fl-4c">
         <path>C:\CCStudio_v8\ccsv8\tools\compiler\ti-cgt-msp430_18.1.1.LTS\lib\</path>
         <kind>archive</kind>
         <file>rts430_eabi.lib</file>
         <name>atoi.c.obj</name>
      </input_file>
      <input_file id="fl-4d">
         <path>C:\CCStudio_v8\ccsv8\tools\compiler\ti-cgt-msp430_18.1.1.LTS\lib\</path>
         <kind>archive</kind>
         <file>rts430_eabi.lib</file>
         <name>ctype.c.obj</name>
      </input_file>
      <input_file id="fl-4e">
         <path>C:\CCStudio_v8\ccsv8\tools\compiler\ti-cgt-msp430_18.1.1.LTS\lib\</path>
         <kind>archive</kind>
         <file>rts430_eabi.lib</file>
         <name>ltoa.c.obj</name>
      </input_file>
      <input_file id="fl-4f">
         <path>C:\CCStudio_v8\ccsv8\tools\compiler\ti-cgt-msp430_18.1.1.LTS\lib\</path>
         <kind>archive</kind>
         <file>rts430_eabi.lib</file>
         <name>memccpy.c.obj</name>
      </input_file>
      <input_file id="fl-50">
         <path>C:\CCStudio_v8\ccsv8\tools\compiler\ti-cgt-msp430_18.1.1.LTS\lib\</path>
         <kind>archive</kind>
         <file>rts430_eabi.lib</file>
         <name>memset.c.obj</name>
      </input_file>
      <input_file id="fl-51">
         <path>C:\CCStudio_v8\ccsv8\tools\compiler\ti-cgt-msp430_18.1.1.LTS\lib\</path>
         <kind>archive</kind>
         <file>rts430_eabi.lib</file>
         <name>strchr.c.obj</name>
      </input_file>
      <input_file id="fl-52">
         <path>C:\CCStudio_v8\ccsv8\tools\compiler\ti-cgt-msp430_18.1.1.LTS\lib\</path>
         <kind>archive</kind>
         <file>rts430_eabi.lib</file>
         <name>strlen.c.obj</name>
      </input_file>
      <input_file id="fl-53">
         <path>C:\CCStudio_v8\ccsv8\tools\compiler\ti-cgt-msp430_18.1.1.LTS\lib\</path>
         <kind>archive</kind>
         <file>rts430_eabi.lib</file>
         <name>toupper.c.obj</name>
      </input_file>
      <input_file id="fl-54">
         <path>C:\CCStudio_v8\ccsv8\tools\compiler\ti-cgt-msp430_18.1.1.LTS\lib\</path>
         <kind>archive</kind>
         <file>rts430_eabi.lib</file>
         <name>wcslen.c.obj</name>
      </input_file>
      <input_file id="fl-55">
         <path>C:\CCStudio_v8\ccsv8\tools\compiler\ti-cgt-msp430_18.1.1.LTS\lib\</path>
         <kind>archive</kind>
         <file>rts430_eabi.lib</file>
         <name>s_frexp.c.obj</name>
      </input_file>
      <input_file id="fl-56">
         <path>C:\CCStudio_v8\ccsv8\tools\compiler\ti-cgt-msp430_18.1.1.LTS\lib\</path>
         <kind>archive</kind>
         <file>rts430_eabi.lib</file>
         <name>s_scalbn.c.obj</name>
      </input_file>
      <input_file id="fl-57">
         <path>C:\CCStudio_v8\ccsv8\tools\compiler\ti-cgt-msp430_18.1.1.LTS\lib\</path>
         <kind>archive</kind>
         <file>rts430_eabi.lib</file>
         <name>s_copysign.c.obj</name>
      </input_file>
      <input_file id="fl-58">
         <path>C:\CCStudio_v8\ccsv8\tools\compiler\ti-cgt-msp430_18.1.1.LTS\lib\</path>
         <kind>archive</kind>
         <file>rts430_eabi.lib</file>
         <name>div32s.asm.obj</name>
      </input_file>
      <input_file id="fl-59">
         <path>C:\CCStudio_v8\ccsv8\tools\compiler\ti-cgt-msp430_18.1.1.LTS\lib\</path>
         <kind>archive</kind>
         <file>rts430_eabi.lib</file>
         <name>div32u.asm.obj</name>
      </input_file>
      <input_file id="fl-5a">
         <path>C:\CCStudio_v8\ccsv8\tools\compiler\ti-cgt-msp430_18.1.1.LTS\lib\</path>
         <kind>archive</kind>
         <file>rts430_eabi.lib</file>
         <name>div64u.c.obj</name>
      </input_file>
      <input_file id="fl-5b">
         <path>C:\CCStudio_v8\ccsv8\tools\compiler\ti-cgt-msp430_18.1.1.LTS\lib\</path>
         <kind>archive</kind>
         <file>rts430_eabi.lib</file>
         <name>addd.c.obj</name>
      </input_file>
      <input_file id="fl-5c">
         <path>C:\CCStudio_v8\ccsv8\tools\compiler\ti-cgt-msp430_18.1.1.LTS\lib\</path>
         <kind>archive</kind>
         <file>rts430_eabi.lib</file>
         <name>cmpd.c.obj</name>
      </input_file>
      <input_file id="fl-5d">
         <path>C:\CCStudio_v8\ccsv8\tools\compiler\ti-cgt-msp430_18.1.1.LTS\lib\</path>
         <kind>archive</kind>
         <file>rts430_eabi.lib</file>
         <name>fixdi.c.obj</name>
      </input_file>
      <input_file id="fl-5e">
         <path>C:\CCStudio_v8\ccsv8\tools\compiler\ti-cgt-msp430_18.1.1.LTS\lib\</path>
         <kind>archive</kind>
         <file>rts430_eabi.lib</file>
         <name>fixdli.c.obj</name>
      </input_file>
      <input_file id="fl-5f">
         <path>C:\CCStudio_v8\ccsv8\tools\compiler\ti-cgt-msp430_18.1.1.LTS\lib\</path>
         <kind>archive</kind>
         <file>rts430_eabi.lib</file>
         <name>fltid.c.obj</name>
      </input_file>
      <input_file id="fl-60">
         <path>C:\CCStudio_v8\ccsv8\tools\compiler\ti-cgt-msp430_18.1.1.LTS\lib\</path>
         <kind>archive</kind>
         <file>rts430_eabi.lib</file>
         <name>fltlid.c.obj</name>
      </input_file>
      <input_file id="fl-61">
         <path>C:\CCStudio_v8\ccsv8\tools\compiler\ti-cgt-msp430_18.1.1.LTS\lib\</path>
         <kind>archive</kind>
         <file>rts430_eabi.lib</file>
         <name>frcaddd.c.obj</name>
      </input_file>
      <input_file id="fl-62">
         <path>C:\CCStudio_v8\ccsv8\tools\compiler\ti-cgt-msp430_18.1.1.LTS\lib\</path>
         <kind>archive</kind>
         <file>rts430_eabi.lib</file>
         <name>mpyd.c.obj</name>
      </input_file>
      <input_file id="fl-63">
         <path>C:\CCStudio_v8\ccsv8\tools\compiler\ti-cgt-msp430_18.1.1.LTS\lib\</path>
         <kind>archive</kind>
         <file>rts430_eabi.lib</file>
         <name>negd.c.obj</name>
      </input_file>
      <input_file id="fl-64">
         <path>C:\CCStudio_v8\ccsv8\tools\compiler\ti-cgt-msp430_18.1.1.LTS\lib\</path>
         <kind>archive</kind>
         <file>rts430_eabi.lib</file>
         <name>renormd.c.obj</name>
      </input_file>
      <input_file id="fl-65">
         <path>C:\CCStudio_v8\ccsv8\tools\compiler\ti-cgt-msp430_18.1.1.LTS\lib\</path>
         <kind>archive</kind>
         <file>rts430_eabi.lib</file>
         <name>subd.c.obj</name>
      </input_file>
      <input_file id="fl-66">
         <path>C:\CCStudio_v8\ccsv8\tools\compiler\ti-cgt-msp430_18.1.1.LTS\lib\</path>
         <kind>archive</kind>
         <file>rts430_eabi.lib</file>
         <name>errno.c.obj</name>
      </input_file>
      <input_file id="fl-67">
         <path>C:\CCStudio_v8\ccsv8\tools\compiler\ti-cgt-msp430_18.1.1.LTS\lib\</path>
         <kind>archive</kind>
         <file>rts430_eabi.lib</file>
         <name>lsl64.c.obj</name>
      </input_file>
      <input_file id="fl-68">
         <path>C:\CCStudio_v8\ccsv8\tools\compiler\ti-cgt-msp430_18.1.1.LTS\lib\</path>
         <kind>archive</kind>
         <file>rts430_eabi.lib</file>
         <name>frcmpyd.c.obj</name>
      </input_file>
   </input_file_list>
   <object_component_list>
      <object_component id="oc-154">
         <name>.common:txbuff</name>
         <uninitialized>true</uninitialized>
         <run_address>0x234</run_address>
         <size>0x34</size>
      </object_component>
      <object_component id="oc-159">
         <name>.common:rxbuff</name>
         <uninitialized>true</uninitialized>
         <run_address>0x200</run_address>
         <size>0x34</size>
      </object_component>
      <object_component id="oc-157">
         <name>.common:printbuff</name>
         <uninitialized>true</uninitialized>
         <run_address>0x268</run_address>
         <size>0x1a</size>
      </object_component>
      <object_component id="oc-151">
         <name>.data</name>
         <load_address>0x298</load_address>
         <run_address>0x298</run_address>
         <size>0x6</size>
         <input_file_ref idref="fl-2"/>
      </object_component>
      <object_component id="oc-147">
         <name>.data</name>
         <load_address>0x282</load_address>
         <run_address>0x282</run_address>
         <size>0x16</size>
         <input_file_ref idref="fl-3"/>
      </object_component>
      <object_component id="oc-348">
         <name>.data</name>
         <load_address>0x29e</load_address>
         <run_address>0x29e</run_address>
         <size>0x2</size>
         <input_file_ref idref="fl-66"/>
      </object_component>
      <object_component id="oc-a4">
         <name>.stack</name>
         <uninitialized>true</uninitialized>
         <run_address>0x5b0</run_address>
         <size>0x2</size>
         <input_file_ref idref="fl-33"/>
      </object_component>
      <object_component id="oc-502">
         <name>.stack</name>
         <uninitialized>true</uninitialized>
         <run_address>0x5b0</run_address>
         <size>0x0</size>
      </object_component>
      <object_component id="oc-273">
         <name>.text:__TI_frcdivd</name>
         <load_address>0x8000</load_address>
         <run_address>0x8000</run_address>
         <size>0x478</size>
         <input_file_ref idref="fl-3e"/>
      </object_component>
      <object_component id="oc-3b6">
         <name>.text:__mspabi_divull</name>
         <load_address>0x8478</load_address>
         <run_address>0x8478</run_address>
         <size>0x360</size>
         <input_file_ref idref="fl-5a"/>
      </object_component>
      <object_component id="oc-474">
         <name>.text:__mspabi_addd</name>
         <load_address>0x87d8</load_address>
         <run_address>0x87d8</run_address>
         <size>0x2fa</size>
         <input_file_ref idref="fl-5b"/>
      </object_component>
      <object_component id="oc-299">
         <name>.text:__TI_printfi</name>
         <load_address>0x8ad2</load_address>
         <run_address>0x8ad2</run_address>
         <size>0x288</size>
         <input_file_ref idref="fl-4b"/>
      </object_component>
      <object_component id="oc-444">
         <name>.text:__TI_frcmpyd</name>
         <load_address>0x8d5a</load_address>
         <run_address>0x8d5a</run_address>
         <size>0x286</size>
         <input_file_ref idref="fl-68"/>
      </object_component>
      <object_component id="oc-3eb">
         <name>.text:__mspabi_mpyd</name>
         <load_address>0x8fe0</load_address>
         <run_address>0x8fe0</run_address>
         <size>0x26e</size>
         <input_file_ref idref="fl-62"/>
      </object_component>
      <object_component id="oc-497">
         <name>.text:__TI_frcaddd</name>
         <load_address>0x924e</load_address>
         <run_address>0x924e</run_address>
         <size>0x260</size>
         <input_file_ref idref="fl-61"/>
      </object_component>
      <object_component id="oc-2f2">
         <name>.text:_setfield</name>
         <load_address>0x94ae</load_address>
         <run_address>0x94ae</run_address>
         <size>0x252</size>
         <input_file_ref idref="fl-4b"/>
      </object_component>
      <object_component id="oc-3f8">
         <name>.text:acvt</name>
         <load_address>0x9700</load_address>
         <run_address>0x9700</run_address>
         <size>0x244</size>
         <input_file_ref idref="fl-4b"/>
      </object_component>
      <object_component id="oc-1fc">
         <name>.text:__mspabi_divd</name>
         <load_address>0x9944</load_address>
         <run_address>0x9944</run_address>
         <size>0x238</size>
         <input_file_ref idref="fl-3c"/>
      </object_component>
      <object_component id="oc-334">
         <name>.text:_pproc_fgea</name>
         <load_address>0x9b7c</load_address>
         <run_address>0x9b7c</run_address>
         <size>0x224</size>
         <input_file_ref idref="fl-4b"/>
      </object_component>
      <object_component id="oc-366">
         <name>.text:_getarg_diouxp</name>
         <load_address>0x9da0</load_address>
         <run_address>0x9da0</run_address>
         <size>0x1ec</size>
         <input_file_ref idref="fl-4b"/>
      </object_component>
      <object_component id="oc-3cb">
         <name>.text:ecvt</name>
         <load_address>0x9f8c</load_address>
         <run_address>0x9f8c</run_address>
         <size>0x1de</size>
         <input_file_ref idref="fl-4b"/>
      </object_component>
      <object_component id="oc-3de">
         <name>.text:fcvt</name>
         <load_address>0xa16a</load_address>
         <run_address>0xa16a</run_address>
         <size>0x1c4</size>
         <input_file_ref idref="fl-4b"/>
      </object_component>
      <object_component id="oc-38b">
         <name>.text:_pconv_e</name>
         <load_address>0xa32e</load_address>
         <run_address>0xa32e</run_address>
         <size>0x1a6</size>
         <input_file_ref idref="fl-4b"/>
      </object_component>
      <object_component id="oc-391">
         <name>.text:_pconv_a</name>
         <load_address>0xa4d4</load_address>
         <run_address>0xa4d4</run_address>
         <size>0x174</size>
         <input_file_ref idref="fl-4b"/>
      </object_component>
      <object_component id="oc-453">
         <name>.text:scalbn</name>
         <load_address>0xa648</load_address>
         <run_address>0xa648</run_address>
         <size>0x16a</size>
         <input_file_ref idref="fl-56"/>
      </object_component>
      <object_component id="oc-32e">
         <name>.text:_pproc_diouxp</name>
         <load_address>0xa7b2</load_address>
         <run_address>0xa7b2</run_address>
         <size>0x14c</size>
         <input_file_ref idref="fl-4b"/>
      </object_component>
      <object_component id="oc-21c">
         <name>.text</name>
         <load_address>0xa8fe</load_address>
         <run_address>0xa8fe</run_address>
         <size>0x132</size>
         <input_file_ref idref="fl-22"/>
      </object_component>
      <object_component id="oc-36c">
         <name>.text:_ltostr</name>
         <load_address>0xaa30</load_address>
         <run_address>0xaa30</run_address>
         <size>0x12e</size>
         <input_file_ref idref="fl-4b"/>
      </object_component>
      <object_component id="oc-1a4">
         <name>.text:Init_UART</name>
         <load_address>0xab5e</load_address>
         <run_address>0xab5e</run_address>
         <size>0x120</size>
         <input_file_ref idref="fl-2"/>
      </object_component>
      <object_component id="oc-37f">
         <name>.text:_pconv_g</name>
         <load_address>0xac7e</load_address>
         <run_address>0xac7e</run_address>
         <size>0xf8</size>
         <input_file_ref idref="fl-4b"/>
      </object_component>
      <object_component id="oc-2ec">
         <name>.text:_pproc_fwp</name>
         <load_address>0xad76</load_address>
         <run_address>0xad76</run_address>
         <size>0xf8</size>
         <input_file_ref idref="fl-4b"/>
      </object_component>
      <object_component id="oc-397">
         <name>.text:__mspabi_cmpd</name>
         <load_address>0xae6e</load_address>
         <run_address>0xae6e</run_address>
         <size>0xdc</size>
         <input_file_ref idref="fl-5c"/>
      </object_component>
      <object_component id="oc-2fe">
         <name>.text:_pproc_wstr</name>
         <load_address>0xaf4a</load_address>
         <run_address>0xaf4a</run_address>
         <size>0xc4</size>
         <input_file_ref idref="fl-4b"/>
      </object_component>
      <object_component id="oc-20d">
         <name>.text</name>
         <load_address>0xb00e</load_address>
         <run_address>0xb00e</run_address>
         <size>0xc4</size>
         <input_file_ref idref="fl-25"/>
      </object_component>
      <object_component id="oc-16a">
         <name>.text:main</name>
         <load_address>0xb0d2</load_address>
         <run_address>0xb0d2</run_address>
         <size>0xc2</size>
         <input_file_ref idref="fl-3"/>
      </object_component>
      <object_component id="oc-4b0">
         <name>.text:__TI_renormd</name>
         <load_address>0xb194</load_address>
         <run_address>0xb194</run_address>
         <size>0xbe</size>
         <input_file_ref idref="fl-64"/>
      </object_component>
      <object_component id="oc-3f2">
         <name>.text:frexp</name>
         <load_address>0xb252</load_address>
         <run_address>0xb252</run_address>
         <size>0xb0</size>
         <input_file_ref idref="fl-55"/>
      </object_component>
      <object_component id="oc-42d">
         <name>.text:__mspabi_fltlid</name>
         <load_address>0xb302</load_address>
         <run_address>0xb302</run_address>
         <size>0xac</size>
         <input_file_ref idref="fl-60"/>
      </object_component>
      <object_component id="oc-2f8">
         <name>.text:_pproc_str</name>
         <load_address>0xb3ae</load_address>
         <run_address>0xb3ae</run_address>
         <size>0xac</size>
         <input_file_ref idref="fl-4b"/>
      </object_component>
      <object_component id="oc-3d7">
         <name>.text:_mcpy</name>
         <load_address>0xb45a</load_address>
         <run_address>0xb45a</run_address>
         <size>0x92</size>
         <input_file_ref idref="fl-4b"/>
      </object_component>
      <object_component id="oc-3d1">
         <name>.text:_ecpy</name>
         <load_address>0xb4ec</load_address>
         <run_address>0xb4ec</run_address>
         <size>0x8e</size>
         <input_file_ref idref="fl-4b"/>
      </object_component>
      <object_component id="oc-202">
         <name>.text:__mspabi_cvtdf</name>
         <load_address>0xb57a</load_address>
         <run_address>0xb57a</run_address>
         <size>0x8c</size>
         <input_file_ref idref="fl-3f"/>
      </object_component>
      <object_component id="oc-1f6">
         <name>.text:__mspabi_fltuld</name>
         <load_address>0xb606</load_address>
         <run_address>0xb606</run_address>
         <size>0x8a</size>
         <input_file_ref idref="fl-3d"/>
      </object_component>
      <object_component id="oc-427">
         <name>.text:ltoa</name>
         <load_address>0xb690</load_address>
         <run_address>0xb690</run_address>
         <size>0x84</size>
         <input_file_ref idref="fl-4e"/>
      </object_component>
      <object_component id="oc-da">
         <name>.text:USCI0TX_ISR</name>
         <load_address>0xb714</load_address>
         <run_address>0xb714</run_address>
         <size>0x82</size>
         <input_file_ref idref="fl-3"/>
      </object_component>
      <object_component id="oc-2e">
         <name>.text:decompress:lzss:__TI_decompress_lzss</name>
         <load_address>0xb796</load_address>
         <run_address>0xb796</run_address>
         <size>0x7c</size>
         <input_file_ref idref="fl-3b"/>
      </object_component>
      <object_component id="oc-385">
         <name>.text:_pconv_f</name>
         <load_address>0xb812</load_address>
         <run_address>0xb812</run_address>
         <size>0x7a</size>
         <input_file_ref idref="fl-4b"/>
      </object_component>
      <object_component id="oc-e0">
         <name>.text:USCI0RX_ISR</name>
         <load_address>0xb88c</load_address>
         <run_address>0xb88c</run_address>
         <size>0x76</size>
         <input_file_ref idref="fl-3"/>
      </object_component>
      <object_component id="oc-421">
         <name>.text:__mspabi_fixdli</name>
         <load_address>0xb902</load_address>
         <run_address>0xb902</run_address>
         <size>0x72</size>
         <input_file_ref idref="fl-5e"/>
      </object_component>
      <object_component id="oc-212">
         <name>.text</name>
         <load_address>0xb974</load_address>
         <run_address>0xb974</run_address>
         <size>0x68</size>
         <input_file_ref idref="fl-26"/>
      </object_component>
      <object_component id="oc-26c">
         <name>.text:l_lsr_const</name>
         <load_address>0xb9dc</load_address>
         <run_address>0xb9dc</run_address>
         <size>0x5c</size>
         <input_file_ref idref="fl-32"/>
      </object_component>
      <object_component id="oc-3bc">
         <name>.text</name>
         <load_address>0xba38</load_address>
         <run_address>0xba38</run_address>
         <size>0x58</size>
         <input_file_ref idref="fl-59"/>
      </object_component>
      <object_component id="oc-326">
         <name>.text:atoi</name>
         <load_address>0xba90</load_address>
         <run_address>0xba90</run_address>
         <size>0x52</size>
         <input_file_ref idref="fl-4c"/>
      </object_component>
      <object_component id="oc-3e4">
         <name>.text:_fcpy</name>
         <load_address>0xbae2</load_address>
         <run_address>0xbae2</run_address>
         <size>0x4e</size>
         <input_file_ref idref="fl-4b"/>
      </object_component>
      <object_component id="oc-ad">
         <name>.text</name>
         <load_address>0xbb30</load_address>
         <run_address>0xbb30</run_address>
         <size>0x4c</size>
         <input_file_ref idref="fl-31"/>
      </object_component>
      <object_component id="oc-208">
         <name>.text</name>
         <load_address>0xbb7c</load_address>
         <run_address>0xbb7c</run_address>
         <size>0x4a</size>
         <input_file_ref idref="fl-23"/>
      </object_component>
      <object_component id="oc-3c1">
         <name>.text:__mspabi_srlll</name>
         <load_address>0xbbc6</load_address>
         <run_address>0xbbc6</run_address>
         <size>0x46</size>
         <input_file_ref idref="fl-4a"/>
      </object_component>
      <object_component id="oc-410">
         <name>.text:__mspabi_sllll</name>
         <load_address>0xbc0c</load_address>
         <run_address>0xbc0c</run_address>
         <size>0x44</size>
         <input_file_ref idref="fl-67"/>
      </object_component>
      <object_component id="oc-1be">
         <name>.text:__TI_auto_init_nobinit_nopinit:__TI_auto_init_nobinit_nopinit</name>
         <load_address>0xbc50</load_address>
         <run_address>0xbc50</run_address>
         <size>0x42</size>
         <input_file_ref idref="fl-34"/>
      </object_component>
      <object_component id="oc-46b">
         <name>.text</name>
         <load_address>0xbc92</load_address>
         <run_address>0xbc92</run_address>
         <size>0x40</size>
         <input_file_ref idref="fl-58"/>
      </object_component>
      <object_component id="oc-2d8">
         <name>.text:l_asr_const</name>
         <load_address>0xbcd2</load_address>
         <run_address>0xbcd2</run_address>
         <size>0x3e</size>
         <input_file_ref idref="fl-46"/>
      </object_component>
      <object_component id="oc-267">
         <name>.text:l_lsl_const</name>
         <load_address>0xbd10</load_address>
         <run_address>0xbd10</run_address>
         <size>0x3e</size>
         <input_file_ref idref="fl-30"/>
      </object_component>
      <object_component id="oc-d4">
         <name>.text:ADC10_ISR</name>
         <load_address>0xbd4e</load_address>
         <run_address>0xbd4e</run_address>
         <size>0x36</size>
         <input_file_ref idref="fl-3"/>
      </object_component>
      <object_component id="oc-217">
         <name>.text</name>
         <load_address>0xbd84</load_address>
         <run_address>0xbd84</run_address>
         <size>0x36</size>
         <input_file_ref idref="fl-24"/>
      </object_component>
      <object_component id="oc-227">
         <name>.text:vsprintf</name>
         <load_address>0xbdba</load_address>
         <run_address>0xbdba</run_address>
         <size>0x34</size>
         <input_file_ref idref="fl-45"/>
      </object_component>
      <object_component id="oc-433">
         <name>.text:__mspabi_subd</name>
         <load_address>0xbdee</load_address>
         <run_address>0xbdee</run_address>
         <size>0x2e</size>
         <input_file_ref idref="fl-65"/>
      </object_component>
      <object_component id="oc-487">
         <name>.text:copysign</name>
         <load_address>0xbe1c</load_address>
         <run_address>0xbe1c</run_address>
         <size>0x2e</size>
         <input_file_ref idref="fl-57"/>
      </object_component>
      <object_component id="oc-22d">
         <name>.text:sendchars</name>
         <load_address>0xbe4a</load_address>
         <run_address>0xbe4a</run_address>
         <size>0x2e</size>
         <input_file_ref idref="fl-2"/>
      </object_component>
      <object_component id="oc-142">
         <name>.text</name>
         <load_address>0xbe78</load_address>
         <run_address>0xbe78</run_address>
         <size>0x2c</size>
         <input_file_ref idref="fl-1e"/>
      </object_component>
      <object_component id="oc-221">
         <name>.text</name>
         <load_address>0xbea4</load_address>
         <run_address>0xbea4</run_address>
         <size>0x2c</size>
         <input_file_ref idref="fl-1f"/>
      </object_component>
      <object_component id="oc-a8">
         <name>.text</name>
         <load_address>0xbed0</load_address>
         <run_address>0xbed0</run_address>
         <size>0x2c</size>
         <input_file_ref idref="fl-2f"/>
      </object_component>
      <object_component id="oc-379">
         <name>.text:__mspabi_negd</name>
         <load_address>0xbefc</load_address>
         <run_address>0xbefc</run_address>
         <size>0x2a</size>
         <input_file_ref idref="fl-63"/>
      </object_component>
      <object_component id="oc-439">
         <name>.text:__mspabi_fixdi</name>
         <load_address>0xbf26</load_address>
         <run_address>0xbf26</run_address>
         <size>0x28</size>
         <input_file_ref idref="fl-5d"/>
      </object_component>
      <object_component id="oc-2d3">
         <name>.text</name>
         <load_address>0xbf4e</load_address>
         <run_address>0xbf4e</run_address>
         <size>0x26</size>
         <input_file_ref idref="fl-48"/>
      </object_component>
      <object_component id="oc-e6">
         <name>.text:Timer_A</name>
         <load_address>0xbf74</load_address>
         <run_address>0xbf74</run_address>
         <size>0x1c</size>
         <input_file_ref idref="fl-3"/>
      </object_component>
      <object_component id="oc-fe">
         <name>.text:_c_int00_noargs</name>
         <load_address>0xbf90</load_address>
         <run_address>0xbf90</run_address>
         <size>0x1c</size>
         <input_file_ref idref="fl-33"/>
      </object_component>
      <object_component id="oc-1ab">
         <name>.text:UART_printf</name>
         <load_address>0xbfac</load_address>
         <run_address>0xbfac</run_address>
         <size>0x1a</size>
         <input_file_ref idref="fl-2"/>
      </object_component>
      <object_component id="oc-28d">
         <name>.text:_outs</name>
         <load_address>0xbfc6</load_address>
         <run_address>0xbfc6</run_address>
         <size>0x1a</size>
         <input_file_ref idref="fl-45"/>
      </object_component>
      <object_component id="oc-33a">
         <name>.text:memccpy</name>
         <load_address>0xbfe0</load_address>
         <run_address>0xbfe0</run_address>
         <size>0x1a</size>
         <input_file_ref idref="fl-4f"/>
      </object_component>
      <object_component id="oc-459">
         <name>.text:strchr</name>
         <load_address>0xbffa</load_address>
         <run_address>0xbffa</run_address>
         <size>0x1a</size>
         <input_file_ref idref="fl-51"/>
      </object_component>
      <object_component id="oc-287">
         <name>.text</name>
         <load_address>0xc014</load_address>
         <run_address>0xc014</run_address>
         <size>0x16</size>
         <input_file_ref idref="fl-20"/>
      </object_component>
      <object_component id="oc-ec">
         <name>.text:decompress:ZI:__TI_zero_init_nomemset:__TI_zero_init_nomemset</name>
         <load_address>0xc02a</load_address>
         <run_address>0xc02a</run_address>
         <size>0x14</size>
         <input_file_ref idref="fl-35"/>
      </object_component>
      <object_component id="oc-320">
         <name>.text:memset</name>
         <load_address>0xc03e</load_address>
         <run_address>0xc03e</run_address>
         <size>0x14</size>
         <input_file_ref idref="fl-50"/>
      </object_component>
      <object_component id="oc-2c3">
         <name>.text</name>
         <load_address>0xc052</load_address>
         <run_address>0xc052</run_address>
         <size>0x14</size>
         <input_file_ref idref="fl-47"/>
      </object_component>
      <object_component id="oc-342">
         <name>.text:wcslen</name>
         <load_address>0xc066</load_address>
         <run_address>0xc066</run_address>
         <size>0x14</size>
         <input_file_ref idref="fl-54"/>
      </object_component>
      <object_component id="oc-293">
         <name>.text:_outc</name>
         <load_address>0xc07a</load_address>
         <run_address>0xc07a</run_address>
         <size>0x12</size>
         <input_file_ref idref="fl-45"/>
      </object_component>
      <object_component id="oc-34">
         <name>.text:decompress:none:__TI_decompress_none</name>
         <load_address>0xc08c</load_address>
         <run_address>0xc08c</run_address>
         <size>0x12</size>
         <input_file_ref idref="fl-3a"/>
      </object_component>
      <object_component id="oc-416">
         <name>.text:l_lsr</name>
         <load_address>0xc09e</load_address>
         <run_address>0xc09e</run_address>
         <size>0x12</size>
         <input_file_ref idref="fl-32"/>
      </object_component>
      <object_component id="oc-c2">
         <name>.text:memcpy</name>
         <load_address>0xc0b0</load_address>
         <run_address>0xc0b0</run_address>
         <size>0x12</size>
         <input_file_ref idref="fl-44"/>
      </object_component>
      <object_component id="oc-4ab">
         <name>.text:l_asr</name>
         <load_address>0xc0c2</load_address>
         <run_address>0xc0c2</run_address>
         <size>0x10</size>
         <input_file_ref idref="fl-46"/>
      </object_component>
      <object_component id="oc-4a6">
         <name>.text:l_lsl</name>
         <load_address>0xc0d2</load_address>
         <run_address>0xc0d2</run_address>
         <size>0x10</size>
         <input_file_ref idref="fl-30"/>
      </object_component>
      <object_component id="oc-b2">
         <name>.text</name>
         <load_address>0xc0e2</load_address>
         <run_address>0xc0e2</run_address>
         <size>0x10</size>
         <input_file_ref idref="fl-21"/>
      </object_component>
      <object_component id="oc-2e6">
         <name>.text:strlen</name>
         <load_address>0xc0f2</load_address>
         <run_address>0xc0f2</run_address>
         <size>0xe</size>
         <input_file_ref idref="fl-52"/>
      </object_component>
      <object_component id="oc-45f">
         <name>.text:__mspabi_fltid</name>
         <load_address>0xc100</load_address>
         <run_address>0xc100</run_address>
         <size>0xc</size>
         <input_file_ref idref="fl-5f"/>
      </object_component>
      <object_component id="oc-373">
         <name>.text:toupper</name>
         <load_address>0xc10c</load_address>
         <run_address>0xc10c</run_address>
         <size>0xc</size>
         <input_file_ref idref="fl-53"/>
      </object_component>
      <object_component id="oc-14a">
         <name>.text:abs</name>
         <load_address>0xc118</load_address>
         <run_address>0xc118</run_address>
         <size>0xa</size>
         <input_file_ref idref="fl-40"/>
      </object_component>
      <object_component id="oc-cf">
         <name>.text:_isr:__TI_ISR_TRAP</name>
         <load_address>0xc122</load_address>
         <run_address>0xc122</run_address>
         <size>0x8</size>
         <input_file_ref idref="fl-2e"/>
      </object_component>
      <object_component id="oc-1b2">
         <name>.text:abort</name>
         <load_address>0xc12a</load_address>
         <run_address>0xc12a</run_address>
         <size>0x6</size>
         <input_file_ref idref="fl-41"/>
      </object_component>
      <object_component id="oc-164">
         <name>.text:_system_pre_init</name>
         <load_address>0xc130</load_address>
         <run_address>0xc130</run_address>
         <size>0x4</size>
         <input_file_ref idref="fl-38"/>
      </object_component>
      <object_component id="oc-246">
         <name>.text:_system_post_cinit</name>
         <load_address>0xc134</load_address>
         <run_address>0xc134</run_address>
         <size>0x2</size>
         <input_file_ref idref="fl-39"/>
      </object_component>
      <object_component id="oc-501">
         <name>.cinit..data.load</name>
         <load_address>0xc264</load_address>
         <run_address>0xc264</run_address>
         <size>0xd</size>
      </object_component>
      <object_component id="oc-4fe">
         <name>__TI_handler_table</name>
         <load_address>0xc272</load_address>
         <run_address>0xc272</run_address>
         <size>0x6</size>
      </object_component>
      <object_component id="oc-500">
         <name>.cinit..bss.load</name>
         <load_address>0xc278</load_address>
         <run_address>0xc278</run_address>
         <size>0x4</size>
      </object_component>
      <object_component id="oc-4ff">
         <name>__TI_cinit_table</name>
         <load_address>0xc27c</load_address>
         <run_address>0xc27c</run_address>
         <size>0x8</size>
      </object_component>
      <object_component id="oc-361">
         <name>.const:.string:_ctypes_</name>
         <load_address>0xc136</load_address>
         <run_address>0xc136</run_address>
         <size>0x101</size>
         <input_file_ref idref="fl-4d"/>
      </object_component>
      <object_component id="oc-32d">
         <name>.const:.string</name>
         <load_address>0xc238</load_address>
         <run_address>0xc238</run_address>
         <size>0x26</size>
         <input_file_ref idref="fl-4b"/>
      </object_component>
      <object_component id="oc-1aa">
         <name>.const:.string</name>
         <load_address>0xc25e</load_address>
         <run_address>0xc25e</run_address>
         <size>0x6</size>
         <input_file_ref idref="fl-3"/>
      </object_component>
      <object_component id="oc-3a">
         <name>.int02</name>
         <load_address>0xffe4</load_address>
         <run_address>0xffe4</run_address>
         <size>0x2</size>
         <input_file_ref idref="fl-27"/>
      </object_component>
      <object_component id="oc-3b">
         <name>.int03</name>
         <load_address>0xffe6</load_address>
         <run_address>0xffe6</run_address>
         <size>0x2</size>
         <input_file_ref idref="fl-28"/>
      </object_component>
      <object_component id="oc-3c">
         <name>.int05</name>
         <load_address>0xffea</load_address>
         <run_address>0xffea</run_address>
         <size>0x2</size>
         <input_file_ref idref="fl-3"/>
      </object_component>
      <object_component id="oc-3d">
         <name>.int06</name>
         <load_address>0xffec</load_address>
         <run_address>0xffec</run_address>
         <size>0x2</size>
         <input_file_ref idref="fl-3"/>
      </object_component>
      <object_component id="oc-3e">
         <name>.int07</name>
         <load_address>0xffee</load_address>
         <run_address>0xffee</run_address>
         <size>0x2</size>
         <input_file_ref idref="fl-3"/>
      </object_component>
      <object_component id="oc-3f">
         <name>.int08</name>
         <load_address>0xfff0</load_address>
         <run_address>0xfff0</run_address>
         <size>0x2</size>
         <input_file_ref idref="fl-29"/>
      </object_component>
      <object_component id="oc-40">
         <name>.int09</name>
         <load_address>0xfff2</load_address>
         <run_address>0xfff2</run_address>
         <size>0x2</size>
         <input_file_ref idref="fl-3"/>
      </object_component>
      <object_component id="oc-41">
         <name>.int10</name>
         <load_address>0xfff4</load_address>
         <run_address>0xfff4</run_address>
         <size>0x2</size>
         <input_file_ref idref="fl-2a"/>
      </object_component>
      <object_component id="oc-42">
         <name>.int12</name>
         <load_address>0xfff8</load_address>
         <run_address>0xfff8</run_address>
         <size>0x2</size>
         <input_file_ref idref="fl-2b"/>
      </object_component>
      <object_component id="oc-43">
         <name>.int13</name>
         <load_address>0xfffa</load_address>
         <run_address>0xfffa</run_address>
         <size>0x2</size>
         <input_file_ref idref="fl-2c"/>
      </object_component>
      <object_component id="oc-44">
         <name>.int14</name>
         <load_address>0xfffc</load_address>
         <run_address>0xfffc</run_address>
         <size>0x2</size>
         <input_file_ref idref="fl-2d"/>
      </object_component>
      <object_component id="oc-a7">
         <name>.reset</name>
         <load_address>0xfffe</load_address>
         <run_address>0xfffe</run_address>
         <size>0x2</size>
         <input_file_ref idref="fl-33"/>
      </object_component>
      <object_component id="oc-155">
         <name>.debug_info</name>
         <load_address>0x0</load_address>
         <run_address>0x0</run_address>
         <size>0x2b7</size>
         <input_file_ref idref="fl-2"/>
      </object_component>
      <object_component id="oc-152">
         <name>.debug_info</name>
         <load_address>0x2b7</load_address>
         <run_address>0x2b7</run_address>
         <size>0x177</size>
         <input_file_ref idref="fl-2"/>
      </object_component>
      <object_component id="oc-22e">
         <name>.debug_info</name>
         <load_address>0x42e</load_address>
         <run_address>0x42e</run_address>
         <size>0x11a</size>
         <input_file_ref idref="fl-2"/>
      </object_component>
      <object_component id="oc-1ac">
         <name>.debug_info</name>
         <load_address>0x548</load_address>
         <run_address>0x548</run_address>
         <size>0x13f</size>
         <input_file_ref idref="fl-2"/>
      </object_component>
      <object_component id="oc-1a6">
         <name>.debug_info</name>
         <load_address>0x687</load_address>
         <run_address>0x687</run_address>
         <size>0x314</size>
         <input_file_ref idref="fl-2"/>
      </object_component>
      <object_component id="oc-197">
         <name>.debug_info</name>
         <load_address>0x99b</load_address>
         <run_address>0x99b</run_address>
         <size>0x26b</size>
         <input_file_ref idref="fl-2"/>
      </object_component>
      <object_component id="oc-bd">
         <name>.debug_info</name>
         <load_address>0xc06</load_address>
         <run_address>0xc06</run_address>
         <size>0x84</size>
         <input_file_ref idref="fl-2"/>
      </object_component>
      <object_component id="oc-1f1">
         <name>.debug_info</name>
         <load_address>0xc8a</load_address>
         <run_address>0xc8a</run_address>
         <size>0x275</size>
         <input_file_ref idref="fl-2"/>
      </object_component>
      <object_component id="oc-19c">
         <name>.debug_info</name>
         <load_address>0xeff</load_address>
         <run_address>0xeff</run_address>
         <size>0x2c</size>
         <input_file_ref idref="fl-2"/>
      </object_component>
      <object_component id="oc-148">
         <name>.debug_info</name>
         <load_address>0xf2b</load_address>
         <run_address>0xf2b</run_address>
         <size>0x1f0</size>
         <input_file_ref idref="fl-3"/>
      </object_component>
      <object_component id="oc-16b">
         <name>.debug_info</name>
         <load_address>0x111b</load_address>
         <run_address>0x111b</run_address>
         <size>0x11c</size>
         <input_file_ref idref="fl-3"/>
      </object_component>
      <object_component id="oc-dd">
         <name>.debug_info</name>
         <load_address>0x1237</load_address>
         <run_address>0x1237</run_address>
         <size>0x105</size>
         <input_file_ref idref="fl-3"/>
      </object_component>
      <object_component id="oc-e2">
         <name>.debug_info</name>
         <load_address>0x133c</load_address>
         <run_address>0x133c</run_address>
         <size>0x105</size>
         <input_file_ref idref="fl-3"/>
      </object_component>
      <object_component id="oc-e7">
         <name>.debug_info</name>
         <load_address>0x1441</load_address>
         <run_address>0x1441</run_address>
         <size>0xfd</size>
         <input_file_ref idref="fl-3"/>
      </object_component>
      <object_component id="oc-d6">
         <name>.debug_info</name>
         <load_address>0x153e</load_address>
         <run_address>0x153e</run_address>
         <size>0x121</size>
         <input_file_ref idref="fl-3"/>
      </object_component>
      <object_component id="oc-145">
         <name>.debug_info</name>
         <load_address>0x165f</load_address>
         <run_address>0x165f</run_address>
         <size>0x118</size>
         <input_file_ref idref="fl-1e"/>
      </object_component>
      <object_component id="oc-224">
         <name>.debug_info</name>
         <load_address>0x1777</load_address>
         <run_address>0x1777</run_address>
         <size>0x12d</size>
         <input_file_ref idref="fl-1f"/>
      </object_component>
      <object_component id="oc-288">
         <name>.debug_info</name>
         <load_address>0x18a4</load_address>
         <run_address>0x18a4</run_address>
         <size>0x119</size>
         <input_file_ref idref="fl-20"/>
      </object_component>
      <object_component id="oc-b3">
         <name>.debug_info</name>
         <load_address>0x19bd</load_address>
         <run_address>0x19bd</run_address>
         <size>0x126</size>
         <input_file_ref idref="fl-21"/>
      </object_component>
      <object_component id="oc-21f">
         <name>.debug_info</name>
         <load_address>0x1ae3</load_address>
         <run_address>0x1ae3</run_address>
         <size>0x119</size>
         <input_file_ref idref="fl-22"/>
      </object_component>
      <object_component id="oc-20a">
         <name>.debug_info</name>
         <load_address>0x1bfc</load_address>
         <run_address>0x1bfc</run_address>
         <size>0x125</size>
         <input_file_ref idref="fl-23"/>
      </object_component>
      <object_component id="oc-21a">
         <name>.debug_info</name>
         <load_address>0x1d21</load_address>
         <run_address>0x1d21</run_address>
         <size>0x122</size>
         <input_file_ref idref="fl-24"/>
      </object_component>
      <object_component id="oc-20e">
         <name>.debug_info</name>
         <load_address>0x1e43</load_address>
         <run_address>0x1e43</run_address>
         <size>0x119</size>
         <input_file_ref idref="fl-25"/>
      </object_component>
      <object_component id="oc-213">
         <name>.debug_info</name>
         <load_address>0x1f5c</load_address>
         <run_address>0x1f5c</run_address>
         <size>0x12d</size>
         <input_file_ref idref="fl-26"/>
      </object_component>
      <object_component id="oc-d2">
         <name>.debug_info</name>
         <load_address>0x2089</load_address>
         <run_address>0x2089</run_address>
         <size>0x107</size>
         <input_file_ref idref="fl-2e"/>
      </object_component>
      <object_component id="oc-a9">
         <name>.debug_info</name>
         <load_address>0x2190</load_address>
         <run_address>0x2190</run_address>
         <size>0x118</size>
         <input_file_ref idref="fl-2f"/>
      </object_component>
      <object_component id="oc-4a7">
         <name>.debug_info</name>
         <load_address>0x22a8</load_address>
         <run_address>0x22a8</run_address>
         <size>0x118</size>
         <input_file_ref idref="fl-30"/>
      </object_component>
      <object_component id="oc-268">
         <name>.debug_info</name>
         <load_address>0x23c0</load_address>
         <run_address>0x23c0</run_address>
         <size>0x11e</size>
         <input_file_ref idref="fl-30"/>
      </object_component>
      <object_component id="oc-ae">
         <name>.debug_info</name>
         <load_address>0x24de</load_address>
         <run_address>0x24de</run_address>
         <size>0x118</size>
         <input_file_ref idref="fl-31"/>
      </object_component>
      <object_component id="oc-417">
         <name>.debug_info</name>
         <load_address>0x25f6</load_address>
         <run_address>0x25f6</run_address>
         <size>0x118</size>
         <input_file_ref idref="fl-32"/>
      </object_component>
      <object_component id="oc-26d">
         <name>.debug_info</name>
         <load_address>0x270e</load_address>
         <run_address>0x270e</run_address>
         <size>0x11e</size>
         <input_file_ref idref="fl-32"/>
      </object_component>
      <object_component id="oc-a5">
         <name>.debug_info</name>
         <load_address>0x282c</load_address>
         <run_address>0x282c</run_address>
         <size>0xf5</size>
         <input_file_ref idref="fl-33"/>
      </object_component>
      <object_component id="oc-ff">
         <name>.debug_info</name>
         <load_address>0x2921</load_address>
         <run_address>0x2921</run_address>
         <size>0x16f</size>
         <input_file_ref idref="fl-33"/>
      </object_component>
      <object_component id="oc-24d">
         <name>.debug_info</name>
         <load_address>0x2a90</load_address>
         <run_address>0x2a90</run_address>
         <size>0x472</size>
         <input_file_ref idref="fl-34"/>
      </object_component>
      <object_component id="oc-1c1">
         <name>.debug_info</name>
         <load_address>0x2f02</load_address>
         <run_address>0x2f02</run_address>
         <size>0x1d5</size>
         <input_file_ref idref="fl-34"/>
      </object_component>
      <object_component id="oc-2b9">
         <name>.debug_info</name>
         <load_address>0x30d7</load_address>
         <run_address>0x30d7</run_address>
         <size>0x39</size>
         <input_file_ref idref="fl-34"/>
      </object_component>
      <object_component id="oc-2ca">
         <name>.debug_info</name>
         <load_address>0x3110</load_address>
         <run_address>0x3110</run_address>
         <size>0x2c</size>
         <input_file_ref idref="fl-34"/>
      </object_component>
      <object_component id="oc-258">
         <name>.debug_info</name>
         <load_address>0x313c</load_address>
         <run_address>0x313c</run_address>
         <size>0x2c</size>
         <input_file_ref idref="fl-34"/>
      </object_component>
      <object_component id="oc-2be">
         <name>.debug_info</name>
         <load_address>0x3168</load_address>
         <run_address>0x3168</run_address>
         <size>0xcd</size>
         <input_file_ref idref="fl-34"/>
      </object_component>
      <object_component id="oc-162">
         <name>.debug_info</name>
         <load_address>0x3235</load_address>
         <run_address>0x3235</run_address>
         <size>0x1b4</size>
         <input_file_ref idref="fl-35"/>
      </object_component>
      <object_component id="oc-ef">
         <name>.debug_info</name>
         <load_address>0x33e9</load_address>
         <run_address>0x33e9</run_address>
         <size>0x1c7</size>
         <input_file_ref idref="fl-35"/>
      </object_component>
      <object_component id="oc-15d">
         <name>.debug_info</name>
         <load_address>0x35b0</load_address>
         <run_address>0x35b0</run_address>
         <size>0x46</size>
         <input_file_ref idref="fl-35"/>
      </object_component>
      <object_component id="oc-135">
         <name>.debug_info</name>
         <load_address>0x35f6</load_address>
         <run_address>0x35f6</run_address>
         <size>0x2c</size>
         <input_file_ref idref="fl-35"/>
      </object_component>
      <object_component id="oc-165">
         <name>.debug_info</name>
         <load_address>0x3622</load_address>
         <run_address>0x3622</run_address>
         <size>0x148</size>
         <input_file_ref idref="fl-38"/>
      </object_component>
      <object_component id="oc-247">
         <name>.debug_info</name>
         <load_address>0x376a</load_address>
         <run_address>0x376a</run_address>
         <size>0x145</size>
         <input_file_ref idref="fl-39"/>
      </object_component>
      <object_component id="oc-ce">
         <name>.debug_info</name>
         <load_address>0x38af</load_address>
         <run_address>0x38af</run_address>
         <size>0x175</size>
         <input_file_ref idref="fl-3a"/>
      </object_component>
      <object_component id="oc-38">
         <name>.debug_info</name>
         <load_address>0x3a24</load_address>
         <run_address>0x3a24</run_address>
         <size>0x1df</size>
         <input_file_ref idref="fl-3a"/>
      </object_component>
      <object_component id="oc-c9">
         <name>.debug_info</name>
         <load_address>0x3c03</load_address>
         <run_address>0x3c03</run_address>
         <size>0x46</size>
         <input_file_ref idref="fl-3a"/>
      </object_component>
      <object_component id="oc-13a">
         <name>.debug_info</name>
         <load_address>0x3c49</load_address>
         <run_address>0x3c49</run_address>
         <size>0x2c</size>
         <input_file_ref idref="fl-3a"/>
      </object_component>
      <object_component id="oc-132">
         <name>.debug_info</name>
         <load_address>0x3c75</load_address>
         <run_address>0x3c75</run_address>
         <size>0x16b</size>
         <input_file_ref idref="fl-3b"/>
      </object_component>
      <object_component id="oc-2f">
         <name>.debug_info</name>
         <load_address>0x3de0</load_address>
         <run_address>0x3de0</run_address>
         <size>0x287</size>
         <input_file_ref idref="fl-3b"/>
      </object_component>
      <object_component id="oc-b8">
         <name>.debug_info</name>
         <load_address>0x4067</load_address>
         <run_address>0x4067</run_address>
         <size>0x60</size>
         <input_file_ref idref="fl-3b"/>
      </object_component>
      <object_component id="oc-186">
         <name>.debug_info</name>
         <load_address>0x40c7</load_address>
         <run_address>0x40c7</run_address>
         <size>0x46</size>
         <input_file_ref idref="fl-3b"/>
      </object_component>
      <object_component id="oc-12d">
         <name>.debug_info</name>
         <load_address>0x410d</load_address>
         <run_address>0x410d</run_address>
         <size>0x39</size>
         <input_file_ref idref="fl-3b"/>
      </object_component>
      <object_component id="oc-27f">
         <name>.debug_info</name>
         <load_address>0x4146</load_address>
         <run_address>0x4146</run_address>
         <size>0x197</size>
         <input_file_ref idref="fl-3c"/>
      </object_component>
      <object_component id="oc-1fd">
         <name>.debug_info</name>
         <load_address>0x42dd</load_address>
         <run_address>0x42dd</run_address>
         <size>0x27f</size>
         <input_file_ref idref="fl-3c"/>
      </object_component>
      <object_component id="oc-27a">
         <name>.debug_info</name>
         <load_address>0x455c</load_address>
         <run_address>0x455c</run_address>
         <size>0x94</size>
         <input_file_ref idref="fl-3c"/>
      </object_component>
      <object_component id="oc-272">
         <name>.debug_info</name>
         <load_address>0x45f0</load_address>
         <run_address>0x45f0</run_address>
         <size>0x160</size>
         <input_file_ref idref="fl-3d"/>
      </object_component>
      <object_component id="oc-1f8">
         <name>.debug_info</name>
         <load_address>0x4750</load_address>
         <run_address>0x4750</run_address>
         <size>0x1d8</size>
         <input_file_ref idref="fl-3d"/>
      </object_component>
      <object_component id="oc-2de">
         <name>.debug_info</name>
         <load_address>0x4928</load_address>
         <run_address>0x4928</run_address>
         <size>0x167</size>
         <input_file_ref idref="fl-3e"/>
      </object_component>
      <object_component id="oc-277">
         <name>.debug_info</name>
         <load_address>0x4a8f</load_address>
         <run_address>0x4a8f</run_address>
         <size>0x5c4</size>
         <input_file_ref idref="fl-3e"/>
      </object_component>
      <object_component id="oc-281">
         <name>.debug_info</name>
         <load_address>0x5053</load_address>
         <run_address>0x5053</run_address>
         <size>0x15a</size>
         <input_file_ref idref="fl-3f"/>
      </object_component>
      <object_component id="oc-203">
         <name>.debug_info</name>
         <load_address>0x51ad</load_address>
         <run_address>0x51ad</run_address>
         <size>0x1cd</size>
         <input_file_ref idref="fl-3f"/>
      </object_component>
      <object_component id="oc-14b">
         <name>.debug_info</name>
         <load_address>0x537a</load_address>
         <run_address>0x537a</run_address>
         <size>0x135</size>
         <input_file_ref idref="fl-40"/>
      </object_component>
      <object_component id="oc-1b3">
         <name>.debug_info</name>
         <load_address>0x54af</load_address>
         <run_address>0x54af</run_address>
         <size>0x117</size>
         <input_file_ref idref="fl-41"/>
      </object_component>
      <object_component id="oc-134">
         <name>.debug_info</name>
         <load_address>0x55c6</load_address>
         <run_address>0x55c6</run_address>
         <size>0x176</size>
         <input_file_ref idref="fl-44"/>
      </object_component>
      <object_component id="oc-c3">
         <name>.debug_info</name>
         <load_address>0x573c</load_address>
         <run_address>0x573c</run_address>
         <size>0x16f</size>
         <input_file_ref idref="fl-44"/>
      </object_component>
      <object_component id="oc-2a0">
         <name>.debug_info</name>
         <load_address>0x58ab</load_address>
         <run_address>0x58ab</run_address>
         <size>0x20b</size>
         <input_file_ref idref="fl-45"/>
      </object_component>
      <object_component id="oc-228">
         <name>.debug_info</name>
         <load_address>0x5ab6</load_address>
         <run_address>0x5ab6</run_address>
         <size>0x1ef</size>
         <input_file_ref idref="fl-45"/>
      </object_component>
      <object_component id="oc-28e">
         <name>.debug_info</name>
         <load_address>0x5ca5</load_address>
         <run_address>0x5ca5</run_address>
         <size>0x190</size>
         <input_file_ref idref="fl-45"/>
      </object_component>
      <object_component id="oc-294">
         <name>.debug_info</name>
         <load_address>0x5e35</load_address>
         <run_address>0x5e35</run_address>
         <size>0x165</size>
         <input_file_ref idref="fl-45"/>
      </object_component>
      <object_component id="oc-34e">
         <name>.debug_info</name>
         <load_address>0x5f9a</load_address>
         <run_address>0x5f9a</run_address>
         <size>0x2c</size>
         <input_file_ref idref="fl-45"/>
      </object_component>
      <object_component id="oc-4ad">
         <name>.debug_info</name>
         <load_address>0x5fc6</load_address>
         <run_address>0x5fc6</run_address>
         <size>0x118</size>
         <input_file_ref idref="fl-46"/>
      </object_component>
      <object_component id="oc-2da">
         <name>.debug_info</name>
         <load_address>0x60de</load_address>
         <run_address>0x60de</run_address>
         <size>0x11e</size>
         <input_file_ref idref="fl-46"/>
      </object_component>
      <object_component id="oc-2c6">
         <name>.debug_info</name>
         <load_address>0x61fc</load_address>
         <run_address>0x61fc</run_address>
         <size>0x119</size>
         <input_file_ref idref="fl-47"/>
      </object_component>
      <object_component id="oc-2d4">
         <name>.debug_info</name>
         <load_address>0x6315</load_address>
         <run_address>0x6315</run_address>
         <size>0x119</size>
         <input_file_ref idref="fl-48"/>
      </object_component>
      <object_component id="oc-3c2">
         <name>.debug_info</name>
         <load_address>0x642e</load_address>
         <run_address>0x642e</run_address>
         <size>0x188</size>
         <input_file_ref idref="fl-4a"/>
      </object_component>
      <object_component id="oc-305">
         <name>.debug_info</name>
         <load_address>0x65b6</load_address>
         <run_address>0x65b6</run_address>
         <size>0x538</size>
         <input_file_ref idref="fl-4b"/>
      </object_component>
      <object_component id="oc-2ee">
         <name>.debug_info</name>
         <load_address>0x6aee</load_address>
         <run_address>0x6aee</run_address>
         <size>0x23d</size>
         <input_file_ref idref="fl-4b"/>
      </object_component>
      <object_component id="oc-368">
         <name>.debug_info</name>
         <load_address>0x6d2b</load_address>
         <run_address>0x6d2b</run_address>
         <size>0x1a8</size>
         <input_file_ref idref="fl-4b"/>
      </object_component>
      <object_component id="oc-36e">
         <name>.debug_info</name>
         <load_address>0x6ed3</load_address>
         <run_address>0x6ed3</run_address>
         <size>0x27c</size>
         <input_file_ref idref="fl-4b"/>
      </object_component>
      <object_component id="oc-330">
         <name>.debug_info</name>
         <load_address>0x714f</load_address>
         <run_address>0x714f</run_address>
         <size>0x240</size>
         <input_file_ref idref="fl-4b"/>
      </object_component>
      <object_component id="oc-3cd">
         <name>.debug_info</name>
         <load_address>0x738f</load_address>
         <run_address>0x738f</run_address>
         <size>0x3c0</size>
         <input_file_ref idref="fl-4b"/>
      </object_component>
      <object_component id="oc-3d3">
         <name>.debug_info</name>
         <load_address>0x774f</load_address>
         <run_address>0x774f</run_address>
         <size>0x1b2</size>
         <input_file_ref idref="fl-4b"/>
      </object_component>
      <object_component id="oc-3d9">
         <name>.debug_info</name>
         <load_address>0x7901</load_address>
         <run_address>0x7901</run_address>
         <size>0x210</size>
         <input_file_ref idref="fl-4b"/>
      </object_component>
      <object_component id="oc-381">
         <name>.debug_info</name>
         <load_address>0x7b11</load_address>
         <run_address>0x7b11</run_address>
         <size>0x262</size>
         <input_file_ref idref="fl-4b"/>
      </object_component>
      <object_component id="oc-3e0">
         <name>.debug_info</name>
         <load_address>0x7d73</load_address>
         <run_address>0x7d73</run_address>
         <size>0x3d7</size>
         <input_file_ref idref="fl-4b"/>
      </object_component>
      <object_component id="oc-3e6">
         <name>.debug_info</name>
         <load_address>0x814a</load_address>
         <run_address>0x814a</run_address>
         <size>0x1fb</size>
         <input_file_ref idref="fl-4b"/>
      </object_component>
      <object_component id="oc-387">
         <name>.debug_info</name>
         <load_address>0x8345</load_address>
         <run_address>0x8345</run_address>
         <size>0x227</size>
         <input_file_ref idref="fl-4b"/>
      </object_component>
      <object_component id="oc-38d">
         <name>.debug_info</name>
         <load_address>0x856c</load_address>
         <run_address>0x856c</run_address>
         <size>0x36b</size>
         <input_file_ref idref="fl-4b"/>
      </object_component>
      <object_component id="oc-3fa">
         <name>.debug_info</name>
         <load_address>0x88d7</load_address>
         <run_address>0x88d7</run_address>
         <size>0x44e</size>
         <input_file_ref idref="fl-4b"/>
      </object_component>
      <object_component id="oc-393">
         <name>.debug_info</name>
         <load_address>0x8d25</load_address>
         <run_address>0x8d25</run_address>
         <size>0x275</size>
         <input_file_ref idref="fl-4b"/>
      </object_component>
      <object_component id="oc-336">
         <name>.debug_info</name>
         <load_address>0x8f9a</load_address>
         <run_address>0x8f9a</run_address>
         <size>0x362</size>
         <input_file_ref idref="fl-4b"/>
      </object_component>
      <object_component id="oc-2f4">
         <name>.debug_info</name>
         <load_address>0x92fc</load_address>
         <run_address>0x92fc</run_address>
         <size>0x2fa</size>
         <input_file_ref idref="fl-4b"/>
      </object_component>
      <object_component id="oc-2fa">
         <name>.debug_info</name>
         <load_address>0x95f6</load_address>
         <run_address>0x95f6</run_address>
         <size>0x262</size>
         <input_file_ref idref="fl-4b"/>
      </object_component>
      <object_component id="oc-300">
         <name>.debug_info</name>
         <load_address>0x9858</load_address>
         <run_address>0x9858</run_address>
         <size>0x25f</size>
         <input_file_ref idref="fl-4b"/>
      </object_component>
      <object_component id="oc-29b">
         <name>.debug_info</name>
         <load_address>0x9ab7</load_address>
         <run_address>0x9ab7</run_address>
         <size>0x32f</size>
         <input_file_ref idref="fl-4b"/>
      </object_component>
      <object_component id="oc-306">
         <name>.debug_info</name>
         <load_address>0x9de6</load_address>
         <run_address>0x9de6</run_address>
         <size>0x86</size>
         <input_file_ref idref="fl-4b"/>
      </object_component>
      <object_component id="oc-353">
         <name>.debug_info</name>
         <load_address>0x9e6c</load_address>
         <run_address>0x9e6c</run_address>
         <size>0x39</size>
         <input_file_ref idref="fl-4b"/>
      </object_component>
      <object_component id="oc-409">
         <name>.debug_info</name>
         <load_address>0x9ea5</load_address>
         <run_address>0x9ea5</run_address>
         <size>0x94</size>
         <input_file_ref idref="fl-4b"/>
      </object_component>
      <object_component id="oc-3a9">
         <name>.debug_info</name>
         <load_address>0x9f39</load_address>
         <run_address>0x9f39</run_address>
         <size>0x46</size>
         <input_file_ref idref="fl-4b"/>
      </object_component>
      <object_component id="oc-358">
         <name>.debug_info</name>
         <load_address>0x9f7f</load_address>
         <run_address>0x9f7f</run_address>
         <size>0x46</size>
         <input_file_ref idref="fl-4b"/>
      </object_component>
      <object_component id="oc-365">
         <name>.debug_info</name>
         <load_address>0x9fc5</load_address>
         <run_address>0x9fc5</run_address>
         <size>0x186</size>
         <input_file_ref idref="fl-4c"/>
      </object_component>
      <object_component id="oc-32a">
         <name>.debug_info</name>
         <load_address>0xa14b</load_address>
         <run_address>0xa14b</run_address>
         <size>0x185</size>
         <input_file_ref idref="fl-4c"/>
      </object_component>
      <object_component id="oc-3b2">
         <name>.debug_info</name>
         <load_address>0xa2d0</load_address>
         <run_address>0xa2d0</run_address>
         <size>0xee</size>
         <input_file_ref idref="fl-4d"/>
      </object_component>
      <object_component id="oc-362">
         <name>.debug_info</name>
         <load_address>0xa3be</load_address>
         <run_address>0xa3be</run_address>
         <size>0xfa</size>
         <input_file_ref idref="fl-4d"/>
      </object_component>
      <object_component id="oc-471">
         <name>.debug_info</name>
         <load_address>0xa4b8</load_address>
         <run_address>0xa4b8</run_address>
         <size>0x168</size>
         <input_file_ref idref="fl-4e"/>
      </object_component>
      <object_component id="oc-428">
         <name>.debug_info</name>
         <load_address>0xa620</load_address>
         <run_address>0xa620</run_address>
         <size>0x1f6</size>
         <input_file_ref idref="fl-4e"/>
      </object_component>
      <object_component id="oc-39f">
         <name>.debug_info</name>
         <load_address>0xa816</load_address>
         <run_address>0xa816</run_address>
         <size>0x163</size>
         <input_file_ref idref="fl-4f"/>
      </object_component>
      <object_component id="oc-33b">
         <name>.debug_info</name>
         <load_address>0xa979</load_address>
         <run_address>0xa979</run_address>
         <size>0x1ab</size>
         <input_file_ref idref="fl-4f"/>
      </object_component>
      <object_component id="oc-360">
         <name>.debug_info</name>
         <load_address>0xab24</load_address>
         <run_address>0xab24</run_address>
         <size>0x162</size>
         <input_file_ref idref="fl-50"/>
      </object_component>
      <object_component id="oc-324">
         <name>.debug_info</name>
         <load_address>0xac86</load_address>
         <run_address>0xac86</run_address>
         <size>0x25a</size>
         <input_file_ref idref="fl-50"/>
      </object_component>
      <object_component id="oc-490">
         <name>.debug_info</name>
         <load_address>0xaee0</load_address>
         <run_address>0xaee0</run_address>
         <size>0x167</size>
         <input_file_ref idref="fl-51"/>
      </object_component>
      <object_component id="oc-45b">
         <name>.debug_info</name>
         <load_address>0xb047</load_address>
         <run_address>0xb047</run_address>
         <size>0x24d</size>
         <input_file_ref idref="fl-51"/>
      </object_component>
      <object_component id="oc-31f">
         <name>.debug_info</name>
         <load_address>0xb294</load_address>
         <run_address>0xb294</run_address>
         <size>0x157</size>
         <input_file_ref idref="fl-52"/>
      </object_component>
      <object_component id="oc-2e8">
         <name>.debug_info</name>
         <load_address>0xb3eb</load_address>
         <run_address>0xb3eb</run_address>
         <size>0x215</size>
         <input_file_ref idref="fl-52"/>
      </object_component>
      <object_component id="oc-3c9">
         <name>.debug_info</name>
         <load_address>0xb600</load_address>
         <run_address>0xb600</run_address>
         <size>0x183</size>
         <input_file_ref idref="fl-53"/>
      </object_component>
      <object_component id="oc-374">
         <name>.debug_info</name>
         <load_address>0xb783</load_address>
         <run_address>0xb783</run_address>
         <size>0x149</size>
         <input_file_ref idref="fl-53"/>
      </object_component>
      <object_component id="oc-3a6">
         <name>.debug_info</name>
         <load_address>0xb8cc</load_address>
         <run_address>0xb8cc</run_address>
         <size>0x15c</size>
         <input_file_ref idref="fl-54"/>
      </object_component>
      <object_component id="oc-344">
         <name>.debug_info</name>
         <load_address>0xba28</load_address>
         <run_address>0xba28</run_address>
         <size>0x14f</size>
         <input_file_ref idref="fl-54"/>
      </object_component>
      <object_component id="oc-402">
         <name>.debug_info</name>
         <load_address>0xbb77</load_address>
         <run_address>0xbb77</run_address>
         <size>0x39</size>
         <input_file_ref idref="fl-54"/>
      </object_component>
      <object_component id="oc-3a1">
         <name>.debug_info</name>
[...]
         <name>__mspabi_slli_11</name>
         <value>0xbee4</value>
         <object_component_ref idref="oc-a8"/>
      </symbol>
      <symbol id="sm-201">
         <name>__mspabi_slli_10</name>
         <value>0xbee6</value>
         <object_component_ref idref="oc-a8"/>
      </symbol>
      <symbol id="sm-211">
         <name>__mspabi_slll_9</name>
         <value>0xbd28</value>
         <object_component_ref idref="oc-267"/>
      </symbol>
      <symbol id="sm-212">
         <name>__mspabi_slll_8</name>
         <value>0xbd2c</value>
         <object_component_ref idref="oc-267"/>
      </symbol>
      <symbol id="sm-213">
         <name>__mspabi_slll_7</name>
         <value>0xbd30</value>
         <object_component_ref idref="oc-267"/>
      </symbol>
      <symbol id="sm-214">
         <name>__mspabi_slll_6</name>
         <value>0xbd34</value>
         <object_component_ref idref="oc-267"/>
      </symbol>
      <symbol id="sm-215">
         <name>__mspabi_slll_5</name>
         <value>0xbd38</value>
         <object_component_ref idref="oc-267"/>
      </symbol>
      <symbol id="sm-216">
         <name>__mspabi_slll_4</name>
         <value>0xbd3c</value>
         <object_component_ref idref="oc-267"/>
      </symbol>
      <symbol id="sm-217">
         <name>__mspabi_slll_3</name>
         <value>0xbd40</value>
         <object_component_ref idref="oc-267"/>
      </symbol>
      <symbol id="sm-218">
         <name>__mspabi_slll_2</name>
         <value>0xbd44</value>
         <object_component_ref idref="oc-267"/>
      </symbol>
      <symbol id="sm-219">
         <name>__mspabi_slll_1</name>
         <value>0xbd48</value>
         <object_component_ref idref="oc-267"/>
      </symbol>
      <symbol id="sm-21a">
         <name>__mspabi_slll</name>
         <value>0xc0d2</value>
         <object_component_ref idref="oc-4a6"/>
      </symbol>
      <symbol id="sm-21b">
         <name>__mspabi_slll_15</name>
         <value>0xbd10</value>
         <object_component_ref idref="oc-267"/>
      </symbol>
      <symbol id="sm-21c">
         <name>__mspabi_slll_14</name>
         <value>0xbd14</value>
         <object_component_ref idref="oc-267"/>
      </symbol>
      <symbol id="sm-21d">
         <name>__mspabi_slll_13</name>
         <value>0xbd18</value>
         <object_component_ref idref="oc-267"/>
      </symbol>
      <symbol id="sm-21e">
         <name>__mspabi_slll_12</name>
         <value>0xbd1c</value>
         <object_component_ref idref="oc-267"/>
      </symbol>
      <symbol id="sm-21f">
         <name>__mspabi_slll_11</name>
         <value>0xbd20</value>
         <object_component_ref idref="oc-267"/>
      </symbol>
      <symbol id="sm-220">
         <name>__mspabi_slll_10</name>
         <value>0xbd24</value>
         <object_component_ref idref="oc-267"/>
      </symbol>
      <symbol id="sm-228">
         <name>__mspabi_srli_8</name>
         <value>0xbb5a</value>
         <object_component_ref idref="oc-ad"/>
      </symbol>
      <symbol id="sm-229">
         <name>__mspabi_srli_9</name>
         <value>0xbb56</value>
         <object_component_ref idref="oc-ad"/>
      </symbol>
      <symbol id="sm-22a">
         <name>__mspabi_srli_6</name>
         <value>0xbb62</value>
         <object_component_ref idref="oc-ad"/>
      </symbol>
      <symbol id="sm-22b">
         <name>__mspabi_srli_7</name>
         <value>0xbb5e</value>
         <object_component_ref idref="oc-ad"/>
      </symbol>
      <symbol id="sm-22c">
         <name>__mspabi_srli_4</name>
         <value>0xbb6a</value>
         <object_component_ref idref="oc-ad"/>
      </symbol>
      <symbol id="sm-22d">
         <name>__mspabi_srli_5</name>
         <value>0xbb66</value>
         <object_component_ref idref="oc-ad"/>
      </symbol>
      <symbol id="sm-22e">
         <name>__mspabi_srli_2</name>
         <value>0xbb72</value>
         <object_component_ref idref="oc-ad"/>
      </symbol>
      <symbol id="sm-22f">
         <name>__mspabi_srli_3</name>
         <value>0xbb6e</value>
         <object_component_ref idref="oc-ad"/>
      </symbol>
      <symbol id="sm-230">
         <name>__mspabi_srli_1</name>
         <value>0xbb76</value>
         <object_component_ref idref="oc-ad"/>
      </symbol>
      <symbol id="sm-231">
         <name>__mspabi_srli</name>
         <value>0xbb30</value>
         <object_component_ref idref="oc-ad"/>
      </symbol>
      <symbol id="sm-232">
         <name>__mspabi_srli_15</name>
         <value>0xbb3e</value>
         <object_component_ref idref="oc-ad"/>
      </symbol>
      <symbol id="sm-233">
         <name>__mspabi_srli_14</name>
         <value>0xbb42</value>
         <object_component_ref idref="oc-ad"/>
      </symbol>
      <symbol id="sm-234">
         <name>__mspabi_srli_13</name>
         <value>0xbb46</value>
         <object_component_ref idref="oc-ad"/>
      </symbol>
      <symbol id="sm-235">
         <name>__mspabi_srli_12</name>
         <value>0xbb4a</value>
         <object_component_ref idref="oc-ad"/>
      </symbol>
      <symbol id="sm-236">
         <name>__mspabi_srli_11</name>
         <value>0xbb4e</value>
         <object_component_ref idref="oc-ad"/>
      </symbol>
      <symbol id="sm-237">
         <name>__mspabi_srli_10</name>
         <value>0xbb52</value>
         <object_component_ref idref="oc-ad"/>
      </symbol>
      <symbol id="sm-247">
         <name>__mspabi_srll_8</name>
         <value>0xba06</value>
         <object_component_ref idref="oc-26c"/>
      </symbol>
      <symbol id="sm-248">
         <name>__mspabi_srll_9</name>
         <value>0xba00</value>
         <object_component_ref idref="oc-26c"/>
      </symbol>
      <symbol id="sm-249">
         <name>__mspabi_srll_6</name>
         <value>0xba12</value>
         <object_component_ref idref="oc-26c"/>
      </symbol>
      <symbol id="sm-24a">
         <name>__mspabi_srll_7</name>
         <value>0xba0c</value>
         <object_component_ref idref="oc-26c"/>
      </symbol>
      <symbol id="sm-24b">
         <name>__mspabi_srll_4</name>
         <value>0xba1e</value>
         <object_component_ref idref="oc-26c"/>
      </symbol>
      <symbol id="sm-24c">
         <name>__mspabi_srll_5</name>
         <value>0xba18</value>
         <object_component_ref idref="oc-26c"/>
      </symbol>
      <symbol id="sm-24d">
         <name>__mspabi_srll_2</name>
         <value>0xba2a</value>
         <object_component_ref idref="oc-26c"/>
      </symbol>
      <symbol id="sm-24e">
         <name>__mspabi_srll_3</name>
         <value>0xba24</value>
         <object_component_ref idref="oc-26c"/>
      </symbol>
      <symbol id="sm-24f">
         <name>__mspabi_srll_1</name>
         <value>0xba30</value>
         <object_component_ref idref="oc-26c"/>
      </symbol>
      <symbol id="sm-250">
         <name>__mspabi_srll_15</name>
         <value>0xb9dc</value>
         <object_component_ref idref="oc-26c"/>
      </symbol>
      <symbol id="sm-251">
         <name>__mspabi_srll_14</name>
         <value>0xb9e2</value>
         <object_component_ref idref="oc-26c"/>
      </symbol>
      <symbol id="sm-252">
         <name>__mspabi_srll_13</name>
         <value>0xb9e8</value>
         <object_component_ref idref="oc-26c"/>
      </symbol>
      <symbol id="sm-253">
         <name>__mspabi_srll_12</name>
         <value>0xb9ee</value>
         <object_component_ref idref="oc-26c"/>
      </symbol>
      <symbol id="sm-254">
         <name>__mspabi_srll_11</name>
         <value>0xb9f4</value>
         <object_component_ref idref="oc-26c"/>
      </symbol>
      <symbol id="sm-255">
         <name>__mspabi_srll_10</name>
         <value>0xb9fa</value>
         <object_component_ref idref="oc-26c"/>
      </symbol>
      <symbol id="sm-256">
         <name>__mspabi_srll</name>
         <value>0xc09e</value>
         <object_component_ref idref="oc-416"/>
      </symbol>
      <symbol id="sm-266">
         <name>_stack</name>
         <value>0x5b0</value>
         <object_component_ref idref="oc-a4"/>
      </symbol>
      <symbol id="sm-267">
         <name>_c_int00_noargs</name>
         <value>0xbf90</value>
         <object_component_ref idref="oc-fe"/>
      </symbol>
      <symbol id="sm-268">
         <name>_reset_vector</name>
         <value>0xfffe</value>
         <object_component_ref idref="oc-a7"/>
      </symbol>
      <symbol id="sm-28a">
         <name>__TI_auto_init_nobinit_nopinit</name>
         <value>0xbc50</value>
         <object_component_ref idref="oc-1be"/>
      </symbol>
      <symbol id="sm-2a2">
         <name>__TI_zero_init_nomemset</name>
         <value>0xc02a</value>
         <object_component_ref idref="oc-ec"/>
      </symbol>
      <symbol id="sm-2ad">
         <name>_system_pre_init</name>
         <value>0xc130</value>
         <object_component_ref idref="oc-164"/>
      </symbol>
      <symbol id="sm-2b6">
         <name>_system_post_cinit</name>
         <value>0xc134</value>
         <object_component_ref idref="oc-246"/>
      </symbol>
      <symbol id="sm-2cc">
         <name>__TI_decompress_none</name>
         <value>0xc08c</value>
         <object_component_ref idref="oc-34"/>
      </symbol>
      <symbol id="sm-2ef">
         <name>__TI_decompress_lzss</name>
         <value>0xb796</value>
         <object_component_ref idref="oc-2e"/>
      </symbol>
      <symbol id="sm-315">
         <name>__mspabi_divd</name>
         <value>0x9944</value>
         <object_component_ref idref="oc-1fc"/>
      </symbol>
      <symbol id="sm-32a">
         <name>__mspabi_fltuld</name>
         <value>0xb606</value>
         <object_component_ref idref="oc-1f6"/>
      </symbol>
      <symbol id="sm-345">
         <name>__TI_frcdivd</name>
         <value>0x8000</value>
         <object_component_ref idref="oc-273"/>
      </symbol>
      <symbol id="sm-358">
         <name>__mspabi_cvtdf</name>
         <value>0xb57a</value>
         <object_component_ref idref="oc-202"/>
      </symbol>
      <symbol id="sm-362">
         <name>abs</name>
         <value>0xc118</value>
         <object_component_ref idref="oc-14a"/>
      </symbol>
      <symbol id="sm-36c">
         <name>C$$EXIT</name>
         <value>0xc12a</value>
         <object_component_ref idref="oc-1b2"/>
      </symbol>
      <symbol id="sm-36d">
         <name>abort</name>
         <value>0xc12a</value>
         <object_component_ref idref="oc-1b2"/>
      </symbol>
      <symbol id="sm-37d">
         <name>memcpy</name>
         <value>0xc0b0</value>
         <object_component_ref idref="oc-c2"/>
      </symbol>
      <symbol id="sm-39e">
         <name>vsprintf</name>
         <value>0xbdba</value>
         <object_component_ref idref="oc-227"/>
      </symbol>
      <symbol id="sm-3ae">
         <name>__mspabi_sral</name>
         <value>0xc0c2</value>
         <object_component_ref idref="oc-4ab"/>
      </symbol>
      <symbol id="sm-3af">
         <name>__mspabi_sral_15</name>
         <value>0xbcd2</value>
         <object_component_ref idref="oc-2d8"/>
      </symbol>
      <symbol id="sm-3b0">
         <name>__mspabi_sral_14</name>
         <value>0xbcd6</value>
         <object_component_ref idref="oc-2d8"/>
      </symbol>
      <symbol id="sm-3b1">
         <name>__mspabi_sral_13</name>
         <value>0xbcda</value>
         <object_component_ref idref="oc-2d8"/>
      </symbol>
      <symbol id="sm-3b2">
         <name>__mspabi_sral_12</name>
         <value>0xbcde</value>
         <object_component_ref idref="oc-2d8"/>
      </symbol>
      <symbol id="sm-3b3">
         <name>__mspabi_sral_11</name>
         <value>0xbce2</value>
         <object_component_ref idref="oc-2d8"/>
      </symbol>
      <symbol id="sm-3b4">
         <name>__mspabi_sral_10</name>
         <value>0xbce6</value>
         <object_component_ref idref="oc-2d8"/>
      </symbol>
      <symbol id="sm-3b5">
         <name>__mspabi_sral_8</name>
         <value>0xbcee</value>
         <object_component_ref idref="oc-2d8"/>
      </symbol>
      <symbol id="sm-3b6">
         <name>__mspabi_sral_9</name>
         <value>0xbcea</value>
         <object_component_ref idref="oc-2d8"/>
      </symbol>
      <symbol id="sm-3b7">
         <name>__mspabi_sral_6</name>
         <value>0xbcf6</value>
         <object_component_ref idref="oc-2d8"/>
      </symbol>
      <symbol id="sm-3b8">
         <name>__mspabi_sral_7</name>
         <value>0xbcf2</value>
         <object_component_ref idref="oc-2d8"/>
      </symbol>
      <symbol id="sm-3b9">
         <name>__mspabi_sral_4</name>
         <value>0xbcfe</value>
         <object_component_ref idref="oc-2d8"/>
      </symbol>
      <symbol id="sm-3ba">
         <name>__mspabi_sral_5</name>
         <value>0xbcfa</value>
         <object_component_ref idref="oc-2d8"/>
      </symbol>
      <symbol id="sm-3bb">
         <name>__mspabi_sral_2</name>
         <value>0xbd06</value>
         <object_component_ref idref="oc-2d8"/>
      </symbol>
      <symbol id="sm-3bc">
         <name>__mspabi_sral_3</name>
         <value>0xbd02</value>
         <object_component_ref idref="oc-2d8"/>
      </symbol>
      <symbol id="sm-3bd">
         <name>__mspabi_sral_1</name>
         <value>0xbd0a</value>
         <object_component_ref idref="oc-2d8"/>
      </symbol>
      <symbol id="sm-3c7">
         <name>__mspabi_mpyi_sw</name>
         <value>0xc052</value>
         <object_component_ref idref="oc-2c3"/>
      </symbol>
      <symbol id="sm-3c8">
         <name>__mspabi_mpyi</name>
         <value>0xc052</value>
         <object_component_ref idref="oc-2c3"/>
      </symbol>
      <symbol id="sm-3d2">
         <name>__mspabi_mpyl_sw</name>
         <value>0xbf4e</value>
         <object_component_ref idref="oc-2d3"/>
      </symbol>
      <symbol id="sm-3d3">
         <name>__mspabi_mpyl</name>
         <value>0xbf4e</value>
         <object_component_ref idref="oc-2d3"/>
      </symbol>
      <symbol id="sm-3e1">
         <name>__mspabi_srlll</name>
         <value>0xbbc6</value>
         <object_component_ref idref="oc-3c1"/>
      </symbol>
      <symbol id="sm-5b2">
         <name>__TI_printfi</name>
         <value>0x8ad2</value>
         <object_component_ref idref="oc-299"/>
      </symbol>
      <symbol id="sm-5c5">
         <name>atoi</name>
         <value>0xba90</value>
         <object_component_ref idref="oc-326"/>
      </symbol>
      <symbol id="sm-5cf">
         <name>_ctypes_</name>
         <value>0xc136</value>
         <object_component_ref idref="oc-361"/>
      </symbol>
      <symbol id="sm-5de">
         <name>ltoa</name>
         <value>0xb690</value>
         <object_component_ref idref="oc-427"/>
      </symbol>
      <symbol id="sm-5ed">
         <name>memccpy</name>
         <value>0xbfe0</value>
         <object_component_ref idref="oc-33a"/>
      </symbol>
      <symbol id="sm-5fb">
         <name>memset</name>
         <value>0xc03e</value>
         <object_component_ref idref="oc-320"/>
      </symbol>
      <symbol id="sm-60a">
         <name>strchr</name>
         <value>0xbffa</value>
         <object_component_ref idref="oc-459"/>
      </symbol>
      <symbol id="sm-617">
         <name>strlen</name>
         <value>0xc0f2</value>
         <object_component_ref idref="oc-2e6"/>
      </symbol>
      <symbol id="sm-624">
         <name>toupper</name>
         <value>0xc10c</value>
         <object_component_ref idref="oc-373"/>
      </symbol>
      <symbol id="sm-63c">
         <name>wcslen</name>
         <value>0xc066</value>
         <object_component_ref idref="oc-342"/>
      </symbol>
      <symbol id="sm-658">
         <name>frexpl</name>
         <value>0xb252</value>
         <object_component_ref idref="oc-3f2"/>
      </symbol>
      <symbol id="sm-659">
         <name>frexp</name>
         <value>0xb252</value>
         <object_component_ref idref="oc-3f2"/>
      </symbol>
      <symbol id="sm-671">
         <name>scalbn</name>
         <value>0xa648</value>
         <object_component_ref idref="oc-453"/>
      </symbol>
      <symbol id="sm-672">
         <name>scalbnl</name>
         <value>0xa648</value>
         <object_component_ref idref="oc-453"/>
      </symbol>
      <symbol id="sm-673">
         <name>ldexpl</name>
         <value>0xa648</value>
         <object_component_ref idref="oc-453"/>
      </symbol>
      <symbol id="sm-674">
         <name>ldexp</name>
         <value>0xa648</value>
         <object_component_ref idref="oc-453"/>
      </symbol>
      <symbol id="sm-67d">
         <name>copysign</name>
         <value>0xbe1c</value>
         <object_component_ref idref="oc-487"/>
      </symbol>
      <symbol id="sm-67e">
         <name>copysignl</name>
         <value>0xbe1c</value>
         <object_component_ref idref="oc-487"/>
      </symbol>
      <symbol id="sm-68a">
         <name>__mspabi_remli</name>
         <value>0xbc92</value>
         <object_component_ref idref="oc-46b"/>
      </symbol>
      <symbol id="sm-68b">
         <name>__mspabi_divli</name>
         <value>0xbc92</value>
         <object_component_ref idref="oc-46b"/>
      </symbol>
      <symbol id="sm-699">
         <name>__mspabi_remul</name>
         <value>0xba38</value>
         <object_component_ref idref="oc-3bc"/>
      </symbol>
      <symbol id="sm-69a">
         <name>__mspabi_divul</name>
         <value>0xba38</value>
         <object_component_ref idref="oc-3bc"/>
      </symbol>
      <symbol id="sm-6cd">
         <name>__mspabi_divull</name>
         <value>0x8478</value>
         <object_component_ref idref="oc-3b6"/>
      </symbol>
      <symbol id="sm-6ef">
         <name>__mspabi_addd</name>
         <value>0x87d8</value>
         <object_component_ref idref="oc-474"/>
      </symbol>
      <symbol id="sm-709">
         <name>__mspabi_cmpd</name>
         <value>0xae6e</value>
         <object_component_ref idref="oc-397"/>
      </symbol>
      <symbol id="sm-716">
         <name>__mspabi_fixdi</name>
         <value>0xbf26</value>
         <object_component_ref idref="oc-439"/>
      </symbol>
      <symbol id="sm-725">
         <name>__mspabi_fixdli</name>
         <value>0xb902</value>
         <object_component_ref idref="oc-421"/>
      </symbol>
      <symbol id="sm-72e">
         <name>__mspabi_fltid</name>
         <value>0xc100</value>
         <object_component_ref idref="oc-45f"/>
      </symbol>
      <symbol id="sm-745">
         <name>__mspabi_fltlid</name>
         <value>0xb302</value>
         <object_component_ref idref="oc-42d"/>
      </symbol>
      <symbol id="sm-766">
         <name>__TI_frcaddd</name>
         <value>0x924e</value>
         <object_component_ref idref="oc-497"/>
      </symbol>
      <symbol id="sm-788">
         <name>__mspabi_mpyd</name>
         <value>0x8fe0</value>
         <object_component_ref idref="oc-3eb"/>
      </symbol>
      <symbol id="sm-791">
         <name>__mspabi_negd</name>
         <value>0xbefc</value>
         <object_component_ref idref="oc-379"/>
      </symbol>
      <symbol id="sm-7a4">
         <name>__TI_renormd</name>
         <value>0xb194</value>
         <object_component_ref idref="oc-4b0"/>
      </symbol>
      <symbol id="sm-7ad">
         <name>__mspabi_subd</name>
         <value>0xbdee</value>
         <object_component_ref idref="oc-433"/>
      </symbol>
      <symbol id="sm-7b4">
         <name>errno</name>
         <value>0x29e</value>
         <object_component_ref idref="oc-348"/>
      </symbol>
      <symbol id="sm-7c1">
         <name>__mspabi_sllll</name>
         <value>0xbc0c</value>
         <object_component_ref idref="oc-410"/>
      </symbol>
      <symbol id="sm-7d1">
         <name>__TI_frcmpyd</name>
         <value>0x8d5a</value>
         <object_component_ref idref="oc-444"/>
      </symbol>
   </symbol_table>
   <title>Link successful</title>
</link_info>
