<?xml version="1.0" encoding="ISO-8859-1" ?>
<link_info>
   <banner>MSP430 Linker PC v18.1.1.LTS</banner>
   <copyright>Copyright (c) 2003-2017 Texas Instruments Incorporated</copyright>
   <link_time>0x5c182d98</link_time>
   <link_errors>0x0</link_errors>
   <output_file>Lab6.out</output_file>
   <entry_point>
      <name>_c_int00_noargs</name>
      <address>0xc0c8</address>
   </entry_point>
   <input_file_list>
      <input_file id="fl-2">
         <path>.\</path>
         <kind>object</kind>
         <file>UARTFuncs.obj</file>
         <name>UARTFuncs.obj</name>
      </input_file>
      <input_file id="fl-3">
         <path>.\</path>
         <kind>object</kind>
         <file>user_Lab6_8byte_longs.obj</file>
         <name>user_Lab6_8byte_longs.obj</name>
      </input_file>
      <input_file id="fl-8">
         <kind>object</kind>
         <file>&lt;internal&gt;</file>
         <name>&lt;internal&gt;</name>
      </input_file>
      <input_file id="fl-1e">
         <path>C:\CCStudio_v8\ccsv8\tools\compiler\ti-cgt-msp430_18.1.1.LTS\lib\</path>
         <kind>archive</kind>
         <file>rts430_eabi.lib</file>
         <name>asr16.asm.obj</name>
      </input_file>
      <input_file id="fl-1f">
         <path>C:\CCStudio_v8\ccsv8\tools\compiler\ti-cgt-msp430_18.1.1.LTS\lib\</path>
         <kind>archive</kind>
         <file>rts430_eabi.lib</file>
         <name>div16s.asm.obj</name>
      </input_file>
      <input_file id="fl-20">
         <path>C:\CCStudio_v8\ccsv8\tools\compiler\ti-cgt-msp430_18.1.1.LTS\lib\</path>
         <kind>archive</kind>
         <file>rts430_eabi.lib</file>
         <name>div16u.asm.obj</name>
      </input_file>
      <input_file id="fl-21">
         <path>C:\CCStudio_v8\ccsv8\tools\compiler\ti-cgt-msp430_18.1.1.LTS\lib\</path>
         <kind>archive</kind>
         <file>rts430_eabi.lib</file>
         <name>div32u.asm.obj</name>
      </input_file>
      <input_file id="fl-22">
         <path>C:\CCStudio_v8\ccsv8\tools\compiler\ti-cgt-msp430_18.1.1.LTS\lib\</path>
         <kind>archive</kind>
         <file>rts430_eabi.lib</file>
         <name>epilog.asm.obj</name>
      </input_file>
      <input_file id="fl-23">
         <path>C:\CCStudio_v8\ccsv8\tools\compiler\ti-cgt-msp430_18.1.1.LTS\lib\</path>
         <kind>archive</kind>
         <file>rts430_eabi.lib</file>
         <name>fs_add.asm.obj</name>
      </input_file>
      <input_file id="fl-24">
         <path>C:\CCStudio_v8\ccsv8\tools\compiler\ti-cgt-msp430_18.1.1.LTS\lib\</path>
         <kind>archive</kind>
         <file>rts430_eabi.lib</file>
         <name>fs_cmp.asm.obj</name>
      </input_file>
      <input_file id="fl-25">
         <path>C:\CCStudio_v8\ccsv8\tools\compiler\ti-cgt-msp430_18.1.1.LTS\lib\</path>
         <kind>archive</kind>
         <file>rts430_eabi.lib</file>
         <name>fs_itof.asm.obj</name>
      </input_file>
      <input_file id="fl-26">
         <path>C:\CCStudio_v8\ccsv8\tools\compiler\ti-cgt-msp430_18.1.1.LTS\lib\</path>
         <kind>archive</kind>
         <file>rts430_eabi.lib</file>
         <name>fs_mpy.asm.obj</name>
      </input_file>
      <input_file id="fl-27">
         <path>C:\CCStudio_v8\ccsv8\tools\compiler\ti-cgt-msp430_18.1.1.LTS\lib\</path>
         <kind>archive</kind>
         <file>rts430_eabi.lib</file>
         <name>fs_toi.asm.obj</name>
      </input_file>
      <input_file id="fl-28">
         <path>C:\CCStudio_v8\ccsv8\tools\compiler\ti-cgt-msp430_18.1.1.LTS\lib\</path>
         <kind>archive</kind>
         <file>rts430_eabi.lib</file>
         <name>int02.asm.obj</name>
      </input_file>
      <input_file id="fl-29">
         <path>C:\CCStudio_v8\ccsv8\tools\compiler\ti-cgt-msp430_18.1.1.LTS\lib\</path>
         <kind>archive</kind>
         <file>rts430_eabi.lib</file>
         <name>int05.asm.obj</name>
      </input_file>
      <input_file id="fl-2a">
         <path>C:\CCStudio_v8\ccsv8\tools\compiler\ti-cgt-msp430_18.1.1.LTS\lib\</path>
         <kind>archive</kind>
         <file>rts430_eabi.lib</file>
         <name>int08.asm.obj</name>
      </input_file>
      <input_file id="fl-2b">
         <path>C:\CCStudio_v8\ccsv8\tools\compiler\ti-cgt-msp430_18.1.1.LTS\lib\</path>
         <kind>archive</kind>
         <file>rts430_eabi.lib</file>
         <name>int10.asm.obj</name>
      </input_file>
      <input_file id="fl-2c">
         <path>C:\CCStudio_v8\ccsv8\tools\compiler\ti-cgt-msp430_18.1.1.LTS\lib\</path>
         <kind>archive</kind>
         <file>rts430_eabi.lib</file>
         <name>int12.asm.obj</name>
      </input_file>
      <input_file id="fl-2d">
         <path>C:\CCStudio_v8\ccsv8\tools\compiler\ti-cgt-msp430_18.1.1.LTS\lib\</path>
         <kind>archive</kind>
         <file>rts430_eabi.lib</file>
         <name>int13.asm.obj</name>
      </input_file>
      <input_file id="fl-2e">
         <path>C:\CCStudio_v8\ccsv8\tools\compiler\ti-cgt-msp430_18.1.1.LTS\lib\</path>
         <kind>archive</kind>
         <file>rts430_eabi.lib</file>
         <name>int14.asm.obj</name>
      </input_file>
      <input_file id="fl-2f">
         <path>C:\CCStudio_v8\ccsv8\tools\compiler\ti-cgt-msp430_18.1.1.LTS\lib\</path>
         <kind>archive</kind>
         <file>rts430_eabi.lib</file>
         <name>isr_trap.asm.obj</name>
      </input_file>
      <input_file id="fl-30">
         <path>C:\CCStudio_v8\ccsv8\tools\compiler\ti-cgt-msp430_18.1.1.LTS\lib\</path>
         <kind>archive</kind>
         <file>rts430_eabi.lib</file>
         <name>lsl16.asm.obj</name>
      </input_file>
      <input_file id="fl-31">
         <path>C:\CCStudio_v8\ccsv8\tools\compiler\ti-cgt-msp430_18.1.1.LTS\lib\</path>
         <kind>archive</kind>
         <file>rts430_eabi.lib</file>
         <name>lsl32.asm.obj</name>
      </input_file>
      <input_file id="fl-32">
         <path>C:\CCStudio_v8\ccsv8\tools\compiler\ti-cgt-msp430_18.1.1.LTS\lib\</path>
         <kind>archive</kind>
         <file>rts430_eabi.lib</file>
         <name>lsr16.asm.obj</name>
      </input_file>
      <input_file id="fl-33">
         <path>C:\CCStudio_v8\ccsv8\tools\compiler\ti-cgt-msp430_18.1.1.LTS\lib\</path>
         <kind>archive</kind>
         <file>rts430_eabi.lib</file>
         <name>lsr32.asm.obj</name>
      </input_file>
      <input_file id="fl-34">
         <path>C:\CCStudio_v8\ccsv8\tools\compiler\ti-cgt-msp430_18.1.1.LTS\lib\</path>
         <kind>archive</kind>
         <file>rts430_eabi.lib</file>
         <name>boot.c.obj</name>
      </input_file>
      <input_file id="fl-35">
         <path>C:\CCStudio_v8\ccsv8\tools\compiler\ti-cgt-msp430_18.1.1.LTS\lib\</path>
         <kind>archive</kind>
         <file>rts430_eabi.lib</file>
         <name>autoinit.c.obj</name>
      </input_file>
      <input_file id="fl-36">
         <path>C:\CCStudio_v8\ccsv8\tools\compiler\ti-cgt-msp430_18.1.1.LTS\lib\</path>
         <kind>archive</kind>
         <file>rts430_eabi.lib</file>
         <name>copy_zero_init.c.obj</name>
      </input_file>
      <input_file id="fl-37">
         <path>C:\CCStudio_v8\ccsv8\tools\compiler\ti-cgt-msp430_18.1.1.LTS\lib\</path>
         <kind>archive</kind>
         <file>rts430_eabi.lib</file>
         <name>cpy_tbl.c.obj</name>
      </input_file>
      <input_file id="fl-38">
         <path>C:\CCStudio_v8\ccsv8\tools\compiler\ti-cgt-msp430_18.1.1.LTS\lib\</path>
         <kind>archive</kind>
         <file>rts430_eabi.lib</file>
         <name>mpu_init.c.obj</name>
      </input_file>
      <input_file id="fl-39">
         <path>C:\CCStudio_v8\ccsv8\tools\compiler\ti-cgt-msp430_18.1.1.LTS\lib\</path>
         <kind>archive</kind>
         <file>rts430_eabi.lib</file>
         <name>pre_init.c.obj</name>
      </input_file>
      <input_file id="fl-3a">
         <path>C:\CCStudio_v8\ccsv8\tools\compiler\ti-cgt-msp430_18.1.1.LTS\lib\</path>
         <kind>archive</kind>
         <file>rts430_eabi.lib</file>
         <name>startup.c.obj</name>
      </input_file>
      <input_file id="fl-3b">
         <path>C:\CCStudio_v8\ccsv8\tools\compiler\ti-cgt-msp430_18.1.1.LTS\lib\</path>
         <kind>archive</kind>
         <file>rts430_eabi.lib</file>
         <name>copy_decompress_none.c.obj</name>
      </input_file>
      <input_file id="fl-3c">
         <path>C:\CCStudio_v8\ccsv8\tools\compiler\ti-cgt-msp430_18.1.1.LTS\lib\</path>
         <kind>archive</kind>
         <file>rts430_eabi.lib</file>
         <name>copy_decompress_lzss.c.obj</name>
      </input_file>
      <input_file id="fl-3d">
         <path>C:\CCStudio_v8\ccsv8\tools\compiler\ti-cgt-msp430_18.1.1.LTS\lib\</path>
         <kind>archive</kind>
         <file>rts430_eabi.lib</file>
         <name>divd.c.obj</name>
      </input_file>
      <input_file id="fl-3e">
         <path>C:\CCStudio_v8\ccsv8\tools\compiler\ti-cgt-msp430_18.1.1.LTS\lib\</path>
         <kind>archive</kind>
         <file>rts430_eabi.lib</file>
         <name>fltuld.c.obj</name>
      </input_file>
      <input_file id="fl-3f">
         <path>C:\CCStudio_v8\ccsv8\tools\compiler\ti-cgt-msp430_18.1.1.LTS\lib\</path>
         <kind>archive</kind>
         <file>rts430_eabi.lib</file>
         <name>frcdivd.c.obj</name>
      </input_file>
      <input_file id="fl-40">
         <path>C:\CCStudio_v8\ccsv8\tools\compiler\ti-cgt-msp430_18.1.1.LTS\lib\</path>
         <kind>archive</kind>
         <file>rts430_eabi.lib</file>
         <name>cvtdf.c.obj</name>
      </input_file>
      <input_file id="fl-41">
         <path>C:\CCStudio_v8\ccsv8\tools\compiler\ti-cgt-msp430_18.1.1.LTS\lib\</path>
         <kind>archive</kind>
         <file>rts430_eabi.lib</file>
         <name>exit.c.obj</name>
      </input_file>
      <input_file id="fl-42">
         <path>C:\CCStudio_v8\ccsv8\tools\compiler\ti-cgt-msp430_18.1.1.LTS\lib\</path>
         <kind>archive</kind>
         <file>rts430_eabi.lib</file>
         <name>_lock.c.obj</name>
      </input_file>
      <input_file id="fl-43">
         <path>C:\CCStudio_v8\ccsv8\tools\compiler\ti-cgt-msp430_18.1.1.LTS\lib\</path>
         <kind>archive</kind>
         <file>rts430_eabi.lib</file>
         <name>args_main.c.obj</name>
      </input_file>
      <input_file id="fl-44">
         <path>C:\CCStudio_v8\ccsv8\tools\compiler\ti-cgt-msp430_18.1.1.LTS\lib\</path>
         <kind>archive</kind>
         <file>rts430_eabi.lib</file>
         <name>memcpy.c.obj</name>
      </input_file>
      <input_file id="fl-45">
         <path>C:\CCStudio_v8\ccsv8\tools\compiler\ti-cgt-msp430_18.1.1.LTS\lib\</path>
         <kind>archive</kind>
         <file>rts430_eabi.lib</file>
         <name>vsprintf.c.obj</name>
      </input_file>
      <input_file id="fl-46">
         <path>C:\CCStudio_v8\ccsv8\tools\compiler\ti-cgt-msp430_18.1.1.LTS\lib\</path>
         <kind>archive</kind>
         <file>rts430_eabi.lib</file>
         <name>asr32.asm.obj</name>
      </input_file>
      <input_file id="fl-47">
         <path>C:\CCStudio_v8\ccsv8\tools\compiler\ti-cgt-msp430_18.1.1.LTS\lib\</path>
         <kind>archive</kind>
         <file>rts430_eabi.lib</file>
         <name>mult16.asm.obj</name>
      </input_file>
      <input_file id="fl-48">
         <path>C:\CCStudio_v8\ccsv8\tools\compiler\ti-cgt-msp430_18.1.1.LTS\lib\</path>
         <kind>archive</kind>
         <file>rts430_eabi.lib</file>
         <name>mult32.asm.obj</name>
      </input_file>
      <input_file id="fl-49">
         <path>C:\CCStudio_v8\ccsv8\tools\compiler\ti-cgt-msp430_18.1.1.LTS\lib\</path>
         <kind>archive</kind>
         <file>rts430_eabi.lib</file>
         <name>exit_gvars.c.obj</name>
      </input_file>
      <input_file id="fl-4a">
         <path>C:\CCStudio_v8\ccsv8\tools\compiler\ti-cgt-msp430_18.1.1.LTS\lib\</path>
         <kind>archive</kind>
         <file>rts430_eabi.lib</file>
         <name>lsr64.c.obj</name>
      </input_file>
      <input_file id="fl-4b">
         <path>C:\CCStudio_v8\ccsv8\tools\compiler\ti-cgt-msp430_18.1.1.LTS\lib\</path>
         <kind>archive</kind>
         <file>rts430_eabi.lib</file>
         <name>_printfi.c.obj</name>
      </input_file>
      <input_file id="fl-4c">
         <path>C:\CCStudio_v8\ccsv8\tools\compiler\ti-cgt-msp430_18.1.1.LTS\lib\</path>
         <kind>archive</kind>
         <file>rts430_eabi.lib</file>
         <name>atoi.c.obj</name>
      </input_file>
      <input_file id="fl-4d">
         <path>C:\CCStudio_v8\ccsv8\tools\compiler\ti-cgt-msp430_18.1.1.LTS\lib\</path>
         <kind>archive</kind>
         <file>rts430_eabi.lib</file>
         <name>ctype.c.obj</name>
      </input_file>
      <input_file id="fl-4e">
         <path>C:\CCStudio_v8\ccsv8\tools\compiler\ti-cgt-msp430_18.1.1.LTS\lib\</path>
         <kind>archive</kind>
         <file>rts430_eabi.lib</file>
         <name>ltoa.c.obj</name>
      </input_file>
      <input_file id="fl-4f">
         <path>C:\CCStudio_v8\ccsv8\tools\compiler\ti-cgt-msp430_18.1.1.LTS\lib\</path>
         <kind>archive</kind>
         <file>rts430_eabi.lib</file>
         <name>memccpy.c.obj</name>
      </input_file>
      <input_file id="fl-50">
         <path>C:\CCStudio_v8\ccsv8\tools\compiler\ti-cgt-msp430_18.1.1.LTS\lib\</path>
         <kind>archive</kind>
         <file>rts430_eabi.lib</file>
         <name>memset.c.obj</name>
      </input_file>
      <input_file id="fl-51">
         <path>C:\CCStudio_v8\ccsv8\tools\compiler\ti-cgt-msp430_18.1.1.LTS\lib\</path>
         <kind>archive</kind>
         <file>rts430_eabi.lib</file>
         <name>strchr.c.obj</name>
      </input_file>
      <input_file id="fl-52">
         <path>C:\CCStudio_v8\ccsv8\tools\compiler\ti-cgt-msp430_18.1.1.LTS\lib\</path>
         <kind>archive</kind>
         <file>rts430_eabi.lib</file>
         <name>strlen.c.obj</name>
      </input_file>
      <input_file id="fl-53">
         <path>C:\CCStudio_v8\ccsv8\tools\compiler\ti-cgt-msp430_18.1.1.LTS\lib\</path>
         <kind>archive</kind>
         <file>rts430_eabi.lib</file>
         <name>toupper.c.obj</name>
      </input_file>
      <input_file id="fl-54">
         <path>C:\CCStudio_v8\ccsv8\tools\compiler\ti-cgt-msp430_18.1.1.LTS\lib\</path>
         <kind>archive</kind>
         <file>rts430_eabi.lib</file>
         <name>wcslen.c.obj</name>
      </input_file>
      <input_file id="fl-55">
         <path>C:\CCStudio_v8\ccsv8\tools\compiler\ti-cgt-msp430_18.1.1.LTS\lib\</path>
         <kind>archive</kind>
         <file>rts430_eabi.lib</file>
         <name>s_frexp.c.obj</name>
      </input_file>
      <input_file id="fl-56">
         <path>C:\CCStudio_v8\ccsv8\tools\compiler\ti-cgt-msp430_18.1.1.LTS\lib\</path>
         <kind>archive</kind>
         <file>rts430_eabi.lib</file>
         <name>s_scalbn.c.obj</name>
      </input_file>
      <input_file id="fl-57">
         <path>C:\CCStudio_v8\ccsv8\tools\compiler\ti-cgt-msp430_18.1.1.LTS\lib\</path>
         <kind>archive</kind>
         <file>rts430_eabi.lib</file>
         <name>s_copysign.c.obj</name>
      </input_file>
      <input_file id="fl-58">
         <path>C:\CCStudio_v8\ccsv8\tools\compiler\ti-cgt-msp430_18.1.1.LTS\lib\</path>
         <kind>archive</kind>
         <file>rts430_eabi.lib</file>
         <name>div32s.asm.obj</name>
      </input_file>
      <input_file id="fl-59">
         <path>C:\CCStudio_v8\ccsv8\tools\compiler\ti-cgt-msp430_18.1.1.LTS\lib\</path>
         <kind>archive</kind>
         <file>rts430_eabi.lib</file>
         <name>div64u.c.obj</name>
      </input_file>
      <input_file id="fl-5a">
         <path>C:\CCStudio_v8\ccsv8\tools\compiler\ti-cgt-msp430_18.1.1.LTS\lib\</path>
         <kind>archive</kind>
         <file>rts430_eabi.lib</file>
         <name>addd.c.obj</name>
      </input_file>
      <input_file id="fl-5b">
         <path>C:\CCStudio_v8\ccsv8\tools\compiler\ti-cgt-msp430_18.1.1.LTS\lib\</path>
         <kind>archive</kind>
         <file>rts430_eabi.lib</file>
         <name>cmpd.c.obj</name>
      </input_file>
      <input_file id="fl-5c">
         <path>C:\CCStudio_v8\ccsv8\tools\compiler\ti-cgt-msp430_18.1.1.LTS\lib\</path>
         <kind>archive</kind>
         <file>rts430_eabi.lib</file>
         <name>fixdi.c.obj</name>
      </input_file>
      <input_file id="fl-5d">
         <path>C:\CCStudio_v8\ccsv8\tools\compiler\ti-cgt-msp430_18.1.1.LTS\lib\</path>
         <kind>archive</kind>
         <file>rts430_eabi.lib</file>
         <name>fixdli.c.obj</name>
      </input_file>
      <input_file id="fl-5e">
         <path>C:\CCStudio_v8\ccsv8\tools\compiler\ti-cgt-msp430_18.1.1.LTS\lib\</path>
         <kind>archive</kind>
         <file>rts430_eabi.lib</file>
         <name>fltid.c.obj</name>
      </input_file>
      <input_file id="fl-5f">
         <path>C:\CCStudio_v8\ccsv8\tools\compiler\ti-cgt-msp430_18.1.1.LTS\lib\</path>
         <kind>archive</kind>
         <file>rts430_eabi.lib</file>
         <name>fltlid.c.obj</name>
      </input_file>
      <input_file id="fl-60">
         <path>C:\CCStudio_v8\ccsv8\tools\compiler\ti-cgt-msp430_18.1.1.LTS\lib\</path>
         <kind>archive</kind>
         <file>rts430_eabi.lib</file>
         <name>frcaddd.c.obj</name>
      </input_file>
      <input_file id="fl-61">
         <path>C:\CCStudio_v8\ccsv8\tools\compiler\ti-cgt-msp430_18.1.1.LTS\lib\</path>
         <kind>archive</kind>
         <file>rts430_eabi.lib</file>
         <name>mpyd.c.obj</name>
      </input_file>
      <input_file id="fl-62">
         <path>C:\CCStudio_v8\ccsv8\tools\compiler\ti-cgt-msp430_18.1.1.LTS\lib\</path>
         <kind>archive</kind>
         <file>rts430_eabi.lib</file>
         <name>negd.c.obj</name>
      </input_file>
      <input_file id="fl-63">
         <path>C:\CCStudio_v8\ccsv8\tools\compiler\ti-cgt-msp430_18.1.1.LTS\lib\</path>
         <kind>archive</kind>
         <file>rts430_eabi.lib</file>
         <name>renormd.c.obj</name>
      </input_file>
      <input_file id="fl-64">
         <path>C:\CCStudio_v8\ccsv8\tools\compiler\ti-cgt-msp430_18.1.1.LTS\lib\</path>
         <kind>archive</kind>
         <file>rts430_eabi.lib</file>
         <name>subd.c.obj</name>
      </input_file>
      <input_file id="fl-65">
         <path>C:\CCStudio_v8\ccsv8\tools\compiler\ti-cgt-msp430_18.1.1.LTS\lib\</path>
         <kind>archive</kind>
         <file>rts430_eabi.lib</file>
         <name>errno.c.obj</name>
      </input_file>
      <input_file id="fl-66">
         <path>C:\CCStudio_v8\ccsv8\tools\compiler\ti-cgt-msp430_18.1.1.LTS\lib\</path>
         <kind>archive</kind>
         <file>rts430_eabi.lib</file>
         <name>abs.c.obj</name>
      </input_file>
      <input_file id="fl-67">
         <path>C:\CCStudio_v8\ccsv8\tools\compiler\ti-cgt-msp430_18.1.1.LTS\lib\</path>
         <kind>archive</kind>
         <file>rts430_eabi.lib</file>
         <name>lsl64.c.obj</name>
      </input_file>
      <input_file id="fl-68">
         <path>C:\CCStudio_v8\ccsv8\tools\compiler\ti-cgt-msp430_18.1.1.LTS\lib\</path>
         <kind>archive</kind>
         <file>rts430_eabi.lib</file>
         <name>frcmpyd.c.obj</name>
      </input_file>
   </input_file_list>
   <object_component_list>
      <object_component id="oc-149">
         <name>.common:txbuff</name>
         <uninitialized>true</uninitialized>
         <run_address>0x234</run_address>
         <size>0x34</size>
      </object_component>
      <object_component id="oc-159">
         <name>.common:rxbuff</name>
         <uninitialized>true</uninitialized>
         <run_address>0x200</run_address>
         <size>0x34</size>
      </object_component>
      <object_component id="oc-14c">
         <name>.common:printbuff</name>
         <uninitialized>true</uninitialized>
         <run_address>0x268</run_address>
         <size>0x1a</size>
      </object_component>
      <object_component id="oc-143">
         <name>.data</name>
         <load_address>0x2aa</load_address>
         <run_address>0x2aa</run_address>
         <size>0x6</size>
         <input_file_ref idref="fl-2"/>
      </object_component>
      <object_component id="oc-146">
         <name>.data</name>
         <load_address>0x282</load_address>
         <run_address>0x282</run_address>
         <size>0x17</size>
         <input_file_ref idref="fl-3"/>
      </object_component>
      <object_component id="oc-150">
         <name>.data:RXData</name>
         <load_address>0x29a</load_address>
         <run_address>0x29a</run_address>
         <size>0x8</size>
         <input_file_ref idref="fl-3"/>
      </object_component>
      <object_component id="oc-14d">
         <name>.data:TXData</name>
         <load_address>0x2a2</load_address>
         <run_address>0x2a2</run_address>
         <size>0x8</size>
         <input_file_ref idref="fl-3"/>
      </object_component>
      <object_component id="oc-354">
         <name>.data</name>
         <load_address>0x2b0</load_address>
         <run_address>0x2b0</run_address>
         <size>0x2</size>
         <input_file_ref idref="fl-65"/>
      </object_component>
      <object_component id="oc-a4">
         <name>.stack</name>
         <uninitialized>true</uninitialized>
         <run_address>0x5b0</run_address>
         <size>0x2</size>
         <input_file_ref idref="fl-34"/>
      </object_component>
      <object_component id="oc-50f">
         <name>.stack</name>
         <uninitialized>true</uninitialized>
         <run_address>0x5b0</run_address>
         <size>0x0</size>
      </object_component>
      <object_component id="oc-27f">
         <name>.text:__TI_frcdivd</name>
         <load_address>0x8000</load_address>
         <run_address>0x8000</run_address>
         <size>0x478</size>
         <input_file_ref idref="fl-3f"/>
      </object_component>
      <object_component id="oc-3c2">
         <name>.text:__mspabi_divull</name>
         <load_address>0x8478</load_address>
         <run_address>0x8478</run_address>
         <size>0x360</size>
         <input_file_ref idref="fl-59"/>
      </object_component>
      <object_component id="oc-480">
         <name>.text:__mspabi_addd</name>
         <load_address>0x87d8</load_address>
         <run_address>0x87d8</run_address>
         <size>0x2fa</size>
         <input_file_ref idref="fl-5a"/>
      </object_component>
      <object_component id="oc-2a6">
         <name>.text:__TI_printfi</name>
         <load_address>0x8ad2</load_address>
         <run_address>0x8ad2</run_address>
         <size>0x288</size>
         <input_file_ref idref="fl-4b"/>
      </object_component>
      <object_component id="oc-450">
         <name>.text:__TI_frcmpyd</name>
         <load_address>0x8d5a</load_address>
         <run_address>0x8d5a</run_address>
         <size>0x286</size>
         <input_file_ref idref="fl-68"/>
      </object_component>
      <object_component id="oc-3f2">
         <name>.text:__mspabi_mpyd</name>
         <load_address>0x8fe0</load_address>
         <run_address>0x8fe0</run_address>
         <size>0x26e</size>
         <input_file_ref idref="fl-61"/>
      </object_component>
      <object_component id="oc-4a4">
         <name>.text:__TI_frcaddd</name>
         <load_address>0x924e</load_address>
         <run_address>0x924e</run_address>
         <size>0x260</size>
         <input_file_ref idref="fl-60"/>
      </object_component>
      <object_component id="oc-2fe">
         <name>.text:_setfield</name>
         <load_address>0x94ae</load_address>
         <run_address>0x94ae</run_address>
         <size>0x252</size>
         <input_file_ref idref="fl-4b"/>
      </object_component>
      <object_component id="oc-3ff">
         <name>.text:acvt</name>
         <load_address>0x9700</load_address>
         <run_address>0x9700</run_address>
         <size>0x244</size>
         <input_file_ref idref="fl-4b"/>
      </object_component>
      <object_component id="oc-208">
         <name>.text:__mspabi_divd</name>
         <load_address>0x9944</load_address>
         <run_address>0x9944</run_address>
         <size>0x238</size>
         <input_file_ref idref="fl-3d"/>
      </object_component>
      <object_component id="oc-340">
         <name>.text:_pproc_fgea</name>
         <load_address>0x9b7c</load_address>
         <run_address>0x9b7c</run_address>
         <size>0x224</size>
         <input_file_ref idref="fl-4b"/>
      </object_component>
      <object_component id="oc-372">
         <name>.text:_getarg_diouxp</name>
         <load_address>0x9da0</load_address>
         <run_address>0x9da0</run_address>
         <size>0x1ec</size>
         <input_file_ref idref="fl-4b"/>
      </object_component>
      <object_component id="oc-3d2">
         <name>.text:ecvt</name>
         <load_address>0x9f8c</load_address>
         <run_address>0x9f8c</run_address>
         <size>0x1de</size>
         <input_file_ref idref="fl-4b"/>
      </object_component>
      <object_component id="oc-3e5">
         <name>.text:fcvt</name>
         <load_address>0xa16a</load_address>
         <run_address>0xa16a</run_address>
         <size>0x1c4</size>
         <input_file_ref idref="fl-4b"/>
      </object_component>
      <object_component id="oc-397">
         <name>.text:_pconv_e</name>
         <load_address>0xa32e</load_address>
         <run_address>0xa32e</run_address>
         <size>0x1a6</size>
         <input_file_ref idref="fl-4b"/>
      </object_component>
      <object_component id="oc-da">
         <name>.text:USCI0TX_ISR</name>
         <load_address>0xa4d4</load_address>
         <run_address>0xa4d4</run_address>
         <size>0x182</size>
         <input_file_ref idref="fl-3"/>
      </object_component>
      <object_component id="oc-39d">
         <name>.text:_pconv_a</name>
         <load_address>0xa656</load_address>
         <run_address>0xa656</run_address>
         <size>0x174</size>
         <input_file_ref idref="fl-4b"/>
      </object_component>
      <object_component id="oc-45f">
         <name>.text:scalbn</name>
         <load_address>0xa7ca</load_address>
         <run_address>0xa7ca</run_address>
         <size>0x16a</size>
         <input_file_ref idref="fl-56"/>
      </object_component>
      <object_component id="oc-33a">
         <name>.text:_pproc_diouxp</name>
         <load_address>0xa934</load_address>
         <run_address>0xa934</run_address>
         <size>0x14c</size>
         <input_file_ref idref="fl-4b"/>
      </object_component>
      <object_component id="oc-228">
         <name>.text</name>
         <load_address>0xaa80</load_address>
         <run_address>0xaa80</run_address>
         <size>0x132</size>
         <input_file_ref idref="fl-23"/>
      </object_component>
      <object_component id="oc-378">
         <name>.text:_ltostr</name>
         <load_address>0xabb2</load_address>
         <run_address>0xabb2</run_address>
         <size>0x12e</size>
         <input_file_ref idref="fl-4b"/>
      </object_component>
      <object_component id="oc-1ae">
         <name>.text:Init_UART</name>
         <load_address>0xace0</load_address>
         <run_address>0xace0</run_address>
         <size>0x120</size>
         <input_file_ref idref="fl-2"/>
      </object_component>
      <object_component id="oc-38b">
         <name>.text:_pconv_g</name>
         <load_address>0xae00</load_address>
         <run_address>0xae00</run_address>
         <size>0xf8</size>
         <input_file_ref idref="fl-4b"/>
      </object_component>
      <object_component id="oc-2f8">
         <name>.text:_pproc_fwp</name>
         <load_address>0xaef8</load_address>
         <run_address>0xaef8</run_address>
         <size>0xf8</size>
         <input_file_ref idref="fl-4b"/>
      </object_component>
      <object_component id="oc-16f">
         <name>.text:main</name>
         <load_address>0xaff0</load_address>
         <run_address>0xaff0</run_address>
         <size>0xe0</size>
         <input_file_ref idref="fl-3"/>
      </object_component>
      <object_component id="oc-3a3">
         <name>.text:__mspabi_cmpd</name>
         <load_address>0xb0d0</load_address>
         <run_address>0xb0d0</run_address>
         <size>0xdc</size>
         <input_file_ref idref="fl-5b"/>
      </object_component>
      <object_component id="oc-30a">
         <name>.text:_pproc_wstr</name>
         <load_address>0xb1ac</load_address>
         <run_address>0xb1ac</run_address>
         <size>0xc4</size>
         <input_file_ref idref="fl-4b"/>
      </object_component>
      <object_component id="oc-219">
         <name>.text</name>
         <load_address>0xb270</load_address>
         <run_address>0xb270</run_address>
         <size>0xc4</size>
         <input_file_ref idref="fl-26"/>
      </object_component>
      <object_component id="oc-4bd">
         <name>.text:__TI_renormd</name>
         <load_address>0xb334</load_address>
         <run_address>0xb334</run_address>
         <size>0xbe</size>
         <input_file_ref idref="fl-63"/>
      </object_component>
      <object_component id="oc-3f9">
         <name>.text:frexp</name>
         <load_address>0xb3f2</load_address>
         <run_address>0xb3f2</run_address>
         <size>0xb0</size>
         <input_file_ref idref="fl-55"/>
      </object_component>
      <object_component id="oc-433">
         <name>.text:__mspabi_fltlid</name>
         <load_address>0xb4a2</load_address>
         <run_address>0xb4a2</run_address>
         <size>0xac</size>
         <input_file_ref idref="fl-5f"/>
      </object_component>
      <object_component id="oc-304">
         <name>.text:_pproc_str</name>
         <load_address>0xb54e</load_address>
         <run_address>0xb54e</run_address>
         <size>0xac</size>
         <input_file_ref idref="fl-4b"/>
      </object_component>
      <object_component id="oc-e0">
         <name>.text:USCI0RX_ISR</name>
         <load_address>0xb5fa</load_address>
         <run_address>0xb5fa</run_address>
         <size>0xa6</size>
         <input_file_ref idref="fl-3"/>
      </object_component>
      <object_component id="oc-3de">
         <name>.text:_mcpy</name>
         <load_address>0xb6a0</load_address>
         <run_address>0xb6a0</run_address>
         <size>0x92</size>
         <input_file_ref idref="fl-4b"/>
      </object_component>
      <object_component id="oc-3d8">
         <name>.text:_ecpy</name>
         <load_address>0xb732</load_address>
         <run_address>0xb732</run_address>
         <size>0x8e</size>
         <input_file_ref idref="fl-4b"/>
      </object_component>
      <object_component id="oc-20e">
         <name>.text:__mspabi_cvtdf</name>
         <load_address>0xb7c0</load_address>
         <run_address>0xb7c0</run_address>
         <size>0x8c</size>
         <input_file_ref idref="fl-40"/>
      </object_component>
      <object_component id="oc-202">
         <name>.text:__mspabi_fltuld</name>
         <load_address>0xb84c</load_address>
         <run_address>0xb84c</run_address>
         <size>0x8a</size>
         <input_file_ref idref="fl-3e"/>
      </object_component>
      <object_component id="oc-42d">
         <name>.text:ltoa</name>
         <load_address>0xb8d6</load_address>
         <run_address>0xb8d6</run_address>
         <size>0x84</size>
         <input_file_ref idref="fl-4e"/>
      </object_component>
      <object_component id="oc-2e">
         <name>.text:decompress:lzss:__TI_decompress_lzss</name>
         <load_address>0xb95a</load_address>
         <run_address>0xb95a</run_address>
         <size>0x7c</size>
         <input_file_ref idref="fl-3c"/>
      </object_component>
      <object_component id="oc-391">
         <name>.text:_pconv_f</name>
         <load_address>0xb9d6</load_address>
         <run_address>0xb9d6</run_address>
         <size>0x7a</size>
         <input_file_ref idref="fl-4b"/>
      </object_component>
      <object_component id="oc-427">
         <name>.text:__mspabi_fixdli</name>
         <load_address>0xba50</load_address>
         <run_address>0xba50</run_address>
         <size>0x72</size>
         <input_file_ref idref="fl-5d"/>
      </object_component>
      <object_component id="oc-21e">
         <name>.text</name>
         <load_address>0xbac2</load_address>
         <run_address>0xbac2</run_address>
         <size>0x68</size>
         <input_file_ref idref="fl-27"/>
      </object_component>
      <object_component id="oc-278">
         <name>.text:l_lsr_const</name>
         <load_address>0xbb2a</load_address>
         <run_address>0xbb2a</run_address>
         <size>0x5c</size>
         <input_file_ref idref="fl-33"/>
      </object_component>
      <object_component id="oc-15b">
         <name>.text</name>
         <load_address>0xbb86</load_address>
         <run_address>0xbb86</run_address>
         <size>0x58</size>
         <input_file_ref idref="fl-21"/>
      </object_component>
      <object_component id="oc-332">
         <name>.text:atoi</name>
         <load_address>0xbbde</load_address>
         <run_address>0xbbde</run_address>
         <size>0x52</size>
         <input_file_ref idref="fl-4c"/>
      </object_component>
      <object_component id="oc-3eb">
         <name>.text:_fcpy</name>
         <load_address>0xbc30</load_address>
         <run_address>0xbc30</run_address>
         <size>0x4e</size>
         <input_file_ref idref="fl-4b"/>
      </object_component>
      <object_component id="oc-ad">
         <name>.text</name>
         <load_address>0xbc7e</load_address>
         <run_address>0xbc7e</run_address>
         <size>0x4c</size>
         <input_file_ref idref="fl-32"/>
      </object_component>
      <object_component id="oc-214">
         <name>.text</name>
         <load_address>0xbcca</load_address>
         <run_address>0xbcca</run_address>
         <size>0x4a</size>
         <input_file_ref idref="fl-24"/>
      </object_component>
      <object_component id="oc-3c8">
         <name>.text:__mspabi_srlll</name>
         <load_address>0xbd14</load_address>
         <run_address>0xbd14</run_address>
         <size>0x46</size>
         <input_file_ref idref="fl-4a"/>
      </object_component>
      <object_component id="oc-417">
         <name>.text:__mspabi_sllll</name>
         <load_address>0xbd5a</load_address>
         <run_address>0xbd5a</run_address>
         <size>0x44</size>
         <input_file_ref idref="fl-67"/>
      </object_component>
      <object_component id="oc-1c8">
         <name>.text:__TI_auto_init_nobinit_nopinit:__TI_auto_init_nobinit_nopinit</name>
         <load_address>0xbd9e</load_address>
         <run_address>0xbd9e</run_address>
         <size>0x42</size>
         <input_file_ref idref="fl-35"/>
      </object_component>
      <object_component id="oc-477">
         <name>.text</name>
         <load_address>0xbde0</load_address>
         <run_address>0xbde0</run_address>
         <size>0x40</size>
         <input_file_ref idref="fl-58"/>
      </object_component>
      <object_component id="oc-2e4">
         <name>.text:l_asr_const</name>
         <load_address>0xbe20</load_address>
         <run_address>0xbe20</run_address>
         <size>0x3e</size>
         <input_file_ref idref="fl-46"/>
      </object_component>
      <object_component id="oc-153">
         <name>.text:l_lsl_const</name>
         <load_address>0xbe5e</load_address>
         <run_address>0xbe5e</run_address>
         <size>0x3e</size>
         <input_file_ref idref="fl-31"/>
      </object_component>
      <object_component id="oc-e6">
         <name>.text:Timer_A</name>
         <load_address>0xbe9c</load_address>
         <run_address>0xbe9c</run_address>
         <size>0x3c</size>
         <input_file_ref idref="fl-3"/>
      </object_component>
      <object_component id="oc-223">
         <name>.text</name>
         <load_address>0xbed8</load_address>
         <run_address>0xbed8</run_address>
         <size>0x36</size>
         <input_file_ref idref="fl-25"/>
      </object_component>
      <object_component id="oc-238">
         <name>.text:vsprintf</name>
         <load_address>0xbf0e</load_address>
         <run_address>0xbf0e</run_address>
         <size>0x34</size>
         <input_file_ref idref="fl-45"/>
      </object_component>
      <object_component id="oc-439">
         <name>.text:__mspabi_subd</name>
         <load_address>0xbf42</load_address>
         <run_address>0xbf42</run_address>
         <size>0x2e</size>
         <input_file_ref idref="fl-64"/>
      </object_component>
      <object_component id="oc-494">
         <name>.text:copysign</name>
         <load_address>0xbf70</load_address>
         <run_address>0xbf70</run_address>
         <size>0x2e</size>
         <input_file_ref idref="fl-57"/>
      </object_component>
      <object_component id="oc-23e">
         <name>.text:sendchars</name>
         <load_address>0xbf9e</load_address>
         <run_address>0xbf9e</run_address>
         <size>0x2e</size>
         <input_file_ref idref="fl-2"/>
      </object_component>
      <object_component id="oc-22d">
         <name>.text</name>
         <load_address>0xbfcc</load_address>
         <run_address>0xbfcc</run_address>
         <size>0x2c</size>
         <input_file_ref idref="fl-1e"/>
      </object_component>
      <object_component id="oc-232">
         <name>.text</name>
         <load_address>0xbff8</load_address>
         <run_address>0xbff8</run_address>
         <size>0x2c</size>
         <input_file_ref idref="fl-1f"/>
      </object_component>
      <object_component id="oc-a8">
         <name>.text</name>
         <load_address>0xc024</load_address>
         <run_address>0xc024</run_address>
         <size>0x2c</size>
         <input_file_ref idref="fl-30"/>
      </object_component>
      <object_component id="oc-385">
         <name>.text:__mspabi_negd</name>
         <load_address>0xc050</load_address>
         <run_address>0xc050</run_address>
         <size>0x2a</size>
         <input_file_ref idref="fl-62"/>
      </object_component>
      <object_component id="oc-43f">
         <name>.text:__mspabi_fixdi</name>
         <load_address>0xc07a</load_address>
         <run_address>0xc07a</run_address>
         <size>0x28</size>
         <input_file_ref idref="fl-5c"/>
      </object_component>
      <object_component id="oc-2df">
         <name>.text</name>
         <load_address>0xc0a2</load_address>
         <run_address>0xc0a2</run_address>
         <size>0x26</size>
         <input_file_ref idref="fl-48"/>
      </object_component>
      <object_component id="oc-fe">
         <name>.text:_c_int00_noargs</name>
         <load_address>0xc0c8</load_address>
         <run_address>0xc0c8</run_address>
         <size>0x1c</size>
         <input_file_ref idref="fl-34"/>
      </object_component>
      <object_component id="oc-1b5">
         <name>.text:UART_printf</name>
         <load_address>0xc0e4</load_address>
         <run_address>0xc0e4</run_address>
         <size>0x1a</size>
         <input_file_ref idref="fl-2"/>
      </object_component>
      <object_component id="oc-29a">
         <name>.text:_outs</name>
         <load_address>0xc0fe</load_address>
         <run_address>0xc0fe</run_address>
         <size>0x1a</size>
         <input_file_ref idref="fl-45"/>
      </object_component>
      <object_component id="oc-346">
         <name>.text:memccpy</name>
         <load_address>0xc118</load_address>
         <run_address>0xc118</run_address>
         <size>0x1a</size>
         <input_file_ref idref="fl-4f"/>
      </object_component>
      <object_component id="oc-465">
         <name>.text:strchr</name>
         <load_address>0xc132</load_address>
         <run_address>0xc132</run_address>
         <size>0x1a</size>
         <input_file_ref idref="fl-51"/>
      </object_component>
      <object_component id="oc-294">
         <name>.text</name>
         <load_address>0xc14c</load_address>
         <run_address>0xc14c</run_address>
         <size>0x16</size>
         <input_file_ref idref="fl-20"/>
      </object_component>
      <object_component id="oc-ec">
         <name>.text:decompress:ZI:__TI_zero_init_nomemset:__TI_zero_init_nomemset</name>
         <load_address>0xc162</load_address>
         <run_address>0xc162</run_address>
         <size>0x14</size>
         <input_file_ref idref="fl-36"/>
      </object_component>
      <object_component id="oc-32c">
         <name>.text:memset</name>
         <load_address>0xc176</load_address>
         <run_address>0xc176</run_address>
         <size>0x14</size>
         <input_file_ref idref="fl-50"/>
      </object_component>
      <object_component id="oc-2d0">
         <name>.text</name>
         <load_address>0xc18a</load_address>
         <run_address>0xc18a</run_address>
         <size>0x14</size>
         <input_file_ref idref="fl-47"/>
      </object_component>
      <object_component id="oc-34e">
         <name>.text:wcslen</name>
         <load_address>0xc19e</load_address>
         <run_address>0xc19e</run_address>
         <size>0x14</size>
         <input_file_ref idref="fl-54"/>
      </object_component>
      <object_component id="oc-2a0">
         <name>.text:_outc</name>
         <load_address>0xc1b2</load_address>
         <run_address>0xc1b2</run_address>
         <size>0x12</size>
         <input_file_ref idref="fl-45"/>
      </object_component>
      <object_component id="oc-34">
         <name>.text:decompress:none:__TI_decompress_none</name>
         <load_address>0xc1c4</load_address>
         <run_address>0xc1c4</run_address>
         <size>0x12</size>
         <input_file_ref idref="fl-3b"/>
      </object_component>
      <object_component id="oc-41d">
         <name>.text:l_lsr</name>
         <load_address>0xc1d6</load_address>
         <run_address>0xc1d6</run_address>
         <size>0x12</size>
         <input_file_ref idref="fl-33"/>
      </object_component>
      <object_component id="oc-c2">
         <name>.text:memcpy</name>
         <load_address>0xc1e8</load_address>
         <run_address>0xc1e8</run_address>
         <size>0x12</size>
         <input_file_ref idref="fl-44"/>
      </object_component>
      <object_component id="oc-d4">
         <name>.text:Port_2</name>
         <load_address>0xc1fa</load_address>
         <run_address>0xc1fa</run_address>
         <size>0x10</size>
         <input_file_ref idref="fl-3"/>
      </object_component>
      <object_component id="oc-4b8">
         <name>.text:l_asr</name>
         <load_address>0xc20a</load_address>
         <run_address>0xc20a</run_address>
         <size>0x10</size>
         <input_file_ref idref="fl-46"/>
      </object_component>
      <object_component id="oc-4b3">
         <name>.text:l_lsl</name>
         <load_address>0xc21a</load_address>
         <run_address>0xc21a</run_address>
         <size>0x10</size>
         <input_file_ref idref="fl-31"/>
      </object_component>
      <object_component id="oc-b2">
         <name>.text</name>
         <load_address>0xc22a</load_address>
         <run_address>0xc22a</run_address>
         <size>0x10</size>
         <input_file_ref idref="fl-22"/>
      </object_component>
      <object_component id="oc-2f2">
         <name>.text:strlen</name>
         <load_address>0xc23a</load_address>
         <run_address>0xc23a</run_address>
         <size>0xe</size>
         <input_file_ref idref="fl-52"/>
      </object_component>
      <object_component id="oc-46b">
         <name>.text:__mspabi_fltid</name>
         <load_address>0xc248</load_address>
         <run_address>0xc248</run_address>
         <size>0xc</size>
         <input_file_ref idref="fl-5e"/>
      </object_component>
      <object_component id="oc-37f">
         <name>.text:toupper</name>
         <load_address>0xc254</load_address>
         <run_address>0xc254</run_address>
         <size>0xc</size>
         <input_file_ref idref="fl-53"/>
      </object_component>
      <object_component id="oc-446">
         <name>.text:abs</name>
         <load_address>0xc260</load_address>
         <run_address>0xc260</run_address>
         <size>0xa</size>
         <input_file_ref idref="fl-66"/>
      </object_component>
      <object_component id="oc-cf">
         <name>.text:_isr:__TI_ISR_TRAP</name>
         <load_address>0xc26a</load_address>
         <run_address>0xc26a</run_address>
         <size>0x8</size>
         <input_file_ref idref="fl-2f"/>
      </object_component>
      <object_component id="oc-1bc">
         <name>.text:abort</name>
         <load_address>0xc272</load_address>
         <run_address>0xc272</run_address>
         <size>0x6</size>
         <input_file_ref idref="fl-41"/>
      </object_component>
      <object_component id="oc-169">
         <name>.text:_system_pre_init</name>
         <load_address>0xc278</load_address>
         <run_address>0xc278</run_address>
         <size>0x4</size>
         <input_file_ref idref="fl-39"/>
      </object_component>
      <object_component id="oc-257">
         <name>.text:_system_post_cinit</name>
         <load_address>0xc27c</load_address>
         <run_address>0xc27c</run_address>
         <size>0x2</size>
         <input_file_ref idref="fl-3a"/>
      </object_component>
      <object_component id="oc-50e">
         <name>.cinit..data.load</name>
         <load_address>0xc3b6</load_address>
         <run_address>0xc3b6</run_address>
         <size>0xd</size>
      </object_component>
      <object_component id="oc-50b">
         <name>__TI_handler_table</name>
         <load_address>0xc3c4</load_address>
         <run_address>0xc3c4</run_address>
         <size>0x6</size>
      </object_component>
      <object_component id="oc-50d">
         <name>.cinit..bss.load</name>
         <load_address>0xc3ca</load_address>
         <run_address>0xc3ca</run_address>
         <size>0x4</size>
      </object_component>
      <object_component id="oc-50c">
         <name>__TI_cinit_table</name>
         <load_address>0xc3ce</load_address>
         <run_address>0xc3ce</run_address>
         <size>0x8</size>
      </object_component>
      <object_component id="oc-36d">
         <name>.const:.string:_ctypes_</name>
         <load_address>0xc27e</load_address>
         <run_address>0xc27e</run_address>
         <size>0x101</size>
         <input_file_ref idref="fl-4d"/>
      </object_component>
      <object_component id="oc-339">
         <name>.const:.string</name>
         <load_address>0xc380</load_address>
         <run_address>0xc380</run_address>
         <size>0x26</size>
         <input_file_ref idref="fl-4b"/>
      </object_component>
      <object_component id="oc-1b4">
         <name>.const:.string</name>
         <load_address>0xc3a6</load_address>
         <run_address>0xc3a6</run_address>
         <size>0x10</size>
         <input_file_ref idref="fl-3"/>
      </object_component>
      <object_component id="oc-3a">
         <name>.int02</name>
         <load_address>0xffe4</load_address>
         <run_address>0xffe4</run_address>
         <size>0x2</size>
         <input_file_ref idref="fl-28"/>
      </object_component>
      <object_component id="oc-3b">
         <name>.int03</name>
         <load_address>0xffe6</load_address>
         <run_address>0xffe6</run_address>
         <size>0x2</size>
         <input_file_ref idref="fl-3"/>
      </object_component>
      <object_component id="oc-3c">
         <name>.int05</name>
         <load_address>0xffea</load_address>
         <run_address>0xffea</run_address>
         <size>0x2</size>
         <input_file_ref idref="fl-29"/>
      </object_component>
      <object_component id="oc-3d">
         <name>.int06</name>
         <load_address>0xffec</load_address>
         <run_address>0xffec</run_address>
         <size>0x2</size>
         <input_file_ref idref="fl-3"/>
      </object_component>
      <object_component id="oc-3e">
         <name>.int07</name>
         <load_address>0xffee</load_address>
         <run_address>0xffee</run_address>
         <size>0x2</size>
         <input_file_ref idref="fl-3"/>
      </object_component>
      <object_component id="oc-3f">
         <name>.int08</name>
         <load_address>0xfff0</load_address>
         <run_address>0xfff0</run_address>
         <size>0x2</size>
         <input_file_ref idref="fl-2a"/>
      </object_component>
      <object_component id="oc-40">
         <name>.int09</name>
         <load_address>0xfff2</load_address>
         <run_address>0xfff2</run_address>
         <size>0x2</size>
         <input_file_ref idref="fl-3"/>
      </object_component>
      <object_component id="oc-41">
         <name>.int10</name>
         <load_address>0xfff4</load_address>
         <run_address>0xfff4</run_address>
         <size>0x2</size>
         <input_file_ref idref="fl-2b"/>
      </object_component>
      <object_component id="oc-42">
         <name>.int12</name>
         <load_address>0xfff8</load_address>
         <run_address>0xfff8</run_address>
         <size>0x2</size>
         <input_file_ref idref="fl-2c"/>
      </object_component>
      <object_component id="oc-43">
         <name>.int13</name>
         <load_address>0xfffa</load_address>
         <run_address>0xfffa</run_address>
         <size>0x2</size>
         <input_file_ref idref="fl-2d"/>
      </object_component>
      <object_component id="oc-44">
         <name>.int14</name>
         <load_address>0xfffc</load_address>
         <run_address>0xfffc</run_address>
         <size>0x2</size>
         <input_file_ref idref="fl-2e"/>
      </object_component>
      <object_component id="oc-a7">
         <name>.reset</name>
         <load_address>0xfffe</load_address>
         <run_address>0xfffe</run_address>
         <size>0x2</size>
         <input_file_ref idref="fl-34"/>
      </object_component>
      <object_component id="oc-14a">
         <name>.debug_info</name>
         <load_address>0x0</load_address>
         <run_address>0x0</run_address>
         <size>0x2b7</size>
         <input_file_ref idref="fl-2"/>
      </object_component>
      <object_component id="oc-144">
         <name>.debug_info</name>
         <load_address>0x2b7</load_address>
         <run_address>0x2b7</run_address>
         <size>0x177</size>
         <input_file_ref idref="fl-2"/>
      </object_component>
      <object_component id="oc-23f">
         <name>.debug_info</name>
         <load_address>0x42e</load_address>
         <run_address>0x42e</run_address>
         <size>0x11a</size>
         <input_file_ref idref="fl-2"/>
      </object_component>
      <object_component id="oc-1b7">
         <name>.debug_info</name>
         <load_address>0x548</load_address>
         <run_address>0x548</run_address>
         <size>0x13f</size>
         <input_file_ref idref="fl-2"/>
      </object_component>
      <object_component id="oc-1b0">
         <name>.debug_info</name>
         <load_address>0x687</load_address>
         <run_address>0x687</run_address>
         <size>0x314</size>
         <input_file_ref idref="fl-2"/>
      </object_component>
      <object_component id="oc-19a">
         <name>.debug_info</name>
         <load_address>0x99b</load_address>
         <run_address>0x99b</run_address>
         <size>0x26b</size>
         <input_file_ref idref="fl-2"/>
      </object_component>
      <object_component id="oc-bd">
         <name>.debug_info</name>
         <load_address>0xc06</load_address>
         <run_address>0xc06</run_address>
         <size>0x84</size>
         <input_file_ref idref="fl-2"/>
      </object_component>
      <object_component id="oc-1fb">
         <name>.debug_info</name>
         <load_address>0xc8a</load_address>
         <run_address>0xc8a</run_address>
         <size>0x275</size>
         <input_file_ref idref="fl-2"/>
      </object_component>
      <object_component id="oc-19f">
         <name>.debug_info</name>
         <load_address>0xeff</load_address>
         <run_address>0xeff</run_address>
         <size>0x2c</size>
         <input_file_ref idref="fl-2"/>
      </object_component>
      <object_component id="oc-1a6">
         <name>.debug_info</name>
         <load_address>0xf2b</load_address>
         <run_address>0xf2b</run_address>
         <size>0x6b2</size>
         <input_file_ref idref="fl-3"/>
      </object_component>
      <object_component id="oc-147">
         <name>.debug_info</name>
         <load_address>0x15dd</load_address>
         <run_address>0x15dd</run_address>
         <size>0x1fe</size>
         <input_file_ref idref="fl-3"/>
      </object_component>
      <object_component id="oc-151">
         <name>.debug_info</name>
         <load_address>0x17db</load_address>
         <run_address>0x17db</run_address>
         <size>0xc6</size>
         <input_file_ref idref="fl-3"/>
      </object_component>
      <object_component id="oc-14e">
         <name>.debug_info</name>
         <load_address>0x18a1</load_address>
         <run_address>0x18a1</run_address>
         <size>0xc6</size>
         <input_file_ref idref="fl-3"/>
      </object_component>
      <object_component id="oc-171">
         <name>.debug_info</name>
         <load_address>0x1967</load_address>
         <run_address>0x1967</run_address>
         <size>0x12a</size>
         <input_file_ref idref="fl-3"/>
      </object_component>
      <object_component id="oc-dc">
         <name>.debug_info</name>
         <load_address>0x1a91</load_address>
         <run_address>0x1a91</run_address>
         <size>0x1a1</size>
         <input_file_ref idref="fl-3"/>
      </object_component>
      <object_component id="oc-e1">
         <name>.debug_info</name>
         <load_address>0x1c32</load_address>
         <run_address>0x1c32</run_address>
         <size>0x11d</size>
         <input_file_ref idref="fl-3"/>
      </object_component>
      <object_component id="oc-e7">
         <name>.debug_info</name>
         <load_address>0x1d4f</load_address>
         <run_address>0x1d4f</run_address>
         <size>0x12a</size>
         <input_file_ref idref="fl-3"/>
      </object_component>
      <object_component id="oc-d6">
         <name>.debug_info</name>
         <load_address>0x1e79</load_address>
         <run_address>0x1e79</run_address>
         <size>0x113</size>
         <input_file_ref idref="fl-3"/>
      </object_component>
      <object_component id="oc-22f">
         <name>.debug_info</name>
         <load_address>0x1f8c</load_address>
         <run_address>0x1f8c</run_address>
         <size>0x118</size>
         <input_file_ref idref="fl-1e"/>
      </object_component>
      <object_component id="oc-234">
         <name>.debug_info</name>
         <load_address>0x20a4</load_address>
         <run_address>0x20a4</run_address>
         <size>0x12d</size>
         <input_file_ref idref="fl-1f"/>
      </object_component>
      <object_component id="oc-297">
         <name>.debug_info</name>
         <load_address>0x21d1</load_address>
         <run_address>0x21d1</run_address>
         <size>0x119</size>
         <input_file_ref idref="fl-20"/>
      </object_component>
      <object_component id="oc-15c">
         <name>.debug_info</name>
         <load_address>0x22ea</load_address>
         <run_address>0x22ea</run_address>
         <size>0x11b</size>
         <input_file_ref idref="fl-21"/>
      </object_component>
      <object_component id="oc-b4">
         <name>.debug_info</name>
         <load_address>0x2405</load_address>
         <run_address>0x2405</run_address>
         <size>0x126</size>
         <input_file_ref idref="fl-22"/>
      </object_component>
      <object_component id="oc-22b">
         <name>.debug_info</name>
         <load_address>0x252b</load_address>
         <run_address>0x252b</run_address>
         <size>0x119</size>
         <input_file_ref idref="fl-23"/>
      </object_component>
      <object_component id="oc-216">
         <name>.debug_info</name>
         <load_address>0x2644</load_address>
         <run_address>0x2644</run_address>
         <size>0x125</size>
         <input_file_ref idref="fl-24"/>
      </object_component>
      <object_component id="oc-226">
         <name>.debug_info</name>
         <load_address>0x2769</load_address>
         <run_address>0x2769</run_address>
         <size>0x122</size>
         <input_file_ref idref="fl-25"/>
      </object_component>
      <object_component id="oc-21a">
         <name>.debug_info</name>
         <load_address>0x288b</load_address>
         <run_address>0x288b</run_address>
         <size>0x119</size>
         <input_file_ref idref="fl-26"/>
      </object_component>
      <object_component id="oc-21f">
         <name>.debug_info</name>
         <load_address>0x29a4</load_address>
         <run_address>0x29a4</run_address>
         <size>0x12d</size>
         <input_file_ref idref="fl-27"/>
      </object_component>
      <object_component id="oc-d0">
         <name>.debug_info</name>
         <load_address>0x2ad1</load_address>
         <run_address>0x2ad1</run_address>
         <size>0x107</size>
         <input_file_ref idref="fl-2f"/>
      </object_component>
      <object_component id="oc-a9">
         <name>.debug_info</name>
         <load_address>0x2bd8</load_address>
         <run_address>0x2bd8</run_address>
         <size>0x118</size>
         <input_file_ref idref="fl-30"/>
      </object_component>
      <object_component id="oc-4b5">
         <name>.debug_info</name>
         <load_address>0x2cf0</load_address>
         <run_address>0x2cf0</run_address>
         <size>0x118</size>
         <input_file_ref idref="fl-31"/>
      </object_component>
      <object_component id="oc-155">
         <name>.debug_info</name>
         <load_address>0x2e08</load_address>
         <run_address>0x2e08</run_address>
         <size>0x11e</size>
         <input_file_ref idref="fl-31"/>
      </object_component>
      <object_component id="oc-af">
         <name>.debug_info</name>
         <load_address>0x2f26</load_address>
         <run_address>0x2f26</run_address>
         <size>0x118</size>
         <input_file_ref idref="fl-32"/>
      </object_component>
      <object_component id="oc-41f">
         <name>.debug_info</name>
         <load_address>0x303e</load_address>
         <run_address>0x303e</run_address>
         <size>0x118</size>
         <input_file_ref idref="fl-33"/>
      </object_component>
      <object_component id="oc-27a">
         <name>.debug_info</name>
         <load_address>0x3156</load_address>
         <run_address>0x3156</run_address>
         <size>0x11e</size>
         <input_file_ref idref="fl-33"/>
      </object_component>
      <object_component id="oc-a5">
         <name>.debug_info</name>
         <load_address>0x3274</load_address>
         <run_address>0x3274</run_address>
         <size>0xf5</size>
         <input_file_ref idref="fl-34"/>
      </object_component>
      <object_component id="oc-ff">
         <name>.debug_info</name>
         <load_address>0x3369</load_address>
         <run_address>0x3369</run_address>
         <size>0x16f</size>
         <input_file_ref idref="fl-34"/>
      </object_component>
      <object_component id="oc-25e">
         <name>.debug_info</name>
         <load_address>0x34d8</load_address>
         <run_address>0x34d8</run_address>
         <size>0x472</size>
         <input_file_ref idref="fl-35"/>
      </object_component>
      <object_component id="oc-1c9">
         <name>.debug_info</name>
         <load_address>0x394a</load_address>
         <run_address>0x394a</run_address>
         <size>0x1d5</size>
         <input_file_ref idref="fl-35"/>
      </object_component>
      <object_component id="oc-2c6">
         <name>.debug_info</name>
         <load_address>0x3b1f</load_address>
         <run_address>0x3b1f</run_address>
         <size>0x39</size>
         <input_file_ref idref="fl-35"/>
      </object_component>
      <object_component id="oc-2d7">
         <name>.debug_info</name>
         <load_address>0x3b58</load_address>
         <run_address>0x3b58</run_address>
         <size>0x2c</size>
         <input_file_ref idref="fl-35"/>
      </object_component>
      <object_component id="oc-269">
         <name>.debug_info</name>
         <load_address>0x3b84</load_address>
         <run_address>0x3b84</run_address>
         <size>0x2c</size>
         <input_file_ref idref="fl-35"/>
      </object_component>
      <object_component id="oc-2cb">
         <name>.debug_info</name>
         <load_address>0x3bb0</load_address>
         <run_address>0x3bb0</run_address>
         <size>0xcd</size>
         <input_file_ref idref="fl-35"/>
      </object_component>
      <object_component id="oc-167">
         <name>.debug_info</name>
         <load_address>0x3c7d</load_address>
         <run_address>0x3c7d</run_address>
         <size>0x1b4</size>
         <input_file_ref idref="fl-36"/>
      </object_component>
      <object_component id="oc-f0">
         <name>.debug_info</name>
         <load_address>0x3e31</load_address>
         <run_address>0x3e31</run_address>
         <size>0x1c7</size>
         <input_file_ref idref="fl-36"/>
      </object_component>
      <object_component id="oc-162">
         <name>.debug_info</name>
         <load_address>0x3ff8</load_address>
         <run_address>0x3ff8</run_address>
         <size>0x46</size>
         <input_file_ref idref="fl-36"/>
      </object_component>
      <object_component id="oc-135">
         <name>.debug_info</name>
         <load_address>0x403e</load_address>
         <run_address>0x403e</run_address>
         <size>0x2c</size>
         <input_file_ref idref="fl-36"/>
      </object_component>
      <object_component id="oc-16c">
         <name>.debug_info</name>
         <load_address>0x406a</load_address>
         <run_address>0x406a</run_address>
         <size>0x148</size>
         <input_file_ref idref="fl-39"/>
      </object_component>
      <object_component id="oc-258">
         <name>.debug_info</name>
         <load_address>0x41b2</load_address>
         <run_address>0x41b2</run_address>
         <size>0x145</size>
         <input_file_ref idref="fl-3a"/>
      </object_component>
      <object_component id="oc-ce">
         <name>.debug_info</name>
         <load_address>0x42f7</load_address>
         <run_address>0x42f7</run_address>
         <size>0x175</size>
         <input_file_ref idref="fl-3b"/>
      </object_component>
      <object_component id="oc-35">
         <name>.debug_info</name>
         <load_address>0x446c</load_address>
         <run_address>0x446c</run_address>
         <size>0x1df</size>
         <input_file_ref idref="fl-3b"/>
      </object_component>
      <object_component id="oc-c9">
         <name>.debug_info</name>
         <load_address>0x464b</load_address>
         <run_address>0x464b</run_address>
         <size>0x46</size>
         <input_file_ref idref="fl-3b"/>
      </object_component>
      <object_component id="oc-13a">
         <name>.debug_info</name>
         <load_address>0x4691</load_address>
         <run_address>0x4691</run_address>
         <size>0x2c</size>
         <input_file_ref idref="fl-3b"/>
      </object_component>
      <object_component id="oc-132">
         <name>.debug_info</name>
         <load_address>0x46bd</load_address>
         <run_address>0x46bd</run_address>
         <size>0x16b</size>
         <input_file_ref idref="fl-3c"/>
      </object_component>
      <object_component id="oc-2f">
         <name>.debug_info</name>
         <load_address>0x4828</load_address>
         <run_address>0x4828</run_address>
         <size>0x287</size>
         <input_file_ref idref="fl-3c"/>
      </object_component>
      <object_component id="oc-b8">
         <name>.debug_info</name>
         <load_address>0x4aaf</load_address>
         <run_address>0x4aaf</run_address>
         <size>0x60</size>
         <input_file_ref idref="fl-3c"/>
      </object_component>
      <object_component id="oc-18b">
         <name>.debug_info</name>
         <load_address>0x4b0f</load_address>
         <run_address>0x4b0f</run_address>
         <size>0x46</size>
         <input_file_ref idref="fl-3c"/>
      </object_component>
      <object_component id="oc-12d">
         <name>.debug_info</name>
         <load_address>0x4b55</load_address>
         <run_address>0x4b55</run_address>
         <size>0x39</size>
         <input_file_ref idref="fl-3c"/>
      </object_component>
      <object_component id="oc-28b">
         <name>.debug_info</name>
         <load_address>0x4b8e</load_address>
         <run_address>0x4b8e</run_address>
         <size>0x197</size>
         <input_file_ref idref="fl-3d"/>
      </object_component>
      <object_component id="oc-209">
         <name>.debug_info</name>
         <load_address>0x4d25</load_address>
         <run_address>0x4d25</run_address>
         <size>0x27f</size>
         <input_file_ref idref="fl-3d"/>
      </object_component>
      <object_component id="oc-286">
         <name>.debug_info</name>
         <load_address>0x4fa4</load_address>
         <run_address>0x4fa4</run_address>
         <size>0x94</size>
         <input_file_ref idref="fl-3d"/>
      </object_component>
      <object_component id="oc-27e">
         <name>.debug_info</name>
         <load_address>0x5038</load_address>
         <run_address>0x5038</run_address>
         <size>0x160</size>
         <input_file_ref idref="fl-3e"/>
      </object_component>
      <object_component id="oc-203">
         <name>.debug_info</name>
         <load_address>0x5198</load_address>
         <run_address>0x5198</run_address>
         <size>0x1d8</size>
         <input_file_ref idref="fl-3e"/>
      </object_component>
      <object_component id="oc-2ea">
         <name>.debug_info</name>
         <load_address>0x5370</load_address>
         <run_address>0x5370</run_address>
         <size>0x167</size>
         <input_file_ref idref="fl-3f"/>
      </object_component>
      <object_component id="oc-281">
         <name>.debug_info</name>
         <load_address>0x54d7</load_address>
         <run_address>0x54d7</run_address>
         <size>0x5c4</size>
         <input_file_ref idref="fl-3f"/>
      </object_component>
      <object_component id="oc-28d">
         <name>.debug_info</name>
         <load_address>0x5a9b</load_address>
         <run_address>0x5a9b</run_address>
         <size>0x15a</size>
         <input_file_ref idref="fl-40"/>
      </object_component>
      <object_component id="oc-20f">
         <name>.debug_info</name>
         <load_address>0x5bf5</load_address>
         <run_address>0x5bf5</run_address>
         <size>0x1cd</size>
         <input_file_ref idref="fl-40"/>
      </object_component>
      <object_component id="oc-1bf">
         <name>.debug_info</name>
         <load_address>0x5dc2</load_address>
         <run_address>0x5dc2</run_address>
         <size>0x117</size>
         <input_file_ref idref="fl-41"/>
      </object_component>
      <object_component id="oc-134">
         <name>.debug_info</name>
         <load_address>0x5ed9</load_address>
         <run_address>0x5ed9</run_address>
         <size>0x176</size>
         <input_file_ref idref="fl-44"/>
      </object_component>
      <object_component id="oc-c6">
         <name>.debug_info</name>
         <load_address>0x604f</load_address>
         <run_address>0x604f</run_address>
         <size>0x16f</size>
         <input_file_ref idref="fl-44"/>
      </object_component>
      <object_component id="oc-2ad">
         <name>.debug_info</name>
         <load_address>0x61be</load_address>
         <run_address>0x61be</run_address>
         <size>0x20b</size>
         <input_file_ref idref="fl-45"/>
      </object_component>
      <object_component id="oc-239">
         <name>.debug_info</name>
         <load_address>0x63c9</load_address>
         <run_address>0x63c9</run_address>
         <size>0x1ef</size>
         <input_file_ref idref="fl-45"/>
      </object_component>
      <object_component id="oc-29b">
         <name>.debug_info</name>
         <load_address>0x65b8</load_address>
         <run_address>0x65b8</run_address>
         <size>0x190</size>
         <input_file_ref idref="fl-45"/>
      </object_component>
      <object_component id="oc-2a1">
         <name>.debug_info</name>
         <load_address>0x6748</load_address>
         <run_address>0x6748</run_address>
         <size>0x165</size>
         <input_file_ref idref="fl-45"/>
      </object_component>
      <object_component id="oc-35a">
         <name>.debug_info</name>
         <load_address>0x68ad</load_address>
         <run_address>0x68ad</run_address>
         <size>0x2c</size>
         <input_file_ref idref="fl-45"/>
      </object_component>
      <object_component id="oc-4b9">
         <name>.debug_info</name>
         <load_address>0x68d9</load_address>
         <run_address>0x68d9</run_address>
         <size>0x118</size>
         <input_file_ref idref="fl-46"/>
      </object_component>
      <object_component id="oc-2e5">
         <name>.debug_info</name>
         <load_address>0x69f1</load_address>
         <run_address>0x69f1</run_address>
         <size>0x11e</size>
         <input_file_ref idref="fl-46"/>
      </object_component>
      <object_component id="oc-2d3">
         <name>.debug_info</name>
         <load_address>0x6b0f</load_address>
         <run_address>0x6b0f</run_address>
         <size>0x119</size>
         <input_file_ref idref="fl-47"/>
      </object_component>
      <object_component id="oc-2e1">
         <name>.debug_info</name>
         <load_address>0x6c28</load_address>
         <run_address>0x6c28</run_address>
         <size>0x119</size>
         <input_file_ref idref="fl-48"/>
      </object_component>
      <object_component id="oc-3c9">
         <name>.debug_info</name>
         <load_address>0x6d41</load_address>
         <run_address>0x6d41</run_address>
         <size>0x188</size>
         <input_file_ref idref="fl-4a"/>
      </object_component>
      <object_component id="oc-311">
         <name>.debug_info</name>
         <load_address>0x6ec9</load_address>
         <run_address>0x6ec9</run_address>
         <size>0x538</size>
         <input_file_ref idref="fl-4b"/>
      </object_component>
      <object_component id="oc-2fb">
         <name>.debug_info</name>
         <load_address>0x7401</load_address>
         <run_address>0x7401</run_address>
         <size>0x23d</size>
         <input_file_ref idref="fl-4b"/>
      </object_component>
      <object_component id="oc-375">
         <name>.debug_info</name>
         <load_address>0x763e</load_address>
         <run_address>0x763e</run_address>
         <size>0x1a8</size>
         <input_file_ref idref="fl-4b"/>
      </object_component>
      <object_component id="oc-37b">
         <name>.debug_info</name>
         <load_address>0x77e6</load_address>
         <run_address>0x77e6</run_address>
         <size>0x27c</size>
         <input_file_ref idref="fl-4b"/>
      </object_component>
      <object_component id="oc-33d">
         <name>.debug_info</name>
         <load_address>0x7a62</load_address>
         <run_address>0x7a62</run_address>
         <size>0x240</size>
         <input_file_ref idref="fl-4b"/>
      </object_component>
      <object_component id="oc-3d5">
         <name>.debug_info</name>
         <load_address>0x7ca2</load_address>
         <run_address>0x7ca2</run_address>
         <size>0x3c0</size>
         <input_file_ref idref="fl-4b"/>
      </object_component>
      <object_component id="oc-3db">
         <name>.debug_info</name>
         <load_address>0x8062</load_address>
         <run_address>0x8062</run_address>
         <size>0x1b2</size>
         <input_file_ref idref="fl-4b"/>
      </object_component>
      <object_component id="oc-3e1">
         <name>.debug_info</name>
         <load_address>0x8214</load_address>
         <run_address>0x8214</run_address>
         <size>0x210</size>
         <input_file_ref idref="fl-4b"/>
      </object_component>
      <object_component id="oc-38d">
         <name>.debug_info</name>
         <load_address>0x8424</load_address>
         <run_address>0x8424</run_address>
         <size>0x262</size>
         <input_file_ref idref="fl-4b"/>
      </object_component>
      <object_component id="oc-3e7">
         <name>.debug_info</name>
         <load_address>0x8686</load_address>
         <run_address>0x8686</run_address>
         <size>0x3d7</size>
         <input_file_ref idref="fl-4b"/>
      </object_component>
      <object_component id="oc-3ed">
         <name>.debug_info</name>
         <load_address>0x8a5d</load_address>
         <run_address>0x8a5d</run_address>
         <size>0x1fb</size>
         <input_file_ref idref="fl-4b"/>
      </object_component>
      <object_component id="oc-393">
         <name>.debug_info</name>
         <load_address>0x8c58</load_address>
         <run_address>0x8c58</run_address>
         <size>0x227</size>
         <input_file_ref idref="fl-4b"/>
      </object_component>
      <object_component id="oc-399">
         <name>.debug_info</name>
         <load_address>0x8e7f</load_address>
         <run_address>0x8e7f</run_address>
         <size>0x36b</size>
         <input_file_ref idref="fl-4b"/>
      </object_component>
      <object_component id="oc-401">
         <name>.debug_info</name>
         <load_address>0x91ea</load_address>
         <run_address>0x91ea</run_address>
         <size>0x44e</size>
         <input_file_ref idref="fl-4b"/>
      </object_component>
      <object_component id="oc-39f">
         <name>.debug_info</name>
         <load_address>0x9638</load_address>
         <run_address>0x9638</run_address>
         <size>0x275</size>
         <input_file_ref idref="fl-4b"/>
      </object_component>
      <object_component id="oc-342">
         <name>.debug_info</name>
         <load_address>0x98ad</load_address>
         <run_address>0x98ad</run_address>
         <size>0x362</size>
         <input_file_ref idref="fl-4b"/>
      </object_component>
      <object_component id="oc-300">
         <name>.debug_info</name>
         <load_address>0x9c0f</load_address>
         <run_address>0x9c0f</run_address>
         <size>0x2fa</size>
         <input_file_ref idref="fl-4b"/>
      </object_component>
      <object_component id="oc-306">
         <name>.debug_info</name>
         <load_address>0x9f09</load_address>
         <run_address>0x9f09</run_address>
         <size>0x262</size>
         <input_file_ref idref="fl-4b"/>
      </object_component>
      <object_component id="oc-30c">
         <name>.debug_info</name>
         <load_address>0xa16b</load_address>
         <run_address>0xa16b</run_address>
         <size>0x25f</size>
         <input_file_ref idref="fl-4b"/>
      </object_component>
      <object_component id="oc-2a8">
         <name>.debug_info</name>
         <load_address>0xa3ca</load_address>
         <run_address>0xa3ca</run_address>
         <size>0x32f</size>
         <input_file_ref idref="fl-4b"/>
      </object_component>
      <object_component id="oc-312">
         <name>.debug_info</name>
         <load_address>0xa6f9</load_address>
         <run_address>0xa6f9</run_address>
         <size>0x86</size>
         <input_file_ref idref="fl-4b"/>
      </object_component>
      <object_component id="oc-35f">
         <name>.debug_info</name>
         <load_address>0xa77f</load_address>
         <run_address>0xa77f</run_address>
         <size>0x39</size>
         <input_file_ref idref="fl-4b"/>
      </object_component>
      <object_component id="oc-410">
         <name>.debug_info</name>
         <load_address>0xa7b8</load_address>
         <run_address>0xa7b8</run_address>
         <size>0x94</size>
         <input_file_ref idref="fl-4b"/>
      </object_component>
      <object_component id="oc-3b5">
         <name>.debug_info</name>
         <load_address>0xa84c</load_address>
         <run_address>0xa84c</run_address>
         <size>0x46</size>
         <input_file_ref idref="fl-4b"/>
      </object_component>
      <object_component id="oc-364">
         <name>.debug_info</name>
         <load_address>0xa892</load_address>
         <run_address>0xa892</run_address>
         <size>0x46</size>
         <input_file_ref idref="fl-4b"/>
      </object_component>
      <object_component id="oc-371">
         <name>.debug_info</name>
         <load_address>0xa8d8</load_address>
         <run_address>0xa8d8</run_address>
         <size>0x186</size>
         <input_file_ref idref="fl-4c"/>
      </object_component>
      <object_component id="oc-333">
         <name>.debug_info</name>
         <load_address>0xaa5e</load_address>
         <run_address>0xaa5e</run_address>
         <size>0x185</size>
         <input_file_ref idref="fl-4c"/>
      </object_component>
      <object_component id="oc-3be">
         <name>.debug_info</name>
         <load_address>0xabe3</load_address>
         <run_address>0xabe3</run_address>
         <size>0xee</size>
         <input_file_ref idref="fl-4d"/>
      </object_component>
      <object_component id="oc-36e">
         <name>.debug_info</name>
         <load_address>0xacd1</load_address>
         <run_address>0xacd1</run_address>
         <size>0xfa</size>
         <input_file_ref idref="fl-4d"/>
      </object_component>
      <object_component id="oc-47d">
         <name>.debug_info</name>
         <load_address>0xadcb</load_address>
         <run_address>0xadcb</run_address>
         <size>0x168</size>
         <input_file_ref idref="fl-4e"/>
      </object_component>
      <object_component id="oc-42e">
         <name>.debug_info</name>
         <load_address>0xaf33</load_address>
         <run_address>0xaf33</run_address>
         <size>0x1f6</size>
         <input_file_ref idref="fl-4e"/>
      </object_component>
      <object_component id="oc-3ab">
         <name>.debug_info</name>
         <load_address>0xb129</load_address>
         <run_address>0xb129</run_address>
         <size>0x163</size>
         <input_file_ref idref="fl-4f"/>
      </object_component>
      <object_component id="oc-347">
         <name>.debug_info</name>
         <load_address>0xb28c</load_address>
         <run_address>0xb28c</run_address>
         <size>0x1ab</size>
         <input_file_ref idref="fl-4f"/>
      </object_component>
      <object_component id="oc-36c">
         <name>.debug_info</name>
         <load_address>0xb437</load_address>
         <run_address>0xb437</run_address>
         <size>0x162</size>
         <input_file_ref idref="fl-50"/>
      </object_component>
      <object_component id="oc-32d">
         <name>.debug_info</name>
         <load_address>0xb599</load_address>
         <run_address>0xb599</run_address>
         <size>0x25a</size>
         <input_file_ref idref="fl-50"/>
      </object_component>
      <object_component id="oc-49d">
         <name>.debug_info</name>
         <load_address>0xb7f3</load_address>
         <run_address>0xb7f3</run_address>
         <size>0x167</size>
         <input_file_ref idref="fl-51"/>
      </object_component>
      <object_component id="oc-466">
         <name>.debug_info</name>
         <load_address>0xb95a</load_address>
         <run_address>0xb95a</run_address>
         <size>0x24d</size>
         <input_file_ref idref="fl-51"/>
      </object_component>
      <object_component id="oc-32b">
         <name>.debug_info</name>
         <load_address>0xbba7</load_address>
         <run_address>0xbba7</run_address>
         <size>0x157</size>
         <input_file_ref idref="fl-52"/>
      </object_component>
      <object_component id="oc-2f3">
         <name>.debug_info</name>
         <load_address>0xbcfe</load_address>
         <run_address>0xbcfe</run_address>
         <size>0x215</size>
         <input_file_ref idref="fl-52"/>
      </object_component>
      <object_component id="oc-3d0">
         <name>.debug_info</name>
[...]
         <name>__mspabi_slli_13</name>
         <value>0xc034</value>
         <object_component_ref idref="oc-a8"/>
      </symbol>
      <symbol id="sm-221">
         <name>__mspabi_slli_12</name>
         <value>0xc036</value>
         <object_component_ref idref="oc-a8"/>
      </symbol>
      <symbol id="sm-222">
         <name>__mspabi_slli_11</name>
         <value>0xc038</value>
         <object_component_ref idref="oc-a8"/>
      </symbol>
      <symbol id="sm-223">
         <name>__mspabi_slli_10</name>
         <value>0xc03a</value>
         <object_component_ref idref="oc-a8"/>
      </symbol>
      <symbol id="sm-233">
         <name>__mspabi_slll_9</name>
         <value>0xbe76</value>
         <object_component_ref idref="oc-153"/>
      </symbol>
      <symbol id="sm-234">
         <name>__mspabi_slll_8</name>
         <value>0xbe7a</value>
         <object_component_ref idref="oc-153"/>
      </symbol>
      <symbol id="sm-235">
         <name>__mspabi_slll_7</name>
         <value>0xbe7e</value>
         <object_component_ref idref="oc-153"/>
      </symbol>
      <symbol id="sm-236">
         <name>__mspabi_slll_6</name>
         <value>0xbe82</value>
         <object_component_ref idref="oc-153"/>
      </symbol>
      <symbol id="sm-237">
         <name>__mspabi_slll_5</name>
         <value>0xbe86</value>
         <object_component_ref idref="oc-153"/>
      </symbol>
      <symbol id="sm-238">
         <name>__mspabi_slll_4</name>
         <value>0xbe8a</value>
         <object_component_ref idref="oc-153"/>
      </symbol>
      <symbol id="sm-239">
         <name>__mspabi_slll_3</name>
         <value>0xbe8e</value>
         <object_component_ref idref="oc-153"/>
      </symbol>
      <symbol id="sm-23a">
         <name>__mspabi_slll_2</name>
         <value>0xbe92</value>
         <object_component_ref idref="oc-153"/>
      </symbol>
      <symbol id="sm-23b">
         <name>__mspabi_slll_1</name>
         <value>0xbe96</value>
         <object_component_ref idref="oc-153"/>
      </symbol>
      <symbol id="sm-23c">
         <name>__mspabi_slll</name>
         <value>0xc21a</value>
         <object_component_ref idref="oc-4b3"/>
      </symbol>
      <symbol id="sm-23d">
         <name>__mspabi_slll_15</name>
         <value>0xbe5e</value>
         <object_component_ref idref="oc-153"/>
      </symbol>
      <symbol id="sm-23e">
         <name>__mspabi_slll_14</name>
         <value>0xbe62</value>
         <object_component_ref idref="oc-153"/>
      </symbol>
      <symbol id="sm-23f">
         <name>__mspabi_slll_13</name>
         <value>0xbe66</value>
         <object_component_ref idref="oc-153"/>
      </symbol>
      <symbol id="sm-240">
         <name>__mspabi_slll_12</name>
         <value>0xbe6a</value>
         <object_component_ref idref="oc-153"/>
      </symbol>
      <symbol id="sm-241">
         <name>__mspabi_slll_11</name>
         <value>0xbe6e</value>
         <object_component_ref idref="oc-153"/>
      </symbol>
      <symbol id="sm-242">
         <name>__mspabi_slll_10</name>
         <value>0xbe72</value>
         <object_component_ref idref="oc-153"/>
      </symbol>
      <symbol id="sm-24a">
         <name>__mspabi_srli_8</name>
         <value>0xbca8</value>
         <object_component_ref idref="oc-ad"/>
      </symbol>
      <symbol id="sm-24b">
         <name>__mspabi_srli_9</name>
         <value>0xbca4</value>
         <object_component_ref idref="oc-ad"/>
      </symbol>
      <symbol id="sm-24c">
         <name>__mspabi_srli_6</name>
         <value>0xbcb0</value>
         <object_component_ref idref="oc-ad"/>
      </symbol>
      <symbol id="sm-24d">
         <name>__mspabi_srli_7</name>
         <value>0xbcac</value>
         <object_component_ref idref="oc-ad"/>
      </symbol>
      <symbol id="sm-24e">
         <name>__mspabi_srli_4</name>
         <value>0xbcb8</value>
         <object_component_ref idref="oc-ad"/>
      </symbol>
      <symbol id="sm-24f">
         <name>__mspabi_srli_5</name>
         <value>0xbcb4</value>
         <object_component_ref idref="oc-ad"/>
      </symbol>
      <symbol id="sm-250">
         <name>__mspabi_srli_2</name>
         <value>0xbcc0</value>
         <object_component_ref idref="oc-ad"/>
      </symbol>
      <symbol id="sm-251">
         <name>__mspabi_srli_3</name>
         <value>0xbcbc</value>
         <object_component_ref idref="oc-ad"/>
      </symbol>
      <symbol id="sm-252">
         <name>__mspabi_srli_1</name>
         <value>0xbcc4</value>
         <object_component_ref idref="oc-ad"/>
      </symbol>
      <symbol id="sm-253">
         <name>__mspabi_srli</name>
         <value>0xbc7e</value>
         <object_component_ref idref="oc-ad"/>
      </symbol>
      <symbol id="sm-254">
         <name>__mspabi_srli_15</name>
         <value>0xbc8c</value>
         <object_component_ref idref="oc-ad"/>
      </symbol>
      <symbol id="sm-255">
         <name>__mspabi_srli_14</name>
         <value>0xbc90</value>
         <object_component_ref idref="oc-ad"/>
      </symbol>
      <symbol id="sm-256">
         <name>__mspabi_srli_13</name>
         <value>0xbc94</value>
         <object_component_ref idref="oc-ad"/>
      </symbol>
      <symbol id="sm-257">
         <name>__mspabi_srli_12</name>
         <value>0xbc98</value>
         <object_component_ref idref="oc-ad"/>
      </symbol>
      <symbol id="sm-258">
         <name>__mspabi_srli_11</name>
         <value>0xbc9c</value>
         <object_component_ref idref="oc-ad"/>
      </symbol>
      <symbol id="sm-259">
         <name>__mspabi_srli_10</name>
         <value>0xbca0</value>
         <object_component_ref idref="oc-ad"/>
      </symbol>
      <symbol id="sm-269">
         <name>__mspabi_srll_8</name>
         <value>0xbb54</value>
         <object_component_ref idref="oc-278"/>
      </symbol>
      <symbol id="sm-26a">
         <name>__mspabi_srll_9</name>
         <value>0xbb4e</value>
         <object_component_ref idref="oc-278"/>
      </symbol>
      <symbol id="sm-26b">
         <name>__mspabi_srll_6</name>
         <value>0xbb60</value>
         <object_component_ref idref="oc-278"/>
      </symbol>
      <symbol id="sm-26c">
         <name>__mspabi_srll_7</name>
         <value>0xbb5a</value>
         <object_component_ref idref="oc-278"/>
      </symbol>
      <symbol id="sm-26d">
         <name>__mspabi_srll_4</name>
         <value>0xbb6c</value>
         <object_component_ref idref="oc-278"/>
      </symbol>
      <symbol id="sm-26e">
         <name>__mspabi_srll_5</name>
         <value>0xbb66</value>
         <object_component_ref idref="oc-278"/>
      </symbol>
      <symbol id="sm-26f">
         <name>__mspabi_srll_2</name>
         <value>0xbb78</value>
         <object_component_ref idref="oc-278"/>
      </symbol>
      <symbol id="sm-270">
         <name>__mspabi_srll_3</name>
         <value>0xbb72</value>
         <object_component_ref idref="oc-278"/>
      </symbol>
      <symbol id="sm-271">
         <name>__mspabi_srll_1</name>
         <value>0xbb7e</value>
         <object_component_ref idref="oc-278"/>
      </symbol>
      <symbol id="sm-272">
         <name>__mspabi_srll_15</name>
         <value>0xbb2a</value>
         <object_component_ref idref="oc-278"/>
      </symbol>
      <symbol id="sm-273">
         <name>__mspabi_srll_14</name>
         <value>0xbb30</value>
         <object_component_ref idref="oc-278"/>
      </symbol>
      <symbol id="sm-274">
         <name>__mspabi_srll_13</name>
         <value>0xbb36</value>
         <object_component_ref idref="oc-278"/>
      </symbol>
      <symbol id="sm-275">
         <name>__mspabi_srll_12</name>
         <value>0xbb3c</value>
         <object_component_ref idref="oc-278"/>
      </symbol>
      <symbol id="sm-276">
         <name>__mspabi_srll_11</name>
         <value>0xbb42</value>
         <object_component_ref idref="oc-278"/>
      </symbol>
      <symbol id="sm-277">
         <name>__mspabi_srll_10</name>
         <value>0xbb48</value>
         <object_component_ref idref="oc-278"/>
      </symbol>
      <symbol id="sm-278">
         <name>__mspabi_srll</name>
         <value>0xc1d6</value>
         <object_component_ref idref="oc-41d"/>
      </symbol>
      <symbol id="sm-288">
         <name>_stack</name>
         <value>0x5b0</value>
         <object_component_ref idref="oc-a4"/>
      </symbol>
      <symbol id="sm-289">
         <name>_c_int00_noargs</name>
         <value>0xc0c8</value>
         <object_component_ref idref="oc-fe"/>
      </symbol>
      <symbol id="sm-28a">
         <name>_reset_vector</name>
         <value>0xfffe</value>
         <object_component_ref idref="oc-a7"/>
      </symbol>
      <symbol id="sm-2ac">
         <name>__TI_auto_init_nobinit_nopinit</name>
         <value>0xbd9e</value>
         <object_component_ref idref="oc-1c8"/>
      </symbol>
      <symbol id="sm-2c4">
         <name>__TI_zero_init_nomemset</name>
         <value>0xc162</value>
         <object_component_ref idref="oc-ec"/>
      </symbol>
      <symbol id="sm-2cf">
         <name>_system_pre_init</name>
         <value>0xc278</value>
         <object_component_ref idref="oc-169"/>
      </symbol>
      <symbol id="sm-2d8">
         <name>_system_post_cinit</name>
         <value>0xc27c</value>
         <object_component_ref idref="oc-257"/>
      </symbol>
      <symbol id="sm-2ee">
         <name>__TI_decompress_none</name>
         <value>0xc1c4</value>
         <object_component_ref idref="oc-34"/>
      </symbol>
      <symbol id="sm-311">
         <name>__TI_decompress_lzss</name>
         <value>0xb95a</value>
         <object_component_ref idref="oc-2e"/>
      </symbol>
      <symbol id="sm-337">
         <name>__mspabi_divd</name>
         <value>0x9944</value>
         <object_component_ref idref="oc-208"/>
      </symbol>
      <symbol id="sm-34c">
         <name>__mspabi_fltuld</name>
         <value>0xb84c</value>
         <object_component_ref idref="oc-202"/>
      </symbol>
      <symbol id="sm-367">
         <name>__TI_frcdivd</name>
         <value>0x8000</value>
         <object_component_ref idref="oc-27f"/>
      </symbol>
      <symbol id="sm-37a">
         <name>__mspabi_cvtdf</name>
         <value>0xb7c0</value>
         <object_component_ref idref="oc-20e"/>
      </symbol>
      <symbol id="sm-384">
         <name>C$$EXIT</name>
         <value>0xc272</value>
         <object_component_ref idref="oc-1bc"/>
      </symbol>
      <symbol id="sm-385">
         <name>abort</name>
         <value>0xc272</value>
         <object_component_ref idref="oc-1bc"/>
      </symbol>
      <symbol id="sm-395">
         <name>memcpy</name>
         <value>0xc1e8</value>
         <object_component_ref idref="oc-c2"/>
      </symbol>
      <symbol id="sm-3b6">
         <name>vsprintf</name>
         <value>0xbf0e</value>
         <object_component_ref idref="oc-238"/>
      </symbol>
      <symbol id="sm-3c6">
         <name>__mspabi_sral</name>
         <value>0xc20a</value>
         <object_component_ref idref="oc-4b8"/>
      </symbol>
      <symbol id="sm-3c7">
         <name>__mspabi_sral_15</name>
         <value>0xbe20</value>
         <object_component_ref idref="oc-2e4"/>
      </symbol>
      <symbol id="sm-3c8">
         <name>__mspabi_sral_14</name>
         <value>0xbe24</value>
         <object_component_ref idref="oc-2e4"/>
      </symbol>
      <symbol id="sm-3c9">
         <name>__mspabi_sral_13</name>
         <value>0xbe28</value>
         <object_component_ref idref="oc-2e4"/>
      </symbol>
      <symbol id="sm-3ca">
         <name>__mspabi_sral_12</name>
         <value>0xbe2c</value>
         <object_component_ref idref="oc-2e4"/>
      </symbol>
      <symbol id="sm-3cb">
         <name>__mspabi_sral_11</name>
         <value>0xbe30</value>
         <object_component_ref idref="oc-2e4"/>
      </symbol>
      <symbol id="sm-3cc">
         <name>__mspabi_sral_10</name>
         <value>0xbe34</value>
         <object_component_ref idref="oc-2e4"/>
      </symbol>
      <symbol id="sm-3cd">
         <name>__mspabi_sral_8</name>
         <value>0xbe3c</value>
         <object_component_ref idref="oc-2e4"/>
      </symbol>
      <symbol id="sm-3ce">
         <name>__mspabi_sral_9</name>
         <value>0xbe38</value>
         <object_component_ref idref="oc-2e4"/>
      </symbol>
      <symbol id="sm-3cf">
         <name>__mspabi_sral_6</name>
         <value>0xbe44</value>
         <object_component_ref idref="oc-2e4"/>
      </symbol>
      <symbol id="sm-3d0">
         <name>__mspabi_sral_7</name>
         <value>0xbe40</value>
         <object_component_ref idref="oc-2e4"/>
      </symbol>
      <symbol id="sm-3d1">
         <name>__mspabi_sral_4</name>
         <value>0xbe4c</value>
         <object_component_ref idref="oc-2e4"/>
      </symbol>
      <symbol id="sm-3d2">
         <name>__mspabi_sral_5</name>
         <value>0xbe48</value>
         <object_component_ref idref="oc-2e4"/>
      </symbol>
      <symbol id="sm-3d3">
         <name>__mspabi_sral_2</name>
         <value>0xbe54</value>
         <object_component_ref idref="oc-2e4"/>
      </symbol>
      <symbol id="sm-3d4">
         <name>__mspabi_sral_3</name>
         <value>0xbe50</value>
         <object_component_ref idref="oc-2e4"/>
      </symbol>
      <symbol id="sm-3d5">
         <name>__mspabi_sral_1</name>
         <value>0xbe58</value>
         <object_component_ref idref="oc-2e4"/>
      </symbol>
      <symbol id="sm-3df">
         <name>__mspabi_mpyi_sw</name>
         <value>0xc18a</value>
         <object_component_ref idref="oc-2d0"/>
      </symbol>
      <symbol id="sm-3e0">
         <name>__mspabi_mpyi</name>
         <value>0xc18a</value>
         <object_component_ref idref="oc-2d0"/>
      </symbol>
      <symbol id="sm-3ea">
         <name>__mspabi_mpyl_sw</name>
         <value>0xc0a2</value>
         <object_component_ref idref="oc-2df"/>
      </symbol>
      <symbol id="sm-3eb">
         <name>__mspabi_mpyl</name>
         <value>0xc0a2</value>
         <object_component_ref idref="oc-2df"/>
      </symbol>
      <symbol id="sm-3f9">
         <name>__mspabi_srlll</name>
         <value>0xbd14</value>
         <object_component_ref idref="oc-3c8"/>
      </symbol>
      <symbol id="sm-5ca">
         <name>__TI_printfi</name>
         <value>0x8ad2</value>
         <object_component_ref idref="oc-2a6"/>
      </symbol>
      <symbol id="sm-5dd">
         <name>atoi</name>
         <value>0xbbde</value>
         <object_component_ref idref="oc-332"/>
      </symbol>
      <symbol id="sm-5e7">
         <name>_ctypes_</name>
         <value>0xc27e</value>
         <object_component_ref idref="oc-36d"/>
      </symbol>
      <symbol id="sm-5f6">
         <name>ltoa</name>
         <value>0xb8d6</value>
         <object_component_ref idref="oc-42d"/>
      </symbol>
      <symbol id="sm-605">
         <name>memccpy</name>
         <value>0xc118</value>
         <object_component_ref idref="oc-346"/>
      </symbol>
      <symbol id="sm-613">
         <name>memset</name>
         <value>0xc176</value>
         <object_component_ref idref="oc-32c"/>
      </symbol>
      <symbol id="sm-622">
         <name>strchr</name>
         <value>0xc132</value>
         <object_component_ref idref="oc-465"/>
      </symbol>
      <symbol id="sm-62f">
         <name>strlen</name>
         <value>0xc23a</value>
         <object_component_ref idref="oc-2f2"/>
      </symbol>
      <symbol id="sm-63c">
         <name>toupper</name>
         <value>0xc254</value>
         <object_component_ref idref="oc-37f"/>
      </symbol>
      <symbol id="sm-654">
         <name>wcslen</name>
         <value>0xc19e</value>
         <object_component_ref idref="oc-34e"/>
      </symbol>
      <symbol id="sm-670">
         <name>frexpl</name>
         <value>0xb3f2</value>
         <object_component_ref idref="oc-3f9"/>
      </symbol>
      <symbol id="sm-671">
         <name>frexp</name>
         <value>0xb3f2</value>
         <object_component_ref idref="oc-3f9"/>
      </symbol>
      <symbol id="sm-689">
         <name>scalbn</name>
         <value>0xa7ca</value>
         <object_component_ref idref="oc-45f"/>
      </symbol>
      <symbol id="sm-68a">
         <name>scalbnl</name>
         <value>0xa7ca</value>
         <object_component_ref idref="oc-45f"/>
      </symbol>
      <symbol id="sm-68b">
         <name>ldexpl</name>
         <value>0xa7ca</value>
         <object_component_ref idref="oc-45f"/>
      </symbol>
      <symbol id="sm-68c">
         <name>ldexp</name>
         <value>0xa7ca</value>
         <object_component_ref idref="oc-45f"/>
      </symbol>
      <symbol id="sm-695">
         <name>copysign</name>
         <value>0xbf70</value>
         <object_component_ref idref="oc-494"/>
      </symbol>
      <symbol id="sm-696">
         <name>copysignl</name>
         <value>0xbf70</value>
         <object_component_ref idref="oc-494"/>
      </symbol>
      <symbol id="sm-6a2">
         <name>__mspabi_remli</name>
         <value>0xbde0</value>
         <object_component_ref idref="oc-477"/>
      </symbol>
      <symbol id="sm-6a3">
         <name>__mspabi_divli</name>
         <value>0xbde0</value>
         <object_component_ref idref="oc-477"/>
      </symbol>
      <symbol id="sm-6d6">
         <name>__mspabi_divull</name>
         <value>0x8478</value>
         <object_component_ref idref="oc-3c2"/>
      </symbol>
      <symbol id="sm-6f8">
         <name>__mspabi_addd</name>
         <value>0x87d8</value>
         <object_component_ref idref="oc-480"/>
      </symbol>
      <symbol id="sm-712">
         <name>__mspabi_cmpd</name>
         <value>0xb0d0</value>
         <object_component_ref idref="oc-3a3"/>
      </symbol>
      <symbol id="sm-71f">
         <name>__mspabi_fixdi</name>
         <value>0xc07a</value>
         <object_component_ref idref="oc-43f"/>
      </symbol>
      <symbol id="sm-72e">
         <name>__mspabi_fixdli</name>
         <value>0xba50</value>
         <object_component_ref idref="oc-427"/>
      </symbol>
      <symbol id="sm-737">
         <name>__mspabi_fltid</name>
         <value>0xc248</value>
         <object_component_ref idref="oc-46b"/>
      </symbol>
      <symbol id="sm-74e">
         <name>__mspabi_fltlid</name>
         <value>0xb4a2</value>
         <object_component_ref idref="oc-433"/>
      </symbol>
      <symbol id="sm-76f">
         <name>__TI_frcaddd</name>
         <value>0x924e</value>
         <object_component_ref idref="oc-4a4"/>
      </symbol>
      <symbol id="sm-791">
         <name>__mspabi_mpyd</name>
         <value>0x8fe0</value>
         <object_component_ref idref="oc-3f2"/>
      </symbol>
      <symbol id="sm-79a">
         <name>__mspabi_negd</name>
         <value>0xc050</value>
         <object_component_ref idref="oc-385"/>
      </symbol>
      <symbol id="sm-7ad">
         <name>__TI_renormd</name>
         <value>0xb334</value>
         <object_component_ref idref="oc-4bd"/>
      </symbol>
      <symbol id="sm-7b6">
         <name>__mspabi_subd</name>
         <value>0xbf42</value>
         <object_component_ref idref="oc-439"/>
      </symbol>
      <symbol id="sm-7bd">
         <name>errno</name>
         <value>0x2b0</value>
         <object_component_ref idref="oc-354"/>
      </symbol>
      <symbol id="sm-7c7">
         <name>abs</name>
         <value>0xc260</value>
         <object_component_ref idref="oc-446"/>
      </symbol>
      <symbol id="sm-7d4">
         <name>__mspabi_sllll</name>
         <value>0xbd5a</value>
         <object_component_ref idref="oc-417"/>
      </symbol>
      <symbol id="sm-7e4">
         <name>__TI_frcmpyd</name>
         <value>0x8d5a</value>
         <object_component_ref idref="oc-450"/>
      </symbol>
   </symbol_table>
   <title>Link successful</title>
</link_info>
